Archive member included because of file (symbol)

calypso/libcalypso.a(clock.o)
                              apps/layer1/main.o (calypso_clk_dump)
calypso/libcalypso.a(dma.o)   board/compal_e88/init.o (dma_init)
calypso/libcalypso.a(i2c.o)   fb/fb_st7558.o (i2c_write)
calypso/libcalypso.a(irq.o)   abb/twl3025.o (irq_enable)
calypso/libcalypso.a(rtc.o)   board/compal_e88/init.o (rtc_init)
calypso/libcalypso.a(sim.o)   apps/layer1/main.o (sim_handler)
calypso/libcalypso.a(spi.o)   abb/twl3025.o (spi_init)
calypso/libcalypso.a(tpu.o)   apps/layer1/main.o (tpu_enable)
calypso/libcalypso.a(tsp.o)   abb/twl3025.o (tsp_write)
calypso/libcalypso.a(keypad.o)
                              board/compal_e88/init.o (keypad_init)
calypso/libcalypso.a(misc.o)  apps/layer1/main.o (dump_dev_id)
calypso/libcalypso.a(timer.o)
                              board/compal_e88/init.o (hwtimer_init)
calypso/libcalypso.a(backlight.o)
                              board/compal_e88/init.o (bl_mode_pwl)
calypso/libcalypso.a(uart.o)  board/compal_e88/init.o (uart_init)
calypso/libcalypso.a(arm.o)   calypso/libcalypso.a(irq.o) (arm_enable_interrupts)
layer1/liblayer1.a(init.o)    apps/layer1/main.o (layer1_init)
layer1/liblayer1.a(l23_api.o)
                              calypso/libcalypso.a(sim.o) (l1_queue_for_l2)
layer1/liblayer1.a(mframe_sched.o)
                              layer1/liblayer1.a(l23_api.o) (mframe_enable)
layer1/liblayer1.a(sched_gsmtime.o)
                              layer1/liblayer1.a(l23_api.o) (sched_gsmtime_reset)
layer1/liblayer1.a(async.o)   layer1/liblayer1.a(l23_api.o) (l1a_txq_msgb_enq)
layer1/liblayer1.a(trx_dummy.o)
                              layer1/liblayer1.a(l23_api.o) (trx_put_burst)
layer1/liblayer1.a(prim_pm.o)
                              layer1/liblayer1.a(l23_api.o) (l1s_pm_test)
layer1/liblayer1.a(prim_rach.o)
                              layer1/liblayer1.a(l23_api.o) (l1a_rach_req)
layer1/liblayer1.a(prim_tx_nb.o)
                              layer1/liblayer1.a(mframe_sched.o) (nb_sched_set_ul)
layer1/liblayer1.a(prim_rx_nb.o)
                              layer1/liblayer1.a(mframe_sched.o) (nb_sched_set)
layer1/liblayer1.a(prim_fbsb.o)
                              layer1/liblayer1.a(l23_api.o) (l1s_fbsb_req)
layer1/liblayer1.a(prim_freq.o)
                              layer1/liblayer1.a(l23_api.o) (l1a_freq_req)
layer1/liblayer1.a(prim_utils.o)
                              layer1/liblayer1.a(prim_tx_nb.o) (pu_get_idle_frame)
layer1/liblayer1.a(prim_tch.o)
                              layer1/liblayer1.a(mframe_sched.o) (tch_sched_set)
layer1/liblayer1.a(prim_bts.o)
                              layer1/liblayer1.a(mframe_sched.o) (bts_sched_set)
layer1/liblayer1.a(prim_bts_sync.o)
                              layer1/liblayer1.a(mframe_sched.o) (bts_sync_sched_set)
layer1/liblayer1.a(agc.o)     layer1/liblayer1.a(prim_pm.o) (agc_inp_dbm8_by_pm)
layer1/liblayer1.a(afc.o)     layer1/liblayer1.a(prim_fbsb.o) (afc_correct)
layer1/liblayer1.a(toa.o)     layer1/liblayer1.a(prim_rx_nb.o) (toa_input)
layer1/liblayer1.a(sync.o)    layer1/liblayer1.a(prim_fbsb.o) (l1s_time_inc)
layer1/liblayer1.a(tdma_sched.o)
                              layer1/liblayer1.a(prim_pm.o) (tdma_end_set)
layer1/liblayer1.a(tpu_window.o)
                              layer1/liblayer1.a(sync.o) (l1s_win_init)
layer1/liblayer1.a(rfch.o)    layer1/liblayer1.a(prim_tx_nb.o) (rfch_get_params)
layer1/liblayer1.a(apc.o)     layer1/liblayer1.a(sync.o) (apc_tx_pwrlvl2auxapc)
layer1/liblayer1.a(avg.o)     layer1/liblayer1.a(afc.o) (runavg_input)
lib/libmini.a(vsprintf.o)     apps/layer1/main.o (puts)
lib/libmini.a(string.o)       lib/libmini.a(vsprintf.o) (strnlen)
lib/libmini.a(ctype.o)        lib/libmini.a(vsprintf.o) (_ctype)
lib/libmini.a(printf.o)       apps/layer1/main.o (printf)
lib/libmini.a(console.o)      board/compal_e88/init.o (cons_bind_uart)
lib/libmini.a(ctors.o)        board/compal/start.ram.o (do_global_ctors)
lib/libmini.a(delay.o)        calypso/libcalypso.a(tpu.o) (delay_us)
lib/libmini.a(div64.o)        lib/libmini.a(vsprintf.o) (__do_div64)
lib/libmini.a(lib1funcs.o)    rf/trf6151.o (__udivsi3)
lib/libmini.a(memcpy.o)       calypso/libcalypso.a(sim.o) (memcpy)
lib/libmini.a(memset.o)       apps/layer1/main.o (memset)
comm/libcomm.a(sercomm.o)     layer1/liblayer1.a(l23_api.o) (sercomm_sendmsg)
comm/libcomm.a(sercomm_cons.o)
                              lib/libmini.a(vsprintf.o) (sercomm_puts)
comm/libcomm.a(timer.o)       calypso/libcalypso.a(keypad.o) (jiffies)
../../shared/libosmocore/build-target/src/.libs/libosmocore.a(msgb.o)
                              calypso/libcalypso.a(sim.o) (msgb_alloc)
../../shared/libosmocore/build-target/src/.libs/libosmocore.a(utils.o)
                              calypso/libcalypso.a(sim.o) (osmo_hexdump)
../../shared/libosmocore/build-target/src/.libs/libosmocore.a(panic.o)
                              calypso/libcalypso.a(sim.o) (osmo_panic)
[...]
Memory Configuration

Name             Origin             Length             Attributes
XRAM             0x0000000000800000 0x0000000000020000 rw
RAM              0x0000000000820000 0x0000000000030000 rw
*default*        0x0000000000000000 0xffffffffffffffff

Linker script and memory map

                0x0000000000820000                . = 0x820000

.text.start     0x0000000000820000       0x6c
                0x0000000000820000                PROVIDE (_start, .)
 *(.text.start)
 .text.start    0x0000000000820000       0x6c board/compal/start.ram.o
                0x0000000000820000                _start
 *(.text.start)

.text.exceptions
                0x000000000080001c       0x1c load address 0x000000000082006c
 *(.text.exceptions)
 .text.exceptions
                0x000000000080001c       0x1c board/compal/exceptions_redirected.o
 *(.text.exceptions)
                0x0000000000800038                . = ALIGN (0x4)
                0x000000000082006c                PROVIDE (_exceptions, LOADADDR (.text.exceptions))
                0x0000000000800038                . = ALIGN (0x4)

.text           0x0000000000820088     0xc2e0
 *(.text*)
 .text.tspact_toggle
                0x0000000000820088       0x44 apps/layer1/main.o
 .text.key_handler
                0x00000000008200cc       0xc4 apps/layer1/main.o
 .text.main     0x0000000000820190      0x178 apps/layer1/main.o
                0x0000000000820190                main
 .text.tpu_enq_at
                0x0000000000820308       0x34 abb/twl3025.o
 .text.tpu_enq_wait
                0x000000000082033c       0x14 abb/twl3025.o
 .text.twl3025_wait_ibic_access
                0x0000000000820350        0x8 abb/twl3025.o
 .text.twl3025_reg_write
                0x0000000000820358       0x58 abb/twl3025.o
                0x0000000000820358                twl3025_reg_write
 .text.twl3025_switch_page
                0x00000000008203b0       0x2c abb/twl3025.o
 .text.twl3025_tsp_write
                0x00000000008203dc       0x10 abb/twl3025.o
                0x00000000008203dc                twl3025_tsp_write
 .text.twl3025_reg_read
                0x00000000008203ec       0x74 abb/twl3025.o
                0x00000000008203ec                twl3025_reg_read
 .text.twl3025_power_off
                0x0000000000820460       0x30 abb/twl3025.o
                0x0000000000820460                twl3025_power_off
 .text.twl3025_irq
                0x0000000000820490       0x48 abb/twl3025.o
 .text.twl3025_clk13m
                0x00000000008204d8       0x38 abb/twl3025.o
                0x00000000008204d8                twl3025_clk13m
 .text.twl3025_downlink
                0x0000000000820510       0x98 abb/twl3025.o
                0x0000000000820510                twl3025_downlink
 .text.twl3025_uplink
                0x00000000008205a8       0xac abb/twl3025.o
                0x00000000008205a8                twl3025_uplink
 .text.twl3025_afc_set
                0x0000000000820654       0x64 abb/twl3025.o
                0x0000000000820654                twl3025_afc_set
 .text.twl3025_unit_enable
                0x00000000008206b8       0x6c abb/twl3025.o
                0x00000000008206b8                twl3025_unit_enable
 .text.twl3025_init
                0x0000000000820724       0x8c abb/twl3025.o
                0x0000000000820724                twl3025_init
 .text.twl3025_afcout_get
                0x00000000008207b0       0x14 abb/twl3025.o
                0x00000000008207b0                twl3025_afcout_get
 .text.tpu_enq_at
                0x00000000008207c4       0x34 rf/trf6151.o
 .text.tpu_enq_wait
                0x00000000008207f8       0x14 rf/trf6151.o
 .text.trf6151_reg_write
                0x000000000082080c       0x38 rf/trf6151.o
 .text.trf6151_set_gain_reg
                0x0000000000820844       0x64 rf/trf6151.o
                0x0000000000820844                trf6151_set_gain_reg
 .text.trf6151_set_gain
                0x00000000008208a8       0x74 rf/trf6151.o
                0x00000000008208a8                trf6151_set_gain
 .text.trf6151_power
                0x000000000082091c       0x64 rf/trf6151.o
                0x000000000082091c                trf6151_power
 .text.trf6151_init
                0x0000000000820980       0x5c rf/trf6151.o
                0x0000000000820980                trf6151_init
 .text.trf6151_set_mode
                0x00000000008209dc       0x34 rf/trf6151.o
                0x00000000008209dc                trf6151_set_mode
 .text.trf6151_set_arfcn
                0x0000000000820a10      0x21c rf/trf6151.o
                0x0000000000820a10                trf6151_set_arfcn
 .text.trf6151_get_gain
                0x0000000000820c2c       0x28 rf/trf6151.o
                0x0000000000820c2c                trf6151_get_gain
 .text.trf6151_rx_window
                0x0000000000820c54       0x54 rf/trf6151.o
                0x0000000000820c54                trf6151_rx_window
 .text.trf6151_tx_window
                0x0000000000820ca8       0x44 rf/trf6151.o
                0x0000000000820ca8                trf6151_tx_window
 .text.trf6151_compute_gain
                0x0000000000820cec       0x28 rf/trf6151.o
                0x0000000000820cec                trf6151_compute_gain
 .text.trf6151_iq_swapped
                0x0000000000820d14       0x30 rf/trf6151.o
                0x0000000000820d14                trf6151_iq_swapped
 .text          0x0000000000820d44       0xfc board/common/calypso_uart.o
                0x0000000000820d50                phex
                0x0000000000820d84                puts_asm
                0x0000000000820dc0                putchar_asm
                0x0000000000820dd0                memdump_asm
 .text.rffe_mode
                0x0000000000820e40       0x44 board/compal/rffe_dualband.o
                0x0000000000820e40                rffe_mode
 .text.rffe_get_rx_ports
                0x0000000000820e84        0x8 board/compal/rffe_dualband.o
                0x0000000000820e84                rffe_get_rx_ports
 .text.rffe_iq_swapped
                0x0000000000820e8c        0xc board/compal/rffe_dualband.o
                0x0000000000820e8c                rffe_iq_swapped
 .text.rffe_init
                0x0000000000820e98       0x54 board/compal/rffe_dualband.o
                0x0000000000820e98                rffe_init
 .text.rffe_get_gain
                0x0000000000820eec        0x4 board/compal/rffe_dualband.o
                0x0000000000820eec                rffe_get_gain
 .text.rffe_set_gain
                0x0000000000820ef0        0x8 board/compal/rffe_dualband.o
                0x0000000000820ef0                rffe_set_gain
 .text.rffe_compute_gain
                0x0000000000820ef8       0x14 board/compal/rffe_dualband.o
                0x0000000000820ef8                rffe_compute_gain
 .text.board_init
                0x0000000000820f0c      0x1c4 board/compal_e88/init.o
                0x0000000000820f0c                board_init
 .text.bat_compal_e88_goto_state
                0x00000000008210d0      0x134 battery/compal_e88.o
 .text.battery_compal_e88_timer_cb
                0x0000000000821204      0x3b4 battery/compal_e88.o
 .text.battery_compal_e88_init
                0x00000000008215b8       0x30 battery/compal_e88.o
                0x00000000008215b8                battery_compal_e88_init
 .text.fb_font_get_char
                0x00000000008215e8       0x58 fb/font.o
                0x00000000008215e8                fb_font_get_char
 .text.fb_limit_fb_range
                0x0000000000821640       0x38 fb/fb_bw8.o
 .text.fb_bw8_update_damage
                0x0000000000821678       0xf0 fb/fb_bw8.o
 .text.set_fg_pixel
                0x0000000000821768       0x48 fb/fb_bw8.o
 .text.fb_bw8_clear
                0x00000000008217b0       0x80 fb/fb_bw8.o
                0x00000000008217b0                fb_bw8_clear
 .text.fb_bw8_lineto
                0x0000000000821830       0x60 fb/fb_bw8.o
                0x0000000000821830                fb_bw8_lineto
 .text.fb_bw8_boxto
                0x0000000000821890      0x204 fb/fb_bw8.o
                0x0000000000821890                fb_bw8_boxto
 .text.fb_bw8_putstr
                0x0000000000821a94      0x384 fb/fb_bw8.o
                0x0000000000821a94                fb_bw8_putstr
 .text.fb_st7558_flush
                0x0000000000821e18      0x104 fb/fb_st7558.o
 .text.fb_st7558_init
                0x0000000000821f1c       0x40 fb/fb_st7558.o
 .text          0x0000000000821f5c       0x90 board/compal/handlers.o
                0x0000000000821f5c                handle_abort
                0x0000000000821f9c                irq_entry
                0x0000000000821fc4                fiq_entry
 .text.dump_reg16
                0x0000000000821fec       0x10 calypso/libcalypso.a(clock.o)
 .text.calypso_clk_dump
                0x0000000000821ffc       0x6c calypso/libcalypso.a(clock.o)
                0x0000000000821ffc                calypso_clk_dump
 .text.calypso_pll_set
                0x0000000000822068       0x34 calypso/libcalypso.a(clock.o)
                0x0000000000822068                calypso_pll_set
 .text.calypso_reset_set
                0x000000000082209c       0x28 calypso/libcalypso.a(clock.o)
                0x000000000082209c                calypso_reset_set
 .text.calypso_clock_set
                0x00000000008220c4       0x70 calypso/libcalypso.a(clock.o)
                0x00000000008220c4                calypso_clock_set
 .text.calypso_mem_cfg
                0x0000000000822134       0x24 calypso/libcalypso.a(clock.o)
                0x0000000000822134                calypso_mem_cfg
 .text.calypso_bootrom
                0x0000000000822158       0x20 calypso/libcalypso.a(clock.o)
                0x0000000000822158                calypso_bootrom
 .text.calypso_rhea_cfg
                0x0000000000822178       0x4c calypso/libcalypso.a(clock.o)
                0x0000000000822178                calypso_rhea_cfg
 .text.dma_init
                0x00000000008221c4       0x10 calypso/libcalypso.a(dma.o)
                0x00000000008221c4                dma_init
 .text.i2c_write
                0x00000000008221d4       0x78 calypso/libcalypso.a(i2c.o)
                0x00000000008221d4                i2c_write
 .text.i2c_init
                0x000000000082224c       0x2c calypso/libcalypso.a(i2c.o)
                0x000000000082224c                i2c_init
 .text._irq_enable
                0x0000000000822278       0x40 calypso/libcalypso.a(irq.o)
 .text.irq_enable
                0x00000000008222b8        0x8 calypso/libcalypso.a(irq.o)
                0x00000000008222b8                irq_enable
 .text.irq_disable
                0x00000000008222c0        0x8 calypso/libcalypso.a(irq.o)
                0x00000000008222c0                irq_disable
 .text.irq_config
                0x00000000008222c8       0x48 calypso/libcalypso.a(irq.o)
                0x00000000008222c8                irq_config
 .text.irq      0x0000000000822310       0x3c calypso/libcalypso.a(irq.o)
                0x0000000000822310                irq
 .text.fiq      0x000000000082234c       0x3c calypso/libcalypso.a(irq.o)
                0x000000000082234c                fiq
 .text.irq_register_handler
                0x0000000000822388       0x14 calypso/libcalypso.a(irq.o)
                0x0000000000822388                irq_register_handler
 .text.calypso_exceptions_install
                0x000000000082239c       0x34 calypso/libcalypso.a(irq.o)
                0x000000000082239c                calypso_exceptions_install
 .text.irq_init
                0x00000000008223d0       0x5c calypso/libcalypso.a(irq.o)
                0x00000000008223d0                irq_init
 .text.rtc_irq_tick
                0x000000000082242c       0x18 calypso/libcalypso.a(rtc.o)
 .text.rtc_init
                0x0000000000822444       0x54 calypso/libcalypso.a(rtc.o)
                0x0000000000822444                rtc_init
 .text.sim_irq_handler
                0x0000000000822498       0xf0 calypso/libcalypso.a(sim.o)
                0x0000000000822498                sim_irq_handler
 .text.calypso_sim_receive
                0x0000000000822588       0x48 calypso/libcalypso.a(sim.o)
                0x0000000000822588                calypso_sim_receive
 .text.calypso_sim_transmit
                0x00000000008225d0       0x54 calypso/libcalypso.a(sim.o)
                0x00000000008225d0                calypso_sim_transmit
 .text.sim_apdu
                0x0000000000822624       0x48 calypso/libcalypso.a(sim.o)
                0x0000000000822624                sim_apdu
 .text.sim_handler
                0x000000000082266c      0x49c calypso/libcalypso.a(sim.o)
                0x000000000082266c                sim_handler
 .text.calypso_sim_init
                0x0000000000822b08       0x34 calypso/libcalypso.a(sim.o)
                0x0000000000822b08                calypso_sim_init
 .text.calypso_sim_powerup
                0x0000000000822b3c       0x70 calypso/libcalypso.a(sim.o)
                0x0000000000822b3c                calypso_sim_powerup
 .text.calypso_sim_powerdown
                0x0000000000822bac       0x60 calypso/libcalypso.a(sim.o)
                0x0000000000822bac                calypso_sim_powerdown
 .text.spi_init
                0x0000000000822c0c       0x1c calypso/libcalypso.a(spi.o)
                0x0000000000822c0c                spi_init
 .text.spi_xfer
                0x0000000000822c28      0x100 calypso/libcalypso.a(spi.o)
                0x0000000000822c28                spi_xfer
 .text.tpu_wait_ctrl_bit
                0x0000000000822d28       0x60 calypso/libcalypso.a(tpu.o)
 .text.tpu_reset
                0x0000000000822d88       0x2c calypso/libcalypso.a(tpu.o)
                0x0000000000822d88                tpu_reset
 .text.tpu_enable
                0x0000000000822db4       0x34 calypso/libcalypso.a(tpu.o)
                0x0000000000822db4                tpu_enable
 .text.tpu_clk_enable
                0x0000000000822de8       0x2c calypso/libcalypso.a(tpu.o)
                0x0000000000822de8                tpu_clk_enable
 .text.tpu_dsp_frameirq_enable
                0x0000000000822e14       0x1c calypso/libcalypso.a(tpu.o)
                0x0000000000822e14                tpu_dsp_frameirq_enable
 .text.tpu_rewind
                0x0000000000822e30       0x18 calypso/libcalypso.a(tpu.o)
                0x0000000000822e30                tpu_rewind
 .text.tpu_enqueue
                0x0000000000822e48       0x28 calypso/libcalypso.a(tpu.o)
                0x0000000000822e48                tpu_enqueue
 .text.tpu_init
                0x0000000000822e70       0x64 calypso/libcalypso.a(tpu.o)
                0x0000000000822e70                tpu_init
 .text.tpu_wait_idle
                0x0000000000822ed4       0x20 calypso/libcalypso.a(tpu.o)
                0x0000000000822ed4                tpu_wait_idle
 .text.tpu_frame_irq_en
                0x0000000000822ef4       0x30 calypso/libcalypso.a(tpu.o)
                0x0000000000822ef4                tpu_frame_irq_en
 .text.add_mod5000
                0x0000000000822f24       0x38 calypso/libcalypso.a(tpu.o)
                0x0000000000822f24                add_mod5000
 .text.tpu_enq_move
                0x0000000000822f5c       0x1c calypso/libcalypso.a(tsp.o)
 .text.tsp_write
                0x0000000000822f78       0xcc calypso/libcalypso.a(tsp.o)
                0x0000000000822f78                tsp_write
 .text.tsp_setup
                0x0000000000823044       0x40 calypso/libcalypso.a(tsp.o)
                0x0000000000823044                tsp_setup
 .text.tsp_act_update
                0x0000000000823084       0x50 calypso/libcalypso.a(tsp.o)
                0x0000000000823084                tsp_act_update
 .text.tsp_act_enable
                0x00000000008230d4       0x1c calypso/libcalypso.a(tsp.o)
                0x00000000008230d4                tsp_act_enable
 .text.tsp_act_disable
                0x00000000008230f0       0x14 calypso/libcalypso.a(tsp.o)
                0x00000000008230f0                tsp_act_disable
 .text.tsp_act_state
                0x0000000000823104       0x10 calypso/libcalypso.a(tsp.o)
                0x0000000000823104                tsp_act_state
 .text.tsp_act_toggle
                0x0000000000823114       0x1c calypso/libcalypso.a(tsp.o)
                0x0000000000823114                tsp_act_toggle
 .text.tsp_init
                0x0000000000823130        0x8 calypso/libcalypso.a(tsp.o)
                0x0000000000823130                tsp_init
 .text.keypad_irq
                0x0000000000823138       0x18 calypso/libcalypso.a(keypad.o)
 .text.emit_key
                0x0000000000823150       0x58 calypso/libcalypso.a(keypad.o)
                0x0000000000823150                emit_key
 .text.dispatch_buttons
                0x00000000008231a8       0xc4 calypso/libcalypso.a(keypad.o)
                0x00000000008231a8                dispatch_buttons
 .text.keypad_init
                0x000000000082326c       0x6c calypso/libcalypso.a(keypad.o)
                0x000000000082326c                keypad_init
 .text.keypad_set_handler
                0x00000000008232d8       0x10 calypso/libcalypso.a(keypad.o)
                0x00000000008232d8                keypad_set_handler
 .text.keypad_poll
                0x00000000008232e8      0x174 calypso/libcalypso.a(keypad.o)
                0x00000000008232e8                keypad_poll
 .text.dump_dev_id
                0x000000000082345c       0x8c calypso/libcalypso.a(misc.o)
                0x000000000082345c                dump_dev_id
 .text.hwtimer_enable
                0x00000000008234e8       0x68 calypso/libcalypso.a(timer.o)
                0x00000000008234e8                hwtimer_enable
 .text.hwtimer_config
                0x0000000000823550       0x34 calypso/libcalypso.a(timer.o)
                0x0000000000823550                hwtimer_config
 .text.hwtimer_load
                0x0000000000823584       0x28 calypso/libcalypso.a(timer.o)
                0x0000000000823584                hwtimer_load
 .text.hwtimer_read
                0x00000000008235ac       0x54 calypso/libcalypso.a(timer.o)
                0x00000000008235ac                hwtimer_read
 .text.hwtimer_init
                0x0000000000823600       0x1c calypso/libcalypso.a(timer.o)
                0x0000000000823600                hwtimer_init
 .text.bl_mode_pwl
                0x000000000082361c       0x3c calypso/libcalypso.a(backlight.o)
                0x000000000082361c                bl_mode_pwl
 .text.bl_level
                0x0000000000823658       0x34 calypso/libcalypso.a(backlight.o)
                0x0000000000823658                bl_level
 .text.uart_set_lcr7bit
                0x000000000082368c       0x2c calypso/libcalypso.a(uart.o)
 .text.uart_set_lcr_bf
                0x00000000008236b8       0x38 calypso/libcalypso.a(uart.o)
 .text.uart_set_mcr6bit
                0x00000000008236f0       0x2c calypso/libcalypso.a(uart.o)
 .text.uart_reg_write
                0x000000000082371c       0xa0 calypso/libcalypso.a(uart.o)
 .text.uart_reg_read
                0x00000000008237bc       0xa0 calypso/libcalypso.a(uart.o)
 .text.uart_irq_handler_cons
                0x000000000082385c       0x5c calypso/libcalypso.a(uart.o)
 .text.uart_irq_enable
                0x00000000008238b8       0x50 calypso/libcalypso.a(uart.o)
                0x00000000008238b8                uart_irq_enable
 .text.uart_init
                0x0000000000823908      0x188 calypso/libcalypso.a(uart.o)
                0x0000000000823908                uart_init
 .text.uart_putchar_wait
                0x0000000000823a90       0x30 calypso/libcalypso.a(uart.o)
                0x0000000000823a90                uart_putchar_wait
 .text.uart_putchar_nb
                0x0000000000823ac0       0x30 calypso/libcalypso.a(uart.o)
                0x0000000000823ac0                uart_putchar_nb
 .text.uart_getchar_nb
                0x0000000000823af0       0x88 calypso/libcalypso.a(uart.o)
                0x0000000000823af0                uart_getchar_nb
 .text.uart_tx_busy
                0x0000000000823b78       0x20 calypso/libcalypso.a(uart.o)
                0x0000000000823b78                uart_tx_busy
 .text.uart_irq_handler_sercomm
                0x0000000000823b98      0x124 calypso/libcalypso.a(uart.o)
 .text.uart_baudrate
                0x0000000000823cbc       0x68 calypso/libcalypso.a(uart.o)
                0x0000000000823cbc                uart_baudrate
 .text.arm_enable_interrupts
                0x0000000000823d24       0x10 calypso/libcalypso.a(arm.o)
                0x0000000000823d24                arm_enable_interrupts
 .text.layer1_init
                0x0000000000823d34       0x50 layer1/liblayer1.a(init.o)
                0x0000000000823d34                layer1_init
 .text.__fswab32
                0x0000000000823d84       0x14 layer1/liblayer1.a(l23_api.o)
 .text.audio_set_enabled
                0x0000000000823d98       0x4c layer1/liblayer1.a(l23_api.o)
 .text.msgb_put
                0x0000000000823de4       0x58 layer1/liblayer1.a(l23_api.o)
 .text.l1a_l23_rx
                0x0000000000823e3c       0x24 layer1/liblayer1.a(l23_api.o)
                0x0000000000823e3c                l1a_l23_rx
 .text.l1_queue_for_l2
                0x0000000000823e60       0x34 layer1/liblayer1.a(l23_api.o)
                0x0000000000823e60                l1_queue_for_l2
 .text.l1ctl_msgb_alloc
                0x0000000000823e94       0x68 layer1/liblayer1.a(l23_api.o)
                0x0000000000823e94                l1ctl_msgb_alloc
 .text.l1_create_l2_msg
                0x0000000000823efc       0x74 layer1/liblayer1.a(l23_api.o)
                0x0000000000823efc                l1_create_l2_msg
 .text.l1ctl_tx_reset
                0x0000000000823f70       0x2c layer1/liblayer1.a(l23_api.o)
                0x0000000000823f70                l1ctl_tx_reset
 .text.l1a_l23_handler
                0x0000000000823f9c      0xc48 layer1/liblayer1.a(l23_api.o)
                0x0000000000823f9c                l1a_l23_handler
 .text.l1a_l23api_init
                0x0000000000824be4       0x10 layer1/liblayer1.a(l23_api.o)
                0x0000000000824be4                l1a_l23api_init
 .text.mframe_task2chan_nr
                0x0000000000824bf4      0x120 layer1/liblayer1.a(mframe_sched.o)
                0x0000000000824bf4                mframe_task2chan_nr
 .text.mframe_enable
                0x0000000000824d14       0x1c layer1/liblayer1.a(mframe_sched.o)
                0x0000000000824d14                mframe_enable
 .text.mframe_disable
                0x0000000000824d30       0x1c layer1/liblayer1.a(mframe_sched.o)
                0x0000000000824d30                mframe_disable
 .text.mframe_set
                0x0000000000824d4c       0x10 layer1/liblayer1.a(mframe_sched.o)
                0x0000000000824d4c                mframe_set
 .text.mframe_schedule
                0x0000000000824d5c      0x120 layer1/liblayer1.a(mframe_sched.o)
                0x0000000000824d5c                mframe_schedule
 .text.mframe_reset
                0x0000000000824e7c       0x20 layer1/liblayer1.a(mframe_sched.o)
                0x0000000000824e7c                mframe_reset
 .text.sched_gsmtime
                0x0000000000824e9c       0xa8 layer1/liblayer1.a(sched_gsmtime.o)
                0x0000000000824e9c                sched_gsmtime
 .text.sched_gsmtime_execute
                0x0000000000824f44       0x84 layer1/liblayer1.a(sched_gsmtime.o)
                0x0000000000824f44                sched_gsmtime_execute
 .text.sched_gsmtime_init
                0x0000000000824fc8       0x50 layer1/liblayer1.a(sched_gsmtime.o)
                0x0000000000824fc8                sched_gsmtime_init
 .text.sched_gsmtime_reset
                0x0000000000825018       0x54 layer1/liblayer1.a(sched_gsmtime.o)
                0x0000000000825018                sched_gsmtime_reset
 .text.l1a_txq_msgb_enq
                0x000000000082506c       0x1c layer1/liblayer1.a(async.o)
                0x000000000082506c                l1a_txq_msgb_enq
 .text.l1a_meas_msgb_set
                0x0000000000825088       0x38 layer1/liblayer1.a(async.o)
                0x0000000000825088                l1a_meas_msgb_set
 .text.l1a_txq_msgb_count
                0x00000000008250c0       0x34 layer1/liblayer1.a(async.o)
                0x00000000008250c0                l1a_txq_msgb_count
 .text.l1a_txq_msgb_flush
                0x00000000008250f4       0x34 layer1/liblayer1.a(async.o)
                0x00000000008250f4                l1a_txq_msgb_flush
 .text.l1a_mftask_set
                0x0000000000825128        0x4 layer1/liblayer1.a(async.o)
                0x0000000000825128                l1a_mftask_set
 .text.l1a_tch_mode_set
                0x000000000082512c       0x3c layer1/liblayer1.a(async.o)
                0x000000000082512c                l1a_tch_mode_set
 .text.l1a_audio_mode_set
                0x0000000000825168       0x14 layer1/liblayer1.a(async.o)
                0x0000000000825168                l1a_audio_mode_set
 .text.l1a_init
                0x000000000082517c        0x4 layer1/liblayer1.a(async.o)
                0x000000000082517c                l1a_init
 .text.l1a_compl_execute
                0x0000000000825180       0x50 layer1/liblayer1.a(async.o)
                0x0000000000825180                l1a_compl_execute
 .text.trx_get_burst
                0x00000000008251d0        0x8 layer1/liblayer1.a(trx_dummy.o)
                0x00000000008251d0                trx_get_burst
 .text.trx_put_burst
                0x00000000008251d8        0x8 layer1/liblayer1.a(trx_dummy.o)
                0x00000000008251d8                trx_put_burst
 .text.l1s_neigh_pm_resp
                0x00000000008251e0      0x178 layer1/liblayer1.a(prim_pm.o)
 .text.l1s_pm_cmd
                0x0000000000825358       0x50 layer1/liblayer1.a(prim_pm.o)
 .text.l1s_neigh_pm_cmd
                0x00000000008253a8       0x7c layer1/liblayer1.a(prim_pm.o)
 .text.l1s_pm_test
                0x0000000000825424       0x30 layer1/liblayer1.a(prim_pm.o)
                0x0000000000825424                l1s_pm_test
 .text.l1s_pm_resp
                0x0000000000825454      0x210 layer1/liblayer1.a(prim_pm.o)
 .text.l1s_tx_rach_resp
                0x0000000000825664       0x44 layer1/liblayer1.a(prim_rach.o)
 .text.l1s_tx_rach_cmd
                0x00000000008256a8       0x80 layer1/liblayer1.a(prim_rach.o)
 .text.l1a_rach_compl
                0x0000000000825728       0x28 layer1/liblayer1.a(prim_rach.o)
 .text.l1a_rach_req
                0x0000000000825750       0xcc layer1/liblayer1.a(prim_rach.o)
                0x0000000000825750                l1a_rach_req
 .text.prim_rach_init
                0x000000000082581c       0x18 layer1/liblayer1.a(prim_rach.o)
 .text.l1s_tx_resp
                0x0000000000825834       0x4c layer1/liblayer1.a(prim_tx_nb.o)
 .text.l1s_tx_cmd
                0x0000000000825880      0x168 layer1/liblayer1.a(prim_tx_nb.o)
 .text.l1a_tx_nb_compl
                0x00000000008259e8       0x28 layer1/liblayer1.a(prim_tx_nb.o)
 .text.prim_tx_nb_init
                0x0000000000825a10       0x18 layer1/liblayer1.a(prim_tx_nb.o)
 .text.l1s_nb_resp
                0x0000000000825a28      0x2e4 layer1/liblayer1.a(prim_rx_nb.o)
 .text.l1s_nb_cmd
                0x0000000000825d0c      0x180 layer1/liblayer1.a(prim_rx_nb.o)
 .text.l1ctl_fbsb_resp
                0x0000000000825e8c       0xc0 layer1/liblayer1.a(prim_fbsb.o)
 .text.l1s_sbdet_resp
                0x0000000000825f4c      0x32c layer1/liblayer1.a(prim_fbsb.o)
 .text.l1s_sbdet_cmd
                0x0000000000826278       0x54 layer1/liblayer1.a(prim_fbsb.o)
 .text.l1s_fbdet_cmd
                0x00000000008262cc       0x6c layer1/liblayer1.a(prim_fbsb.o)
 .text.fbinfo2cellinfo.clone.0.clone.1
                0x0000000000826338       0xec layer1/liblayer1.a(prim_fbsb.o)
 .text.l1s_fbdet_resp
                0x0000000000826424      0x328 layer1/liblayer1.a(prim_fbsb.o)
 .text.l1a_fb_compl
                0x000000000082674c       0x2c layer1/liblayer1.a(prim_fbsb.o)
 .text.l1s_fbsb_req
                0x0000000000826778       0xf4 layer1/liblayer1.a(prim_fbsb.o)
                0x0000000000826778                l1s_fbsb_req
 .text.l1s_prim_fbsb_init
                0x000000000082686c       0x18 layer1/liblayer1.a(prim_fbsb.o)
 .text.l1s_freq_cmd
                0x0000000000826884       0x50 layer1/liblayer1.a(prim_freq.o)
 .text.l1a_freq_req
                0x00000000008268d4       0xc0 layer1/liblayer1.a(prim_freq.o)
                0x00000000008268d4                l1a_freq_req
 .text.pu_get_idle_frame
                0x0000000000826994        0xc layer1/liblayer1.a(prim_utils.o)
                0x0000000000826994                pu_get_idle_frame
 .text.pu_update_rx_level
                0x00000000008269a0       0x18 layer1/liblayer1.a(prim_utils.o)
                0x00000000008269a0                pu_update_rx_level
 .text.pu_get_meas_frame
                0x00000000008269b8       0x30 layer1/liblayer1.a(prim_utils.o)
                0x00000000008269b8                pu_get_meas_frame
 .text.l1s_tch_d_resp
                0x00000000008269e8       0x18 layer1/liblayer1.a(prim_tch.o)
 .text.__fswab32
                0x0000000000826a00       0x14 layer1/liblayer1.a(prim_tch.o)
 .text.msgb_put
                0x0000000000826a14       0x58 layer1/liblayer1.a(prim_tch.o)
 .text.dsp_task_iq_swap
                0x0000000000826a6c       0x24 layer1/liblayer1.a(prim_tch.o)
 .text.l1a_tx_tch_compl
                0x0000000000826a90       0x68 layer1/liblayer1.a(prim_tch.o)
 .text.tch_get_params.clone.0
                0x0000000000826af8       0xdc layer1/liblayer1.a(prim_tch.o)
 .text.l1s_tch_a_resp
                0x0000000000826bd4      0x280 layer1/liblayer1.a(prim_tch.o)
 .text.l1s_tch_d_cmd
                0x0000000000826e54       0xb8 layer1/liblayer1.a(prim_tch.o)
 .text.l1s_tch_resp
                0x0000000000826f0c      0x47c layer1/liblayer1.a(prim_tch.o)
 .text.l1s_tch_a_cmd
                0x0000000000827388      0x268 layer1/liblayer1.a(prim_tch.o)
 .text.l1s_tch_cmd
                0x00000000008275f0      0x34c layer1/liblayer1.a(prim_tch.o)
 .text.prim_tch_init
                0x000000000082793c       0x18 layer1/liblayer1.a(prim_tch.o)
 .text.__fswab32
                0x0000000000827954       0x14 layer1/liblayer1.a(prim_bts.o)
 .text.l1s_bts_resp
                0x0000000000827968      0x320 layer1/liblayer1.a(prim_bts.o)
 .text.l1s_bts_cmd
                0x0000000000827c88      0x460 layer1/liblayer1.a(prim_bts.o)
 .text.l1s_nb_resp
                0x00000000008280e8      0x258 layer1/liblayer1.a(prim_bts_sync.o)
 .text.l1s_nb_cmd
                0x0000000000828340      0x188 layer1/liblayer1.a(prim_bts_sync.o)
 .text.agc_inp_dbm8_by_pm
                0x00000000008284c8       0x34 layer1/liblayer1.a(agc.o)
                0x00000000008284c8                agc_inp_dbm8_by_pm
 .text.afc_correct
                0x00000000008284fc       0x7c layer1/liblayer1.a(afc.o)
                0x00000000008284fc                afc_correct
 .text.afc_ravg_output
                0x0000000000828578       0x18 layer1/liblayer1.a(afc.o)
 .text.afc_reset
                0x0000000000828590       0x18 layer1/liblayer1.a(afc.o)
                0x0000000000828590                afc_reset
 .text.afc_input
                0x00000000008285a8       0x2c layer1/liblayer1.a(afc.o)
                0x00000000008285a8                afc_input
 .text.afc_load_dsp
                0x00000000008285d4       0x2c layer1/liblayer1.a(afc.o)
                0x00000000008285d4                afc_load_dsp
 .text.toa_ravg_output
                0x0000000000828600       0x30 layer1/liblayer1.a(toa.o)
 .text.toa_input
                0x0000000000828630       0x48 layer1/liblayer1.a(toa.o)
                0x0000000000828630                toa_input
 .text.toa_reset
                0x0000000000828678       0x1c layer1/liblayer1.a(toa.o)
                0x0000000000828678                toa_reset
 .text.l1s_abort_cmd
                0x0000000000828694       0x58 layer1/liblayer1.a(sync.o)
 .text.l1s_time_inc
                0x00000000008286ec       0xc8 layer1/liblayer1.a(sync.o)
                0x00000000008286ec                l1s_time_inc
 .text.frame_irq
                0x00000000008287b4      0x214 layer1/liblayer1.a(sync.o)
 .text.l1s_time_dump
                0x00000000008289c8       0x2c layer1/liblayer1.a(sync.o)
                0x00000000008289c8                l1s_time_dump
 .text.l1s_snr_int
                0x00000000008289f4        0xc layer1/liblayer1.a(sync.o)
                0x00000000008289f4                l1s_snr_int
 .text.synchronize_tdma
                0x0000000000828a00       0xa8 layer1/liblayer1.a(sync.o)
                0x0000000000828a00                synchronize_tdma
 .text.l1s_reset_hw
                0x0000000000828aa8       0x7c layer1/liblayer1.a(sync.o)
                0x0000000000828aa8                l1s_reset_hw
 .text.l1s_compl_sched
                0x0000000000828b24       0x2c layer1/liblayer1.a(sync.o)
                0x0000000000828b24                l1s_compl_sched
 .text.l1s_dsp_abort
                0x0000000000828b50       0x2c layer1/liblayer1.a(sync.o)
                0x0000000000828b50                l1s_dsp_abort
 .text.l1s_tx_apc_helper
                0x0000000000828b7c       0x88 layer1/liblayer1.a(sync.o)
                0x0000000000828b7c                l1s_tx_apc_helper
 .text.l1s_reset
                0x0000000000828c04       0x4c layer1/liblayer1.a(sync.o)
                0x0000000000828c04                l1s_reset
 .text.l1s_init
                0x0000000000828c50       0xa8 layer1/liblayer1.a(sync.o)
                0x0000000000828c50                l1s_init
 .text.tdma_end_set
                0x0000000000828cf8        0x8 layer1/liblayer1.a(tdma_sched.o)
                0x0000000000828cf8                tdma_end_set
 .text.tdma_schedule
                0x0000000000828d00       0x98 layer1/liblayer1.a(tdma_sched.o)
                0x0000000000828d00                tdma_schedule
 .text.tdma_schedule_set
                0x0000000000828d98       0xf0 layer1/liblayer1.a(tdma_sched.o)
                0x0000000000828d98                tdma_schedule_set
 .text.tdma_sched_advance
                0x0000000000828e88       0x24 layer1/liblayer1.a(tdma_sched.o)
                0x0000000000828e88                tdma_sched_advance
 .text.tdma_sched_flag_scan
                0x0000000000828eac       0x4c layer1/liblayer1.a(tdma_sched.o)
                0x0000000000828eac                tdma_sched_flag_scan
 .text.tdma_sched_execute
                0x0000000000828ef8      0x170 layer1/liblayer1.a(tdma_sched.o)
                0x0000000000828ef8                tdma_sched_execute
 .text.tdma_sched_reset
                0x0000000000829068       0x30 layer1/liblayer1.a(tdma_sched.o)
                0x0000000000829068                tdma_sched_reset
 .text.tpu_enq_at
                0x0000000000829098       0x34 layer1/liblayer1.a(tpu_window.o)
 .text._win_cleanup
                0x00000000008290cc       0x64 layer1/liblayer1.a(tpu_window.o)
 .text._win_setup
                0x0000000000829130       0x98 layer1/liblayer1.a(tpu_window.o)
 .text.l1s_win_init
                0x00000000008291c8       0x54 layer1/liblayer1.a(tpu_window.o)
                0x00000000008291c8                l1s_win_init
 .text.l1s_rx_win_ctrl
                0x000000000082921c       0xbc layer1/liblayer1.a(tpu_window.o)
                0x000000000082921c                l1s_rx_win_ctrl
 .text.l1s_tx_win_ctrl
                0x00000000008292d8       0xb0 layer1/liblayer1.a(tpu_window.o)
                0x00000000008292d8                l1s_tx_win_ctrl
 .text.l1s_tx_multi_win_ctrl
                0x0000000000829388       0xd8 layer1/liblayer1.a(tpu_window.o)
                0x0000000000829388                l1s_tx_multi_win_ctrl
 .text.tpu_end_scenario
                0x0000000000829460       0x18 layer1/liblayer1.a(tpu_window.o)
                0x0000000000829460                tpu_end_scenario
 .text.rfch_get_params
                0x0000000000829478      0x140 layer1/liblayer1.a(rfch.o)
                0x0000000000829478                rfch_get_params
 .text.apc_tx_dbm2auxapc
                0x00000000008295b8       0x48 layer1/liblayer1.a(apc.o)
                0x00000000008295b8                apc_tx_dbm2auxapc
 .text.apc_tx_pwrlvl2auxapc
                0x0000000000829600       0x38 layer1/liblayer1.a(apc.o)
                0x0000000000829600                apc_tx_pwrlvl2auxapc
 .text.runavg_input
                0x0000000000829638       0x30 layer1/liblayer1.a(avg.o)
                0x0000000000829638                runavg_input
 .text.runavg_check_output
                0x0000000000829668       0x64 layer1/liblayer1.a(avg.o)
                0x0000000000829668                runavg_check_output
 .text.skip_atoi
                0x00000000008296cc       0x44 lib/libmini.a(vsprintf.o)
 .text.number   0x0000000000829710      0x254 lib/libmini.a(vsprintf.o)
 .text.vsnprintf
                0x0000000000829964      0x518 lib/libmini.a(vsprintf.o)
                0x0000000000829964                vsnprintf
 .text.snprintf
                0x0000000000829e7c       0x24 lib/libmini.a(vsprintf.o)
                0x0000000000829e7c                snprintf
 .text.puts     0x0000000000829ea0        0x4 lib/libmini.a(vsprintf.o)
                0x0000000000829ea0                puts
 .text.strnlen  0x0000000000829ea4       0x28 lib/libmini.a(string.o)
                0x0000000000829ea4                strnlen
 .text.strlen   0x0000000000829ecc       0x1c lib/libmini.a(string.o)
                0x0000000000829ecc                strlen
 .text.printf   0x0000000000829ee8       0x44 lib/libmini.a(printf.o)
                0x0000000000829ee8                printf
 .text.cons_rb_pull
                0x0000000000829f2c       0x6c lib/libmini.a(console.o)
 .text.__cons_rb_append
                0x0000000000829f98       0x70 lib/libmini.a(console.o)
 .text.cons_bind_uart
                0x000000000082a008       0x18 lib/libmini.a(console.o)
                0x000000000082a008                cons_bind_uart
 .text.cons_get_uart
                0x000000000082a020       0x18 lib/libmini.a(console.o)
                0x000000000082a020                cons_get_uart
 .text.cons_init
                0x000000000082a038       0x40 lib/libmini.a(console.o)
                0x000000000082a038                cons_init
 .text.cons_rb_flush
                0x000000000082a078       0x58 lib/libmini.a(console.o)
                0x000000000082a078                cons_rb_flush
 .text.cons_rb_append
                0x000000000082a0d0       0xe0 lib/libmini.a(console.o)
                0x000000000082a0d0                cons_rb_append
 .text.cons_puts
                0x000000000082a1b0       0x74 lib/libmini.a(console.o)
                0x000000000082a1b0                cons_puts
 .text.do_global_ctors
                0x000000000082a224       0x2c lib/libmini.a(ctors.o)
                0x000000000082a224                do_global_ctors
 .text.delay_us
                0x000000000082a250       0x38 lib/libmini.a(delay.o)
                0x000000000082a250                delay_us
 .text.delay_ms
                0x000000000082a288       0x40 lib/libmini.a(delay.o)
                0x000000000082a288                delay_ms
 .text          0x000000000082a2c8      0x130 lib/libmini.a(div64.o)
                0x000000000082a2c8                __do_div64
 .text          0x000000000082a3f8      0x3d4 lib/libmini.a(lib1funcs.o)
                0x000000000082a3f8                __udivsi3
                0x000000000082a3f8                __aeabi_uidiv
                0x000000000082a4e0                __umodsi3
                0x000000000082a59c                __aeabi_idiv
                0x000000000082a59c                __divsi3
                0x000000000082a6b4                __modsi3
                0x000000000082a788                __aeabi_uidivmod
                0x000000000082a7a0                __aeabi_idivmod
                0x000000000082a7c8                __div0
 .text          0x000000000082a7cc      0x29c lib/libmini.a(memcpy.o)
                0x000000000082a7cc                memcpy
 *fill*         0x000000000082aa68       0x18 00
 .text          0x000000000082aa80       0xc0 lib/libmini.a(memset.o)
                0x000000000082aaa0                memset
 .text.sercomm_sendmsg
                0x000000000082ab40       0x8c comm/libcomm.a(sercomm.o)
                0x000000000082ab40                sercomm_sendmsg
 .text.sercomm_alloc_msgb.clone.2
                0x000000000082abcc       0x38 comm/libcomm.a(sercomm.o)
 .text.sercomm_bind_uart
                0x000000000082ac04       0x10 comm/libcomm.a(sercomm.o)
                0x000000000082ac04                sercomm_bind_uart
 .text.sercomm_get_uart
                0x000000000082ac14       0x10 comm/libcomm.a(sercomm.o)
                0x000000000082ac14                sercomm_get_uart
 .text.sercomm_initialized
                0x000000000082ac24       0x10 comm/libcomm.a(sercomm.o)
                0x000000000082ac24                sercomm_initialized
 .text.sercomm_tx_queue_depth
                0x000000000082ac34       0x34 comm/libcomm.a(sercomm.o)
                0x000000000082ac34                sercomm_tx_queue_depth
 .text.sercomm_drv_pull
                0x000000000082ac68      0x118 comm/libcomm.a(sercomm.o)
                0x000000000082ac68                sercomm_drv_pull
 .text.sercomm_register_rx_cb
                0x000000000082ad80       0x34 comm/libcomm.a(sercomm.o)
                0x000000000082ad80                sercomm_register_rx_cb
 .text.sercomm_init
                0x000000000082adb4       0x50 comm/libcomm.a(sercomm.o)
                0x000000000082adb4                sercomm_init
 .text.sercomm_drv_rx_char
                0x000000000082ae04      0x1a8 comm/libcomm.a(sercomm.o)
                0x000000000082ae04                sercomm_drv_rx_char
 .text.raw_puts
                0x000000000082afac       0x38 comm/libcomm.a(sercomm_cons.o)
 .text.sercomm_puts
                0x000000000082afe4      0x178 comm/libcomm.a(sercomm_cons.o)
                0x000000000082afe4                sercomm_puts
 .text.sercomm_putchar
                0x000000000082b15c       0x28 comm/libcomm.a(sercomm_cons.o)
                0x000000000082b15c                sercomm_putchar
 .text.timer_irq
                0x000000000082b184       0x18 comm/libcomm.a(timer.o)
 .text.osmo_timer_add
                0x000000000082b19c       0x54 comm/libcomm.a(timer.o)
                0x000000000082b19c                osmo_timer_add
 .text.osmo_timer_schedule
                0x000000000082b1f0       0x34 comm/libcomm.a(timer.o)
                0x000000000082b1f0                osmo_timer_schedule
 .text.osmo_timer_del
                0x000000000082b224       0x48 comm/libcomm.a(timer.o)
                0x000000000082b224                osmo_timer_del
 .text.osmo_timers_update
                0x000000000082b26c       0xdc comm/libcomm.a(timer.o)
                0x000000000082b26c                osmo_timers_update
 .text.timer_init
                0x000000000082b348       0x6c comm/libcomm.a(timer.o)
                0x000000000082b348                timer_init
 .text.msgb_alloc
                0x000000000082b3b4       0x5c ../../shared/libosmocore/build-target/src/.libs/libosmocore.a(msgb.o)
                0x000000000082b3b4                msgb_alloc
 .text.msgb_free
                0x000000000082b410        0x4 ../../shared/libosmocore/build-target/src/.libs/libosmocore.a(msgb.o)
                0x000000000082b410                msgb_free
 .text.msgb_enqueue
                0x000000000082b414       0x18 ../../shared/libosmocore/build-target/src/.libs/libosmocore.a(msgb.o)
                0x000000000082b414                msgb_enqueue
 .text.msgb_dequeue
                0x000000000082b42c       0x40 ../../shared/libosmocore/build-target/src/.libs/libosmocore.a(msgb.o)
                0x000000000082b42c                msgb_dequeue
 .text._osmo_hexdump
                0x000000000082b46c       0x90 ../../shared/libosmocore/build-target/src/.libs/libosmocore.a(utils.o)
 .text.osmo_hexdump
                0x000000000082b4fc       0x1c ../../shared/libosmocore/build-target/src/.libs/libosmocore.a(utils.o)
                0x000000000082b4fc                osmo_hexdump
 .text.osmo_panic
                0x000000000082b518       0x4c ../../shared/libosmocore/build-target/src/.libs/libosmocore.a(panic.o)
                0x000000000082b518                osmo_panic
 .text.ms_pwr_ctl_lvl
                0x000000000082b564       0xe0 ../../shared/libosmocore/build-target/src/gsm/.libs/libosmogsm.a(gsm_utils.o)
                0x000000000082b564                ms_pwr_ctl_lvl
 .text.ms_pwr_dbm
                0x000000000082b644       0xd0 ../../shared/libosmocore/build-target/src/gsm/.libs/libosmogsm.a(gsm_utils.o)
                0x000000000082b644                ms_pwr_dbm
 .text.rxlev2dbm
                0x000000000082b714       0x14 ../../shared/libosmocore/build-target/src/gsm/.libs/libosmogsm.a(gsm_utils.o)
                0x000000000082b714                rxlev2dbm
 .text.dbm2rxlev
                0x000000000082b728       0x18 ../../shared/libosmocore/build-target/src/gsm/.libs/libosmogsm.a(gsm_utils.o)
                0x000000000082b728                dbm2rxlev
 .text.gsm_arfcn2band
                0x000000000082b740       0xd8 ../../shared/libosmocore/build-target/src/gsm/.libs/libosmogsm.a(gsm_utils.o)
                0x000000000082b740                gsm_arfcn2band
 .text.gsm_arfcn2freq10
                0x000000000082b818      0x168 ../../shared/libosmocore/build-target/src/gsm/.libs/libosmogsm.a(gsm_utils.o)
                0x000000000082b818                gsm_arfcn2freq10
 .text.gsm_fn2gsmtime
                0x000000000082b980       0x5c ../../shared/libosmocore/build-target/src/gsm/.libs/libosmogsm.a(gsm_utils.o)
                0x000000000082b980                gsm_fn2gsmtime
 .text.gsm_gsmtime2fn
                0x000000000082b9dc       0x38 ../../shared/libosmocore/build-target/src/gsm/.libs/libosmogsm.a(gsm_utils.o)
                0x000000000082b9dc                gsm_gsmtime2fn
 .text.dsp_bl_wait_ready
                0x000000000082ba14       0x18 calypso/libcalypso.a(dsp.o)
 .text.dsp_upload_sections_api
                0x000000000082ba2c       0x88 calypso/libcalypso.a(dsp.o)
 .text.dsp_pre_boot
                0x000000000082bab4       0x84 calypso/libcalypso.a(dsp.o)
 .text.dsp_dump_version
                0x000000000082bb38       0x40 calypso/libcalypso.a(dsp.o)
                0x000000000082bb38                dsp_dump_version
 .text.dsp_api_memset
                0x000000000082bb78       0x2c calypso/libcalypso.a(dsp.o)
                0x000000000082bb78                dsp_api_memset
 .text.dsp_memcpy_to_api
                0x000000000082bba4       0x8c calypso/libcalypso.a(dsp.o)
                0x000000000082bba4                dsp_memcpy_to_api
 .text.dsp_memcpy_from_api
                0x000000000082bc30       0x94 calypso/libcalypso.a(dsp.o)
                0x000000000082bc30                dsp_memcpy_from_api
 .text.dsp_power_on
                0x000000000082bcc4      0x418 calypso/libcalypso.a(dsp.o)
                0x000000000082bcc4                dsp_power_on
 .text.dsp_end_scenario
                0x000000000082c0dc       0x38 calypso/libcalypso.a(dsp.o)
                0x000000000082c0dc                dsp_end_scenario
 .text.dsp_load_rx_task
                0x000000000082c114       0x2c calypso/libcalypso.a(dsp.o)
                0x000000000082c114                dsp_load_rx_task
 .text.dsp_load_tx_task
                0x000000000082c140       0x2c calypso/libcalypso.a(dsp.o)
                0x000000000082c140                dsp_load_tx_task
 .text.dsp_load_tch_param
                0x000000000082c16c       0xd0 calypso/libcalypso.a(dsp.o)
                0x000000000082c16c                dsp_load_tch_param
 .text.dsp_load_ciph_param
                0x000000000082c23c       0x80 calypso/libcalypso.a(dsp.o)
                0x000000000082c23c                dsp_load_ciph_param
 .text._talloc_zero
                0x000000000082c2bc       0xa0 comm/libcomm.a(msgb.o)
                0x000000000082c2bc                _talloc_zero
 .text.talloc_free
                0x000000000082c35c        0xc comm/libcomm.a(msgb.o)
                0x000000000082c35c                talloc_free
 *(.ramtext*)
 *(.glue_7t)
 .glue_7t       0x0000000000000000        0x0 linker stubs
 *(.glue_7)
 .glue_7        0x0000000000000000        0x0 linker stubs
 *(.vfp11_veneer)
 .vfp11_veneer  0x0000000000000000        0x0 linker stubs
 *(.v4_bx)
 .v4_bx         0x0000000000000000        0x0 linker stubs
                0x000000000082c368                . = ALIGN (0x4)
                0x0000000000820088                PROVIDE (_text_start, LOADADDR (.text))
                0x000000000082c368                PROVIDE (_text_end, (LOADADDR (.text) + SIZEOF (.text)))

.ctors          0x000000000082c368       0x18
                0x000000000082c368        0x4 LONG 0x4 ((SIZEOF (.ctors) / 0x4) - 0x2)
 *(SORT(.ctors))
 .ctors         0x000000000082c36c        0x4 layer1/liblayer1.a(prim_rach.o)
 .ctors         0x000000000082c370        0x4 layer1/liblayer1.a(prim_tx_nb.o)
 .ctors         0x000000000082c374        0x4 layer1/liblayer1.a(prim_fbsb.o)
 .ctors         0x000000000082c378        0x4 layer1/liblayer1.a(prim_tch.o)
                0x000000000082c37c        0x4 LONG 0x0
                0x000000000082c368                PROVIDE (_ctor_start, LOADADDR (.ctors))
                0x000000000082c380                PROVIDE (_ctor_end, (LOADADDR (.ctors) + SIZEOF (.ctors)))

.dtors          0x000000000082c380        0x8
                0x000000000082c380        0x4 LONG 0x0 ((SIZEOF (.dtors) / 0x4) - 0x2)
 *(SORT(.dtors))
                0x000000000082c384        0x4 LONG 0x0
                0x000000000082c380                PROVIDE (_dtor_start, LOADADDR (.dtors))
                0x000000000082c388                PROVIDE (_dtor_end, (LOADADDR (.dtors) + SIZEOF (.dtors)))
                0x000000000082c388                . = ALIGN (0x4)

.rodata         0x000000000082c388     0x3436
 *(.rodata*)
 .rodata.str1.1
                0x000000000082c388       0xd2 apps/layer1/main.o
 *fill*         0x000000000082c45a        0x2 00
 .rodata        0x000000000082c45c       0x20 abb/twl3025.o
                0x000000000082c45c                twl3025_default_ramp
 .rodata.str1.1
                0x000000000082c47c       0x58 abb/twl3025.o
 .rodata.str1.1
                0x000000000082c4d4       0x19 rf/trf6151.o
 .rodata        0x000000000082c4ed        0x1 board/compal/rffe_dualband.o
                0x000000000082c4ed                system_inherent_gain
 *fill*         0x000000000082c4ee        0x2 00
 .rodata        0x000000000082c4f0       0x44 board/compal/rf_power.o
                0x000000000082c4f0                dbm2apc_gsm900
                0x000000000082c530                dbm2apc_gsm900_max
 .rodata        0x000000000082c534       0x18 board/compal_e88/init.o
 .rodata        0x000000000082c54c       0x28 battery/compal_e88.o
 .rodata.str1.1
                0x000000000082c574      0x208 battery/compal_e88.o
 .rodata        0x000000000082c77c      0x4bc fb/helvR08.o
                0x000000000082c77c                font_helvR08
 .rodata        0x000000000082cc38      0x70c fb/helvB14.o
                0x000000000082cc38                font_helvB14
 .rodata        0x000000000082d344      0x5b0 fb/c64.o
                0x000000000082d344                font_c64
 .rodata        0x000000000082d8f4       0x9c fb/symbols.o
                0x000000000082d8f4                font_symbols
 .rodata        0x000000000082d990        0xc fb/fb_st7558.o
 .rodata.str1.1
                0x000000000082d99c       0x40 calypso/libcalypso.a(clock.o)
 .rodata        0x000000000082d9dc       0x18 calypso/libcalypso.a(irq.o)
 .rodata.str1.1
                0x000000000082d9f4      0x124 calypso/libcalypso.a(sim.o)
 .rodata.str1.1
                0x000000000082db18       0x72 calypso/libcalypso.a(tpu.o)
 .rodata.str1.1
                0x000000000082db8a       0x1c calypso/libcalypso.a(keypad.o)
 .rodata.str1.1
                0x000000000082dba6       0xf9 calypso/libcalypso.a(misc.o)
                                         0xfc (size before relaxing)
 .rodata.str1.1
                0x000000000082dc9f       0x1f calypso/libcalypso.a(timer.o)
 *fill*         0x000000000082dcbe        0x2 00
 .rodata        0x000000000082dcc0       0x18 calypso/libcalypso.a(uart.o)
 .rodata.str1.1
                0x000000000082dcd8       0x61 calypso/libcalypso.a(uart.o)
 *fill*         0x000000000082dd39        0x3 00
 .rodata        0x000000000082dd3c        0xc layer1/liblayer1.a(l23_api.o)
 .rodata.str1.1
                0x000000000082dd48      0x3db layer1/liblayer1.a(l23_api.o)
                                        0x410 (size before relaxing)
 *fill*         0x000000000082e123        0x1 00
 .rodata        0x000000000082e124      0x7d0 layer1/liblayer1.a(mframe_sched.o)
 .rodata        0x000000000082e8f4       0x90 layer1/liblayer1.a(prim_pm.o)
                0x000000000082e93c                neigh_pm_sched_set
 .rodata.str1.1
                0x000000000082e984       0x39 layer1/liblayer1.a(prim_pm.o)
                                         0x6c (size before relaxing)
 *fill*         0x000000000082e9bd        0x3 00
 .rodata        0x000000000082e9c0       0x98 layer1/liblayer1.a(prim_rach.o)
                0x000000000082ea10                rach_sched_set_ul
 .rodata        0x000000000082ea58       0xb4 layer1/liblayer1.a(prim_tx_nb.o)
                0x000000000082ea58                nb_sched_set_ul
 .rodata        0x000000000082eb0c       0xb4 layer1/liblayer1.a(prim_rx_nb.o)
                0x000000000082eb0c                nb_sched_set
 .rodata.str1.1
                0x000000000082ebc0       0x5a layer1/liblayer1.a(prim_rx_nb.o)
                                         0x8d (size before relaxing)
 *fill*         0x000000000082ec1a        0x2 00
 .rodata        0x000000000082ec1c      0x1c8 layer1/liblayer1.a(prim_fbsb.o)
 .rodata.str1.1
                0x000000000082ede4      0x17e layer1/liblayer1.a(prim_fbsb.o)
                                        0x1bc (size before relaxing)
 *fill*         0x000000000082ef62        0x2 00
 .rodata        0x000000000082ef64       0x18 layer1/liblayer1.a(prim_freq.o)
                0x000000000082ef64                freq_sched_set
 .rodata.str1.1
                0x000000000082ef7c       0x65 layer1/liblayer1.a(prim_freq.o)
 *fill*         0x000000000082efe1        0x3 00
 .rodata        0x000000000082efe4       0x18 layer1/liblayer1.a(prim_utils.o)
 .rodata        0x000000000082effc       0xd8 layer1/liblayer1.a(prim_tch.o)
                0x000000000082effc                tch_sched_set
                0x000000000082f044                tch_d_sched_set
                0x000000000082f08c                tch_a_sched_set
 .rodata.str1.1
                0x000000000082f0d4       0x6e layer1/liblayer1.a(prim_tch.o)
                                         0xa1 (size before relaxing)
 *fill*         0x000000000082f142        0x2 00
 .rodata        0x000000000082f144      0x134 layer1/liblayer1.a(prim_bts.o)
                0x000000000082f230                bts_sched_set
 .rodata.str1.1
                0x0000000000000000       0x33 layer1/liblayer1.a(prim_bts.o)
 .rodata        0x000000000082f278       0x48 layer1/liblayer1.a(prim_bts_sync.o)
                0x000000000082f278                bts_sync_sched_set
 .rodata.str1.1
                0x000000000082f2c0       0x3c layer1/liblayer1.a(prim_bts_sync.o)
                                         0xb8 (size before relaxing)
 .rodata.str1.1
                0x000000000082f2fc       0x2f layer1/liblayer1.a(toa.o)
 .rodata.str1.1
                0x000000000082f32b       0x88 layer1/liblayer1.a(sync.o)
 .rodata.str1.1
                0x000000000082f3b3       0x5e layer1/liblayer1.a(tdma_sched.o)
 *fill*         0x000000000082f411        0x3 00
 .rodata        0x000000000082f414        0xc layer1/liblayer1.a(tpu_window.o)
 .rodata        0x000000000082f420       0x74 layer1/liblayer1.a(rfch.o)
 .rodata        0x000000000082f494       0x50 lib/libmini.a(vsprintf.o)
 .rodata.str1.1
                0x000000000082f4e4        0xb comm/libcomm.a(sercomm.o)
                                         0x71 (size before relaxing)
 .rodata.str1.1
                0x0000000000000000       0x3e comm/libcomm.a(sercomm_cons.o)
 .rodata.str1.1
                0x000000000082f4ef       0x14 ../../shared/libosmocore/build-target/src/.libs/libosmocore.a(utils.o)
                                         0x17 (size before relaxing)
 *fill*         0x000000000082f503        0x1 00
 .rodata        0x000000000082f504       0xb0 calypso/libcalypso.a(dsp.o)
 .rodata.str1.1
                0x000000000082f5b4      0x1f1 calypso/libcalypso.a(dsp.o)
                                        0x1f8 (size before relaxing)
 .rodata.str1.1
                0x000000000082f7a5       0x19 comm/libcomm.a(msgb.o)
                0x000000000082c388                PROVIDE (_rodata_start, LOADADDR (.rodata))
                0x000000000082f7be                PROVIDE (_rodata_end, (LOADADDR (.rodata) + SIZEOF (.rodata)))

.rel.dyn        0x000000000082f7c0        0x0
 .rel.got       0x0000000000000000        0x0 ../../shared/libosmocore/build-target/src/.libs/libosmocore.a(msgb.o)
                0x000000000082f7c0                . = ALIGN (0x4)

.data           0x000000000082f7c0      0x948
 *(.data)
 .data          0x000000000082f7c0        0x4 apps/layer1/main.o
                0x000000000082f7c0                hr
 .data          0x000000000082f7c4       0x1c rf/trf6151.o
                0x000000000082f7dc                rf_arfcn
 .data          0x000000000082f7e0       0x18 battery/compal_e88.o
 .data          0x000000000082f7f8       0x10 fb/font.o
                0x000000000082f7f8                fb_fonts
 .data          0x000000000082f808       0x48 fb/fb_st7558.o
                0x000000000082f808                fb_bw8
                0x000000000082f80c                framebuffer
 .data          0x000000000082f850        0x4 calypso/libcalypso.a(tpu.o)
 .data          0x000000000082f854        0x8 layer1/liblayer1.a(l23_api.o)
 .data          0x000000000082f85c       0x10 layer1/liblayer1.a(sched_gsmtime.o)
 .data          0x000000000082f86c       0x18 layer1/liblayer1.a(prim_utils.o)
 .data          0x000000000082f884        0xc layer1/liblayer1.a(prim_bts.o)
                0x000000000082f884                dsp_ext_api
 .data          0x000000000082f890       0x18 layer1/liblayer1.a(afc.o)
 .data          0x000000000082f8a8       0x14 layer1/liblayer1.a(toa.o)
 .data          0x000000000082f8bc      0x100 lib/libmini.a(ctype.o)
                0x000000000082f8bc                _ctype
 .data          0x000000000082f9bc        0x8 comm/libcomm.a(timer.o)
 .data          0x000000000082f9c4      0x744 calypso/libcalypso.a(dsp.o)
                0x000000000082f9c4                dsp_api
                0x000000000082f7c0                PROVIDE (_data_start, LOADADDR (.data))
                0x0000000000830108                PROVIDE (_data_end, (LOADADDR (.data) + SIZEOF (.data)))
                0x0000000000830108                . = ALIGN (0x4)

.got            0x0000000000830108       0x10
 *(.got)
 .got           0x0000000000830108        0x4 ../../shared/libosmocore/build-target/src/.libs/libosmocore.a(msgb.o)
 *(.got.plt)
 .got.plt       0x000000000083010c        0xc ../../shared/libosmocore/build-target/src/.libs/libosmocore.a(msgb.o)
                0x000000000083010c                _GLOBAL_OFFSET_TABLE_
 *(.igot.plt)
 *(.got)
 *(.igot)
                0x0000000000830108                PROVIDE (_got_start, LOADADDR (.got))
                0x0000000000830118                PROVIDE (_got_end, (LOADADDR (.got) + SIZEOF (.got)))

.bss            0x0000000000830118     0x7130
                0x0000000000830118                . = ALIGN (0x4)
                0x0000000000830118                __bss_start = .
 *(.bss)
 .bss           0x0000000000830118        0x4 apps/layer1/main.o
 .bss           0x000000000083011c        0x4 abb/twl3025.o
 .bss           0x0000000000830120        0x4 rf/trf6151.o
 .bss           0x0000000000830124        0x8 battery/compal_e88.o
 .bss           0x000000000083012c      0x360 fb/fb_st7558.o
 .bss           0x000000000083048c       0x80 calypso/libcalypso.a(irq.o)
 .bss           0x000000000083050c        0x4 calypso/libcalypso.a(rtc.o)
 .bss           0x0000000000830510      0x138 calypso/libcalypso.a(sim.o)
 .bss           0x0000000000830648        0x2 calypso/libcalypso.a(tsp.o)
 *fill*         0x000000000083064a        0x2 00
 .bss           0x000000000083064c       0x28 calypso/libcalypso.a(keypad.o)
                0x0000000000830658                lastbuttons
                0x000000000083065c                power_hold
 .bss           0x0000000000830674        0x1 calypso/libcalypso.a(uart.o)
 *fill*         0x0000000000830675        0x3 00
 .bss           0x0000000000830678        0x4 layer1/liblayer1.a(l23_api.o)
                0x0000000000830678                l1a_l23_tx_cb
 .bss           0x000000000083067c      0x140 layer1/liblayer1.a(sched_gsmtime.o)
 .bss           0x00000000008307bc        0x4 layer1/liblayer1.a(prim_tx_nb.o)
 .bss           0x00000000008307c0       0x2c layer1/liblayer1.a(prim_rx_nb.o)
 .bss           0x00000000008307ec       0x34 layer1/liblayer1.a(prim_fbsb.o)
 .bss           0x0000000000830820       0x78 layer1/liblayer1.a(prim_tch.o)
 .bss           0x0000000000830898      0x74c layer1/liblayer1.a(prim_bts.o)
 .bss           0x0000000000830fe4       0x2c layer1/liblayer1.a(prim_bts_sync.o)
 .bss           0x0000000000831010        0x8 layer1/liblayer1.a(sync.o)
 .bss           0x0000000000831018      0x400 lib/libmini.a(printf.o)
 .bss           0x0000000000831418     0x1010 lib/libmini.a(console.o)
 .bss           0x0000000000832428      0x62c comm/libcomm.a(sercomm.o)
 .bss           0x0000000000832a54        0x4 comm/libcomm.a(sercomm_cons.o)
 .bss           0x0000000000832a58     0x1100 ../../shared/libosmocore/build-target/src/.libs/libosmocore.a(utils.o)
 .bss           0x0000000000833b58        0x4 ../../shared/libosmocore/build-target/src/.libs/libosmocore.a(panic.o)
 .bss           0x0000000000833b5c     0x2980 comm/libcomm.a(msgb.o)
 COMMON         0x00000000008364dc       0x24 battery/compal_e88.o
                0x00000000008364dc                battery_info
                0x00000000008364f0                bat_compal_e88_madc
 COMMON         0x0000000000836500        0x8 layer1/liblayer1.a(prim_rach.o)
                0x0000000000836500                last_rach
 COMMON         0x0000000000836508      0xd38 layer1/liblayer1.a(sync.o)
                0x0000000000836508                l1s
 COMMON         0x0000000000837240        0x4 comm/libcomm.a(timer.o)
                0x0000000000837240                jiffies
 COMMON         0x0000000000837244        0x4 ../../shared/libosmocore/build-target/src/.libs/libosmocore.a(msgb.o)
                0x0000000000837244                tall_msgb_ctx
                0x0000000000837248                . = ALIGN (0x4)
                0x0000000000837248                __bss_end = .
                0x0000000000830118                PROVIDE (_bss_start, __bss_start)
                0x0000000000837248                PROVIDE (_bss_end, __bss_end)
                0x0000000000837248                . = ALIGN (0x4)
                0x0000000000837248                _end = .
                0x0000000000837248                PROVIDE (end, .)
START GROUP
LOAD apps/layer1/main.o
LOAD abb/twl3025.o
LOAD rf/trf6151.o
LOAD flash/cfi_flash.o
LOAD board/common/calypso_uart.o
LOAD board/common/calypso_pwl.o
LOAD board/compal/rffe_dualband.o
LOAD board/compal/rf_power.o
LOAD board/compal_e88/init.o
LOAD battery/compal_e88.o
LOAD fb/framebuffer.o
LOAD fb/font.o
LOAD fb/helvR08.o
LOAD fb/helvB14.o
LOAD fb/c64.o
LOAD fb/symbols.o
LOAD fb/fb_bw8.o
LOAD fb/fb_st7558.o
LOAD board/compal/start.ram.o
LOAD board/compal/exceptions_redirected.o
LOAD board/compal/handlers.o
LOAD board/compal_e88/layer1.highram.manifest.o
LOAD calypso/libcalypso.a
LOAD layer1/liblayer1.a
LOAD lib/libmini.a
LOAD comm/libcomm.a
LOAD ../../shared/libosmocore/build-target/src/.libs/libosmocore.a
LOAD ../../shared/libosmocore/build-target/src/gsm/.libs/libosmogsm.a
END GROUP
OUTPUT(board/compal_e88/layer1.highram.elf elf32-littlearm)

.debug_abbrev   0x0000000000000000     0x7a6e
 .debug_abbrev  0x0000000000000000      0x229 apps/layer1/main.o
 .debug_abbrev  0x0000000000000229      0x2b1 abb/twl3025.o
 .debug_abbrev  0x00000000000004da      0x2df rf/trf6151.o
 .debug_abbrev  0x00000000000007b9      0x324 flash/cfi_flash.o
 .debug_abbrev  0x0000000000000add      0x121 board/compal/rffe_dualband.o
 .debug_abbrev  0x0000000000000bfe       0x72 board/compal/rf_power.o
 .debug_abbrev  0x0000000000000c70      0x15b board/compal_e88/init.o
 .debug_abbrev  0x0000000000000dcb      0x252 battery/compal_e88.o
 .debug_abbrev  0x000000000000101d       0xc0 fb/framebuffer.o
 .debug_abbrev  0x00000000000010dd       0xd9 fb/font.o
 .debug_abbrev  0x00000000000011b6       0xaf fb/helvR08.o
 .debug_abbrev  0x0000000000001265       0xaf fb/helvB14.o
 .debug_abbrev  0x0000000000001314       0xaf fb/c64.o
 .debug_abbrev  0x00000000000013c3       0x97 fb/symbols.o
 .debug_abbrev  0x000000000000145a      0x2dc fb/fb_bw8.o
 .debug_abbrev  0x0000000000001736      0x152 fb/fb_st7558.o
 .debug_abbrev  0x0000000000001888       0x40 board/compal_e88/layer1.highram.manifest.o
 .debug_abbrev  0x00000000000018c8      0x154 calypso/libcalypso.a(clock.o)
 .debug_abbrev  0x0000000000001a1c       0x43 calypso/libcalypso.a(dma.o)
 .debug_abbrev  0x0000000000001a5f       0xfb calypso/libcalypso.a(i2c.o)
 .debug_abbrev  0x0000000000001b5a      0x198 calypso/libcalypso.a(irq.o)
 .debug_abbrev  0x0000000000001cf2       0x8c calypso/libcalypso.a(rtc.o)
 .debug_abbrev  0x0000000000001d7e      0x2e4 calypso/libcalypso.a(sim.o)
 .debug_abbrev  0x0000000000002062       0xd0 calypso/libcalypso.a(spi.o)
 .debug_abbrev  0x0000000000002132      0x27c calypso/libcalypso.a(tpu.o)
 .debug_abbrev  0x00000000000023ae      0x127 calypso/libcalypso.a(tsp.o)
 .debug_abbrev  0x00000000000024d5      0x164 calypso/libcalypso.a(keypad.o)
 .debug_abbrev  0x0000000000002639       0xaa calypso/libcalypso.a(misc.o)
 .debug_abbrev  0x00000000000026e3      0x10b calypso/libcalypso.a(timer.o)
 .debug_abbrev  0x00000000000027ee       0xaa calypso/libcalypso.a(backlight.o)
 .debug_abbrev  0x0000000000002898      0x1f6 calypso/libcalypso.a(uart.o)
 .debug_abbrev  0x0000000000002a8e       0x78 calypso/libcalypso.a(arm.o)
 .debug_abbrev  0x0000000000002b06       0xa2 layer1/liblayer1.a(init.o)
 .debug_abbrev  0x0000000000002ba8      0x4ca layer1/liblayer1.a(l23_api.o)
 .debug_abbrev  0x0000000000003072      0x271 layer1/liblayer1.a(mframe_sched.o)
 .debug_abbrev  0x00000000000032e3      0x1c5 layer1/liblayer1.a(sched_gsmtime.o)
 .debug_abbrev  0x00000000000034a8      0x240 layer1/liblayer1.a(async.o)
 .debug_abbrev  0x00000000000036e8       0x9d layer1/liblayer1.a(trx_dummy.o)
 .debug_abbrev  0x0000000000003785      0x332 layer1/liblayer1.a(prim_pm.o)
 .debug_abbrev  0x0000000000003ab7      0x2c5 layer1/liblayer1.a(prim_rach.o)
 .debug_abbrev  0x0000000000003d7c      0x2dc layer1/liblayer1.a(prim_tx_nb.o)
 .debug_abbrev  0x0000000000004058      0x2cb layer1/liblayer1.a(prim_rx_nb.o)
 .debug_abbrev  0x0000000000004323      0x3f2 layer1/liblayer1.a(prim_fbsb.o)
 .debug_abbrev  0x0000000000004715      0x1dc layer1/liblayer1.a(prim_freq.o)
 .debug_abbrev  0x00000000000048f1      0x195 layer1/liblayer1.a(prim_utils.o)
 .debug_abbrev  0x0000000000004a86      0x42b layer1/liblayer1.a(prim_tch.o)
 .debug_abbrev  0x0000000000004eb1      0x3af layer1/liblayer1.a(prim_bts.o)
 .debug_abbrev  0x0000000000005260      0x319 layer1/liblayer1.a(prim_bts_sync.o)
 .debug_abbrev  0x0000000000005579       0xbf layer1/liblayer1.a(agc.o)
 .debug_abbrev  0x0000000000005638      0x1b3 layer1/liblayer1.a(afc.o)
 .debug_abbrev  0x00000000000057eb      0x1b8 layer1/liblayer1.a(toa.o)
 .debug_abbrev  0x00000000000059a3      0x383 layer1/liblayer1.a(sync.o)
 .debug_abbrev  0x0000000000005d26      0x2c6 layer1/liblayer1.a(tdma_sched.o)
 .debug_abbrev  0x0000000000005fec      0x273 layer1/liblayer1.a(tpu_window.o)
 .debug_abbrev  0x000000000000625f      0x206 layer1/liblayer1.a(rfch.o)
 .debug_abbrev  0x0000000000006465       0xd6 layer1/liblayer1.a(apc.o)
 .debug_abbrev  0x000000000000653b       0xea layer1/liblayer1.a(avg.o)
 .debug_abbrev  0x0000000000006625      0x213 lib/libmini.a(vsprintf.o)
 .debug_abbrev  0x0000000000006838       0xae lib/libmini.a(string.o)
 .debug_abbrev  0x00000000000068e6       0x53 lib/libmini.a(ctype.o)
 .debug_abbrev  0x0000000000006939       0xaf lib/libmini.a(printf.o)
 .debug_abbrev  0x00000000000069e8      0x20b lib/libmini.a(console.o)
 .debug_abbrev  0x0000000000006bf3       0x7a lib/libmini.a(ctors.o)
 .debug_abbrev  0x0000000000006c6d       0x81 lib/libmini.a(delay.o)
 .debug_abbrev  0x0000000000006cee      0x350 comm/libcomm.a(sercomm.o)
 .debug_abbrev  0x000000000000703e      0x24e comm/libcomm.a(sercomm_cons.o)
 .debug_abbrev  0x000000000000728c      0x237 comm/libcomm.a(timer.o)
 .debug_abbrev  0x00000000000074c3      0x422 calypso/libcalypso.a(dsp.o)
 .debug_abbrev  0x00000000000078e5      0x189 comm/libcomm.a(msgb.o)

.debug_info     0x0000000000000000    0x29d52
 .debug_info    0x0000000000000000      0x682 apps/layer1/main.o
 .debug_info    0x0000000000000682      0x784 abb/twl3025.o
 .debug_info    0x0000000000000e06      0xa18 rf/trf6151.o
 .debug_info    0x000000000000181e      0xa9e flash/cfi_flash.o
 .debug_info    0x00000000000022bc      0x2ab board/compal/rffe_dualband.o
 .debug_info    0x0000000000002567       0xce board/compal/rf_power.o
 .debug_info    0x0000000000002635      0x47b board/compal_e88/init.o
 .debug_info    0x0000000000002ab0      0x6ef battery/compal_e88.o
 .debug_info    0x000000000000319f      0x1f4 fb/framebuffer.o
 .debug_info    0x0000000000003393      0x275 fb/font.o
 .debug_info    0x0000000000003608      0x17f fb/helvR08.o
 .debug_info    0x0000000000003787      0x17f fb/helvB14.o
 .debug_info    0x0000000000003906      0x17f fb/c64.o
 .debug_info    0x0000000000003a85      0x17c fb/symbols.o
 .debug_info    0x0000000000003c01      0xac4 fb/fb_bw8.o
 .debug_info    0x00000000000046c5      0x39f fb/fb_st7558.o
 .debug_info    0x0000000000004a64       0x80 board/compal_e88/layer1.highram.manifest.o
 .debug_info    0x0000000000004ae4      0x44d calypso/libcalypso.a(clock.o)
 .debug_info    0x0000000000004f31       0x57 calypso/libcalypso.a(dma.o)
 .debug_info    0x0000000000004f88      0x1b9 calypso/libcalypso.a(i2c.o)
 .debug_info    0x0000000000005141      0x480 calypso/libcalypso.a(irq.o)
 .debug_info    0x00000000000055c1      0x1d1 calypso/libcalypso.a(rtc.o)
 .debug_info    0x0000000000005792      0xb3e calypso/libcalypso.a(sim.o)
 .debug_info    0x00000000000062d0      0x188 calypso/libcalypso.a(spi.o)
 .debug_info    0x0000000000006458      0x57d calypso/libcalypso.a(tpu.o)
 .debug_info    0x00000000000069d5      0x35d calypso/libcalypso.a(tsp.o)
 .debug_info    0x0000000000006d32      0x461 calypso/libcalypso.a(keypad.o)
 .debug_info    0x0000000000007193      0x11c calypso/libcalypso.a(misc.o)
 .debug_info    0x00000000000072af      0x320 calypso/libcalypso.a(timer.o)
 .debug_info    0x00000000000075cf       0xf9 calypso/libcalypso.a(backlight.o)
 .debug_info    0x00000000000076c8      0x719 calypso/libcalypso.a(uart.o)
 .debug_info    0x0000000000007de1       0x91 calypso/libcalypso.a(arm.o)
 .debug_info    0x0000000000007e72      0x27b layer1/liblayer1.a(init.o)
 .debug_info    0x00000000000080ed     0x2419 layer1/liblayer1.a(l23_api.o)
 .debug_info    0x000000000000a506      0xf19 layer1/liblayer1.a(mframe_sched.o)
 .debug_info    0x000000000000b41f      0x75d layer1/liblayer1.a(sched_gsmtime.o)
 .debug_info    0x000000000000bb7c      0xc9d layer1/liblayer1.a(async.o)
 .debug_info    0x000000000000c819      0x135 layer1/liblayer1.a(trx_dummy.o)
 .debug_info    0x000000000000c94e     0x2122 layer1/liblayer1.a(prim_pm.o)
 .debug_info    0x000000000000ea70     0x1e8b layer1/liblayer1.a(prim_rach.o)
 .debug_info    0x00000000000108fb     0x1e1d layer1/liblayer1.a(prim_tx_nb.o)
 .debug_info    0x0000000000012718     0x2104 layer1/liblayer1.a(prim_rx_nb.o)
 .debug_info    0x000000000001481c     0x2556 layer1/liblayer1.a(prim_fbsb.o)
 .debug_info    0x0000000000016d72      0xa1c layer1/liblayer1.a(prim_freq.o)
 .debug_info    0x000000000001778e      0x9a8 layer1/liblayer1.a(prim_utils.o)
 .debug_info    0x0000000000018136     0x28c9 layer1/liblayer1.a(prim_tch.o)
 .debug_info    0x000000000001a9ff     0x23f5 layer1/liblayer1.a(prim_bts.o)
 .debug_info    0x000000000001cdf4     0x21cc layer1/liblayer1.a(prim_bts_sync.o)
 .debug_info    0x000000000001efc0      0x12c layer1/liblayer1.a(agc.o)
 .debug_info    0x000000000001f0ec     0x147b layer1/liblayer1.a(afc.o)
 .debug_info    0x0000000000020567      0x938 layer1/liblayer1.a(toa.o)
 .debug_info    0x0000000000020e9f     0x21f4 layer1/liblayer1.a(sync.o)
 .debug_info    0x0000000000023093      0xcba layer1/liblayer1.a(tdma_sched.o)
 .debug_info    0x0000000000023d4d      0xcd4 layer1/liblayer1.a(tpu_window.o)
 .debug_info    0x0000000000024a21      0x9b9 layer1/liblayer1.a(rfch.o)
 .debug_info    0x00000000000253da      0x1ab layer1/liblayer1.a(apc.o)
 .debug_info    0x0000000000025585      0x198 layer1/liblayer1.a(avg.o)
 .debug_info    0x000000000002571d      0x9fa lib/libmini.a(vsprintf.o)
 .debug_info    0x0000000000026117      0x131 lib/libmini.a(string.o)
 .debug_info    0x0000000000026248       0x63 lib/libmini.a(ctype.o)
 .debug_info    0x00000000000262ab      0x109 lib/libmini.a(printf.o)
 .debug_info    0x00000000000263b4      0x3a5 lib/libmini.a(console.o)
 .debug_info    0x0000000000026759       0xab lib/libmini.a(ctors.o)
 .debug_info    0x0000000000026804       0x9a lib/libmini.a(delay.o)
 .debug_info    0x000000000002689e      0x949 comm/libcomm.a(sercomm.o)
 .debug_info    0x00000000000271e7      0x589 comm/libcomm.a(sercomm_cons.o)
 .debug_info    0x0000000000027770      0x5ca comm/libcomm.a(timer.o)
 .debug_info    0x0000000000027d3a     0x1ced calypso/libcalypso.a(dsp.o)
 .debug_info    0x0000000000029a27      0x32b comm/libcomm.a(msgb.o)

.debug_line     0x0000000000000000     0x7ceb
 .debug_line    0x0000000000000000      0x1e4 apps/layer1/main.o
 .debug_line    0x00000000000001e4      0x2c4 abb/twl3025.o
 .debug_line    0x00000000000004a8      0x370 rf/trf6151.o
 .debug_line    0x0000000000000818      0x1d8 flash/cfi_flash.o
 .debug_line    0x00000000000009f0      0x19b board/compal/rffe_dualband.o
 .debug_line    0x0000000000000b8b       0x8f board/compal/rf_power.o
 .debug_line    0x0000000000000c1a      0x17d board/compal_e88/init.o
 .debug_line    0x0000000000000d97      0x1e3 battery/compal_e88.o
 .debug_line    0x0000000000000f7a       0x9a fb/framebuffer.o
 .debug_line    0x0000000000001014       0xb6 fb/font.o
 .debug_line    0x00000000000010ca       0x99 fb/helvR08.o
 .debug_line    0x0000000000001163       0x99 fb/helvB14.o
 .debug_line    0x00000000000011fc       0x95 fb/c64.o
 .debug_line    0x0000000000001291       0x99 fb/symbols.o
 .debug_line    0x000000000000132a      0x31b fb/fb_bw8.o
 .debug_line    0x0000000000001645      0x142 fb/fb_st7558.o
 .debug_line    0x0000000000001787       0x31 board/compal_e88/layer1.highram.manifest.o
 .debug_line    0x00000000000017b8      0x19d calypso/libcalypso.a(clock.o)
 .debug_line    0x0000000000001955       0x3f calypso/libcalypso.a(dma.o)
 .debug_line    0x0000000000001994       0xc8 calypso/libcalypso.a(i2c.o)
 .debug_line    0x0000000000001a5c      0x18b calypso/libcalypso.a(irq.o)
 .debug_line    0x0000000000001be7       0x6f calypso/libcalypso.a(rtc.o)
 .debug_line    0x0000000000001c56      0x369 calypso/libcalypso.a(sim.o)
 .debug_line    0x0000000000001fbf       0xe1 calypso/libcalypso.a(spi.o)
 .debug_line    0x00000000000020a0      0x275 calypso/libcalypso.a(tpu.o)
 .debug_line    0x0000000000002315      0x185 calypso/libcalypso.a(tsp.o)
 .debug_line    0x000000000000249a      0x195 calypso/libcalypso.a(keypad.o)
 .debug_line    0x000000000000262f       0x8c calypso/libcalypso.a(misc.o)
 .debug_line    0x00000000000026bb      0x156 calypso/libcalypso.a(timer.o)
 .debug_line    0x0000000000002811       0xc4 calypso/libcalypso.a(backlight.o)
 .debug_line    0x00000000000028d5      0x28c calypso/libcalypso.a(uart.o)
 .debug_line    0x0000000000002b61       0x4f calypso/libcalypso.a(arm.o)
 .debug_line    0x0000000000002bb0       0x97 layer1/liblayer1.a(init.o)
 .debug_line    0x0000000000002c47      0x628 layer1/liblayer1.a(l23_api.o)
 .debug_line    0x000000000000326f      0x225 layer1/liblayer1.a(mframe_sched.o)
 .debug_line    0x0000000000003494      0x249 layer1/liblayer1.a(sched_gsmtime.o)
 .debug_line    0x00000000000036dd      0x283 layer1/liblayer1.a(async.o)
 .debug_line    0x0000000000003960       0xba layer1/liblayer1.a(trx_dummy.o)
 .debug_line    0x0000000000003a1a      0x2dd layer1/liblayer1.a(prim_pm.o)
 .debug_line    0x0000000000003cf7      0x24f layer1/liblayer1.a(prim_rach.o)
 .debug_line    0x0000000000003f46      0x26a layer1/liblayer1.a(prim_tx_nb.o)
 .debug_line    0x00000000000041b0      0x2d9 layer1/liblayer1.a(prim_rx_nb.o)
 .debug_line    0x0000000000004489      0x42b layer1/liblayer1.a(prim_fbsb.o)
 .debug_line    0x00000000000048b4      0x18c layer1/liblayer1.a(prim_freq.o)
 .debug_line    0x0000000000004a40      0x182 layer1/liblayer1.a(prim_utils.o)
 .debug_line    0x0000000000004bc2      0x53a layer1/liblayer1.a(prim_tch.o)
 .debug_line    0x00000000000050fc      0x3a4 layer1/liblayer1.a(prim_bts.o)
 .debug_line    0x00000000000054a0      0x2b8 layer1/liblayer1.a(prim_bts_sync.o)
 .debug_line    0x0000000000005758       0xc5 layer1/liblayer1.a(agc.o)
 .debug_line    0x000000000000581d      0x17c layer1/liblayer1.a(afc.o)
 .debug_line    0x0000000000005999      0x187 layer1/liblayer1.a(toa.o)
 .debug_line    0x0000000000005b20      0x3a4 layer1/liblayer1.a(sync.o)
 .debug_line    0x0000000000005ec4      0x2e2 layer1/liblayer1.a(tdma_sched.o)
 .debug_line    0x00000000000061a6      0x2ea layer1/liblayer1.a(tpu_window.o)
 .debug_line    0x0000000000006490      0x198 layer1/liblayer1.a(rfch.o)
 .debug_line    0x0000000000006628       0xee layer1/liblayer1.a(apc.o)
 .debug_line    0x0000000000006716       0xcf layer1/liblayer1.a(avg.o)
 .debug_line    0x00000000000067e5      0x573 lib/libmini.a(vsprintf.o)
 .debug_line    0x0000000000006d58       0xb2 lib/libmini.a(string.o)
 .debug_line    0x0000000000006e0a       0x3f lib/libmini.a(ctype.o)
 .debug_line    0x0000000000006e49       0x80 lib/libmini.a(printf.o)
 .debug_line    0x0000000000006ec9      0x149 lib/libmini.a(console.o)
 .debug_line    0x0000000000007012       0x47 lib/libmini.a(ctors.o)
 .debug_line    0x0000000000007059       0x66 lib/libmini.a(delay.o)
 .debug_line    0x00000000000070bf      0x2be comm/libcomm.a(sercomm.o)
 .debug_line    0x000000000000737d      0x199 comm/libcomm.a(sercomm_cons.o)
 .debug_line    0x0000000000007516      0x1ad comm/libcomm.a(timer.o)
 .debug_line    0x00000000000076c3      0x527 calypso/libcalypso.a(dsp.o)
 .debug_line    0x0000000000007bea      0x101 comm/libcomm.a(msgb.o)

.debug_loc      0x0000000000000000     0xb105
 .debug_loc     0x0000000000000000      0x115 apps/layer1/main.o
 .debug_loc     0x0000000000000115      0x413 abb/twl3025.o
 .debug_loc     0x0000000000000528      0x784 rf/trf6151.o
 .debug_loc     0x0000000000000cac      0x60c flash/cfi_flash.o
 .debug_loc     0x00000000000012b8      0x153 board/compal/rffe_dualband.o
 .debug_loc     0x000000000000140b       0x99 board/compal_e88/init.o
 .debug_loc     0x00000000000014a4      0x133 battery/compal_e88.o
 .debug_loc     0x00000000000015d7       0x4f fb/font.o
 .debug_loc     0x0000000000001626      0x93d fb/fb_bw8.o
 .debug_loc     0x0000000000001f63       0xcb fb/fb_st7558.o
 .debug_loc     0x000000000000202e      0x297 calypso/libcalypso.a(clock.o)
 .debug_loc     0x00000000000022c5       0xee calypso/libcalypso.a(i2c.o)
 .debug_loc     0x00000000000023b3      0x215 calypso/libcalypso.a(irq.o)
 .debug_loc     0x00000000000025c8       0x20 calypso/libcalypso.a(rtc.o)
 .debug_loc     0x00000000000025e8      0x420 calypso/libcalypso.a(sim.o)
 .debug_loc     0x0000000000002a08      0x155 calypso/libcalypso.a(spi.o)
 .debug_loc     0x0000000000002b5d      0x31e calypso/libcalypso.a(tpu.o)
 .debug_loc     0x0000000000002e7b      0x153 calypso/libcalypso.a(tsp.o)
 .debug_loc     0x0000000000002fce      0x174 calypso/libcalypso.a(keypad.o)
 .debug_loc     0x0000000000003142       0xfa calypso/libcalypso.a(misc.o)
 .debug_loc     0x000000000000323c      0x154 calypso/libcalypso.a(timer.o)
 .debug_loc     0x0000000000003390       0x44 calypso/libcalypso.a(backlight.o)
 .debug_loc     0x00000000000033d4      0x4b2 calypso/libcalypso.a(uart.o)
 .debug_loc     0x0000000000003886       0x3e layer1/liblayer1.a(init.o)
 .debug_loc     0x00000000000038c4      0xcdc layer1/liblayer1.a(l23_api.o)
 .debug_loc     0x00000000000045a0      0x1d9 layer1/liblayer1.a(mframe_sched.o)
 .debug_loc     0x0000000000004779      0x6d7 layer1/liblayer1.a(sched_gsmtime.o)
 .debug_loc     0x0000000000004e50      0x1cc layer1/liblayer1.a(async.o)
 .debug_loc     0x000000000000501c       0x26 layer1/liblayer1.a(trx_dummy.o)
 .debug_loc     0x0000000000005042      0x347 layer1/liblayer1.a(prim_pm.o)
 .debug_loc     0x0000000000005389      0x19c layer1/liblayer1.a(prim_rach.o)
 .debug_loc     0x0000000000005525      0x22c layer1/liblayer1.a(prim_tx_nb.o)
 .debug_loc     0x0000000000005751      0x35d layer1/liblayer1.a(prim_rx_nb.o)
 .debug_loc     0x0000000000005aae      0x586 layer1/liblayer1.a(prim_fbsb.o)
 .debug_loc     0x0000000000006034       0xdb layer1/liblayer1.a(prim_freq.o)
 .debug_loc     0x000000000000610f       0x13 layer1/liblayer1.a(prim_utils.o)
 .debug_loc     0x0000000000006122      0xb7c layer1/liblayer1.a(prim_tch.o)
 .debug_loc     0x0000000000006c9e      0x5c3 layer1/liblayer1.a(prim_bts.o)
 .debug_loc     0x0000000000007261      0x311 layer1/liblayer1.a(prim_bts_sync.o)
 .debug_loc     0x0000000000007572       0x82 layer1/liblayer1.a(agc.o)
 .debug_loc     0x00000000000075f4       0xf2 layer1/liblayer1.a(afc.o)
 .debug_loc     0x00000000000076e6       0xce layer1/liblayer1.a(toa.o)
 .debug_loc     0x00000000000077b4      0x39a layer1/liblayer1.a(sync.o)
 .debug_loc     0x0000000000007b4e      0x4e0 layer1/liblayer1.a(tdma_sched.o)
 .debug_loc     0x000000000000802e      0x3ea layer1/liblayer1.a(tpu_window.o)
 .debug_loc     0x0000000000008418      0x195 layer1/liblayer1.a(rfch.o)
 .debug_loc     0x00000000000085ad       0xa0 layer1/liblayer1.a(apc.o)
 .debug_loc     0x000000000000864d       0x6e layer1/liblayer1.a(avg.o)
 .debug_loc     0x00000000000086bb     0x1604 lib/libmini.a(vsprintf.o)
 .debug_loc     0x0000000000009cbf       0x8b lib/libmini.a(string.o)
 .debug_loc     0x0000000000009d4a       0x4a lib/libmini.a(printf.o)
 .debug_loc     0x0000000000009d94      0x23b lib/libmini.a(console.o)
 .debug_loc     0x0000000000009fcf       0x7b lib/libmini.a(ctors.o)
 .debug_loc     0x000000000000a04a       0xa9 lib/libmini.a(delay.o)
 .debug_loc     0x000000000000a0f3      0x2fc comm/libcomm.a(sercomm.o)
 .debug_loc     0x000000000000a3ef      0x2ea comm/libcomm.a(sercomm_cons.o)
 .debug_loc     0x000000000000a6d9      0x291 comm/libcomm.a(timer.o)
 .debug_loc     0x000000000000a96a      0x724 calypso/libcalypso.a(dsp.o)
 .debug_loc     0x000000000000b08e       0x77 comm/libcomm.a(msgb.o)

.debug_pubnames
                0x0000000000000000     0x1bb5
 .debug_pubnames
                0x0000000000000000       0x22 apps/layer1/main.o
 .debug_pubnames
                0x0000000000000022      0x13c abb/twl3025.o
 .debug_pubnames
                0x000000000000015e      0x164 rf/trf6151.o
 .debug_pubnames
                0x00000000000002c2       0xa6 flash/cfi_flash.o
 .debug_pubnames
                0x0000000000000368       0xd6 board/compal/rffe_dualband.o
 .debug_pubnames
                0x000000000000043e       0x3c board/compal/rf_power.o
 .debug_pubnames
                0x000000000000047a       0x21 board/compal_e88/init.o
 .debug_pubnames
                0x000000000000049b       0x57 battery/compal_e88.o
 .debug_pubnames
                0x00000000000004f2       0x34 fb/font.o
 .debug_pubnames
                0x0000000000000526       0x23 fb/helvR08.o
 .debug_pubnames
                0x0000000000000549       0x23 fb/helvB14.o
 .debug_pubnames
                0x000000000000056c       0x1f fb/c64.o
 .debug_pubnames
                0x000000000000058b       0x23 fb/symbols.o
 .debug_pubnames
                0x00000000000005ae       0x6b fb/fb_bw8.o
 .debug_pubnames
                0x0000000000000619       0x2d fb/fb_st7558.o
 .debug_pubnames
                0x0000000000000646       0x6d board/compal_e88/layer1.highram.manifest.o
 .debug_pubnames
                0x00000000000006b3       0xd0 calypso/libcalypso.a(clock.o)
 .debug_pubnames
                0x0000000000000783       0x1f calypso/libcalypso.a(dma.o)
 .debug_pubnames
                0x00000000000007a2       0x2d calypso/libcalypso.a(i2c.o)
 .debug_pubnames
                0x00000000000007cf       0x95 calypso/libcalypso.a(irq.o)
 .debug_pubnames
                0x0000000000000864       0x1f calypso/libcalypso.a(rtc.o)
 .debug_pubnames
                0x0000000000000883       0xe9 calypso/libcalypso.a(sim.o)
 .debug_pubnames
                0x000000000000096c       0x2c calypso/libcalypso.a(spi.o)
 .debug_pubnames
                0x0000000000000998      0x12d calypso/libcalypso.a(tpu.o)
 .debug_pubnames
                0x0000000000000ac5       0x9a calypso/libcalypso.a(tsp.o)
 .debug_pubnames
                0x0000000000000b5f       0x8a calypso/libcalypso.a(keypad.o)
 .debug_pubnames
                0x0000000000000be9       0x41 calypso/libcalypso.a(misc.o)
 .debug_pubnames
                0x0000000000000c2a       0x8a calypso/libcalypso.a(timer.o)
 .debug_pubnames
                0x0000000000000cb4       0x2f calypso/libcalypso.a(backlight.o)
 .debug_pubnames
                0x0000000000000ce3       0xa3 calypso/libcalypso.a(uart.o)
 .debug_pubnames
                0x0000000000000d86       0x47 calypso/libcalypso.a(arm.o)
 .debug_pubnames
                0x0000000000000dcd       0x22 layer1/liblayer1.a(init.o)
 .debug_pubnames
                0x0000000000000def       0xac layer1/liblayer1.a(l23_api.o)
 .debug_pubnames
                0x0000000000000e9b       0x83 layer1/liblayer1.a(mframe_sched.o)
 .debug_pubnames
                0x0000000000000f1e       0x6d layer1/liblayer1.a(sched_gsmtime.o)
 .debug_pubnames
                0x0000000000000f8b       0xfa layer1/liblayer1.a(async.o)
 .debug_pubnames
                0x0000000000001085       0x43 layer1/liblayer1.a(trx_dummy.o)
 .debug_pubnames
                0x00000000000010c8       0x39 layer1/liblayer1.a(prim_pm.o)
 .debug_pubnames
                0x0000000000001101       0x47 layer1/liblayer1.a(prim_rach.o)
 .debug_pubnames
                0x0000000000001148       0x36 layer1/liblayer1.a(prim_tx_nb.o)
 .debug_pubnames
                0x000000000000117e       0x23 layer1/liblayer1.a(prim_rx_nb.o)
 .debug_pubnames
                0x00000000000011a1       0x33 layer1/liblayer1.a(prim_fbsb.o)
 .debug_pubnames
                0x00000000000011d4       0x44 layer1/liblayer1.a(prim_freq.o)
 .debug_pubnames
                0x0000000000001218       0x55 layer1/liblayer1.a(prim_utils.o)
 .debug_pubnames
                0x000000000000126d       0x4c layer1/liblayer1.a(prim_tch.o)
 .debug_pubnames
                0x00000000000012b9       0x34 layer1/liblayer1.a(prim_bts.o)
 .debug_pubnames
                0x00000000000012ed       0x29 layer1/liblayer1.a(prim_bts_sync.o)
 .debug_pubnames
                0x0000000000001316       0x3c layer1/liblayer1.a(agc.o)
 .debug_pubnames
                0x0000000000001352       0x4f layer1/liblayer1.a(afc.o)
 .debug_pubnames
                0x00000000000013a1       0x2e layer1/liblayer1.a(toa.o)
 .debug_pubnames
                0x00000000000013cf       0xeb layer1/liblayer1.a(sync.o)
 .debug_pubnames
                0x00000000000014ba       0xbb layer1/liblayer1.a(tdma_sched.o)
 .debug_pubnames
                0x0000000000001575       0x7a layer1/liblayer1.a(tpu_window.o)
 .debug_pubnames
                0x00000000000015ef       0x26 layer1/liblayer1.a(rfch.o)
 .debug_pubnames
                0x0000000000001615       0x41 layer1/liblayer1.a(apc.o)
 .debug_pubnames
                0x0000000000001656       0x3b layer1/liblayer1.a(avg.o)
 .debug_pubnames
                0x0000000000001691       0xb3 lib/libmini.a(vsprintf.o)
 .debug_pubnames
                0x0000000000001744       0x29 lib/libmini.a(string.o)
 .debug_pubnames
                0x000000000000176d       0x1d lib/libmini.a(ctype.o)
 .debug_pubnames
                0x000000000000178a       0x1d lib/libmini.a(printf.o)
 .debug_pubnames
                0x00000000000017a7       0x89 lib/libmini.a(console.o)
 .debug_pubnames
                0x0000000000001830       0x26 lib/libmini.a(ctors.o)
 .debug_pubnames
                0x0000000000001856       0x2c lib/libmini.a(delay.o)
 .debug_pubnames
                0x0000000000001882       0xdd comm/libcomm.a(sercomm.o)
 .debug_pubnames
                0x000000000000195f       0x37 comm/libcomm.a(sercomm_cons.o)
 .debug_pubnames
                0x0000000000001996       0xaf comm/libcomm.a(timer.o)
 .debug_pubnames
                0x0000000000001a45      0x12b calypso/libcalypso.a(dsp.o)
 .debug_pubnames
                0x0000000000001b70       0x45 comm/libcomm.a(msgb.o)

.debug_pubtypes
                0x0000000000000000     0x331b
 .debug_pubtypes
                0x0000000000000000       0x8f apps/layer1/main.o
 .debug_pubtypes
                0x000000000000008f       0xa2 abb/twl3025.o
 .debug_pubtypes
                0x0000000000000131       0xa3 rf/trf6151.o
 .debug_pubtypes
                0x00000000000001d4      0x109 flash/cfi_flash.o
 .debug_pubtypes
                0x00000000000002dd       0x5f board/compal/rffe_dualband.o
 .debug_pubtypes
                0x000000000000033c       0x1e board/compal/rf_power.o
 .debug_pubtypes
                0x000000000000035a       0xce board/compal_e88/init.o
 .debug_pubtypes
                0x0000000000000428      0x139 battery/compal_e88.o
 .debug_pubtypes
                0x0000000000000561       0x4b fb/framebuffer.o
 .debug_pubtypes
                0x00000000000005ac       0x4e fb/font.o
 .debug_pubtypes
                0x00000000000005fa       0x42 fb/helvR08.o
 .debug_pubtypes
                0x000000000000063c       0x42 fb/helvB14.o
 .debug_pubtypes
                0x000000000000067e       0x42 fb/c64.o
 .debug_pubtypes
                0x00000000000006c0       0x42 fb/symbols.o
 .debug_pubtypes
                0x0000000000000702       0x85 fb/fb_bw8.o
 .debug_pubtypes
                0x0000000000000787       0x72 fb/fb_st7558.o
 .debug_pubtypes
                0x00000000000007f9       0x97 calypso/libcalypso.a(clock.o)
 .debug_pubtypes
                0x0000000000000890       0x1e calypso/libcalypso.a(dma.o)
 .debug_pubtypes
                0x00000000000008ae       0x37 calypso/libcalypso.a(i2c.o)
 .debug_pubtypes
                0x00000000000008e5       0x6a calypso/libcalypso.a(irq.o)
 .debug_pubtypes
                0x000000000000094f       0x29 calypso/libcalypso.a(rtc.o)
 .debug_pubtypes
                0x0000000000000978       0x6c calypso/libcalypso.a(sim.o)
 .debug_pubtypes
                0x00000000000009e4       0x45 calypso/libcalypso.a(spi.o)
 .debug_pubtypes
                0x0000000000000a29       0x89 calypso/libcalypso.a(tpu.o)
 .debug_pubtypes
                0x0000000000000ab2       0x6a calypso/libcalypso.a(tsp.o)
 .debug_pubtypes
                0x0000000000000b1c       0x72 calypso/libcalypso.a(keypad.o)
 .debug_pubtypes
                0x0000000000000b8e       0x12 calypso/libcalypso.a(misc.o)
 .debug_pubtypes
                0x0000000000000ba0       0x6d calypso/libcalypso.a(timer.o)
 .debug_pubtypes
                0x0000000000000c0d       0x37 calypso/libcalypso.a(backlight.o)
 .debug_pubtypes
                0x0000000000000c44       0x7c calypso/libcalypso.a(uart.o)
 .debug_pubtypes
                0x0000000000000cc0       0x40 layer1/liblayer1.a(init.o)
 .debug_pubtypes
                0x0000000000000d00      0x385 layer1/liblayer1.a(l23_api.o)
 .debug_pubtypes
                0x0000000000001085      0x177 layer1/liblayer1.a(mframe_sched.o)
 .debug_pubtypes
                0x00000000000011fc       0x91 layer1/liblayer1.a(sched_gsmtime.o)
 .debug_pubtypes
                0x000000000000128d      0x15a layer1/liblayer1.a(async.o)
 .debug_pubtypes
                0x00000000000013e7       0x2b layer1/liblayer1.a(trx_dummy.o)
 .debug_pubtypes
                0x0000000000001412      0x1fd layer1/liblayer1.a(prim_pm.o)
 .debug_pubtypes
                0x000000000000160f      0x1c6 layer1/liblayer1.a(prim_rach.o)
 .debug_pubtypes
                0x00000000000017d5      0x1dd layer1/liblayer1.a(prim_tx_nb.o)
 .debug_pubtypes
                0x00000000000019b2      0x226 layer1/liblayer1.a(prim_rx_nb.o)
 .debug_pubtypes
                0x0000000000001bd8      0x22a layer1/liblayer1.a(prim_fbsb.o)
 .debug_pubtypes
                0x0000000000001e02      0x143 layer1/liblayer1.a(prim_freq.o)
 .debug_pubtypes
                0x0000000000001f45      0x143 layer1/liblayer1.a(prim_utils.o)
 .debug_pubtypes
                0x0000000000002088      0x264 layer1/liblayer1.a(prim_tch.o)
 .debug_pubtypes
                0x00000000000022ec      0x23d layer1/liblayer1.a(prim_bts.o)
 .debug_pubtypes