Archive member included because of file (symbol)

calypso/libcalypso.a(clock.o)
                              apps/layer1/main.o (calypso_clk_dump)
calypso/libcalypso.a(dma.o)   board/compal_e88/init.o (dma_init)
calypso/libcalypso.a(i2c.o)   fb/fb_st7558.o (i2c_write)
calypso/libcalypso.a(irq.o)   abb/twl3025.o (irq_enable)
calypso/libcalypso.a(rtc.o)   board/compal_e88/init.o (rtc_init)
calypso/libcalypso.a(sim.o)   apps/layer1/main.o (sim_handler)
calypso/libcalypso.a(spi.o)   abb/twl3025.o (spi_init)
calypso/libcalypso.a(tpu.o)   apps/layer1/main.o (tpu_enable)
calypso/libcalypso.a(tsp.o)   abb/twl3025.o (tsp_write)
calypso/libcalypso.a(keypad.o)
                              board/compal_e88/init.o (keypad_init)
calypso/libcalypso.a(misc.o)  apps/layer1/main.o (dump_dev_id)
calypso/libcalypso.a(timer.o)
                              board/compal_e88/init.o (hwtimer_init)
calypso/libcalypso.a(backlight.o)
                              board/compal_e88/init.o (bl_mode_pwl)
calypso/libcalypso.a(uart.o)  board/compal_e88/init.o (uart_init)
calypso/libcalypso.a(arm.o)   calypso/libcalypso.a(irq.o) (arm_enable_interrupts)
layer1/liblayer1.a(init.o)    apps/layer1/main.o (layer1_init)
layer1/liblayer1.a(l23_api.o)
                              calypso/libcalypso.a(sim.o) (l1_queue_for_l2)
layer1/liblayer1.a(mframe_sched.o)
                              layer1/liblayer1.a(l23_api.o) (mframe_enable)
layer1/liblayer1.a(sched_gsmtime.o)
                              layer1/liblayer1.a(l23_api.o) (sched_gsmtime_reset)
layer1/liblayer1.a(async.o)   layer1/liblayer1.a(l23_api.o) (l1a_txq_msgb_enq)
layer1/liblayer1.a(prim_pm.o)
                              layer1/liblayer1.a(l23_api.o) (l1s_pm_test)
layer1/liblayer1.a(prim_rach.o)
                              layer1/liblayer1.a(l23_api.o) (l1a_rach_req)
layer1/liblayer1.a(prim_tx_nb.o)
                              layer1/liblayer1.a(mframe_sched.o) (nb_sched_set_ul)
layer1/liblayer1.a(prim_rx_nb.o)
                              layer1/liblayer1.a(mframe_sched.o) (nb_sched_set)
layer1/liblayer1.a(prim_fbsb.o)
                              layer1/liblayer1.a(l23_api.o) (l1s_fbsb_req)
layer1/liblayer1.a(prim_freq.o)
                              layer1/liblayer1.a(l23_api.o) (l1a_freq_req)
layer1/liblayer1.a(prim_utils.o)
                              layer1/liblayer1.a(prim_tx_nb.o) (pu_get_idle_frame)
layer1/liblayer1.a(prim_tch.o)
                              layer1/liblayer1.a(mframe_sched.o) (tch_sched_set)
layer1/liblayer1.a(agc.o)     layer1/liblayer1.a(prim_pm.o) (agc_inp_dbm8_by_pm)
layer1/liblayer1.a(afc.o)     layer1/liblayer1.a(prim_fbsb.o) (afc_correct)
layer1/liblayer1.a(toa.o)     layer1/liblayer1.a(prim_rx_nb.o) (toa_input)
layer1/liblayer1.a(sync.o)    layer1/liblayer1.a(prim_fbsb.o) (l1s_time_inc)
layer1/liblayer1.a(tdma_sched.o)
                              layer1/liblayer1.a(prim_pm.o) (tdma_end_set)
layer1/liblayer1.a(tpu_window.o)
                              layer1/liblayer1.a(sync.o) (l1s_win_init)
layer1/liblayer1.a(rfch.o)    layer1/liblayer1.a(prim_tx_nb.o) (rfch_get_params)
layer1/liblayer1.a(avg.o)     layer1/liblayer1.a(afc.o) (runavg_input)
lib/libmini.a(vsprintf.o)     apps/layer1/main.o (puts)
lib/libmini.a(string.o)       lib/libmini.a(vsprintf.o) (strnlen)
lib/libmini.a(ctype.o)        lib/libmini.a(vsprintf.o) (_ctype)
lib/libmini.a(printf.o)       apps/layer1/main.o (printf)
lib/libmini.a(console.o)      board/compal_e88/init.o (cons_bind_uart)
lib/libmini.a(ctors.o)        board/compal/start.ram.o (do_global_ctors)
lib/libmini.a(delay.o)        calypso/libcalypso.a(tpu.o) (delay_us)
lib/libmini.a(div64.o)        lib/libmini.a(vsprintf.o) (__do_div64)
lib/libmini.a(lib1funcs.o)    rf/trf6151.o (__udivsi3)
lib/libmini.a(memcpy.o)       calypso/libcalypso.a(sim.o) (memcpy)
lib/libmini.a(memset.o)       apps/layer1/main.o (memset)
comm/libcomm.a(sercomm.o)     layer1/liblayer1.a(l23_api.o) (sercomm_sendmsg)
comm/libcomm.a(sercomm_cons.o)
                              lib/libmini.a(vsprintf.o) (sercomm_puts)
comm/libcomm.a(timer.o)       calypso/libcalypso.a(keypad.o) (jiffies)
tiffs/libtiffs.a(init.o)      board/compal_e88/init.o (tiffs_init)
tiffs/libtiffs.a(globals.o)   tiffs/libtiffs.a(init.o) (tiffs_base_addr)
../../shared/libosmocore/build-target/src/.libs/libosmocore.a(msgb.o)
                              calypso/libcalypso.a(sim.o) (msgb_alloc)
../../shared/libosmocore/build-target/src/.libs/libosmocore.a(utils.o)
                              calypso/libcalypso.a(sim.o) (osmo_hexdump)
../../shared/libosmocore/build-target/src/.libs/libosmocore.a(panic.o)
                              calypso/libcalypso.a(sim.o) (osmo_panic)
../../shared/libosmocore/build-target/src/gsm/.libs/libosmogsm.a(gsm_utils.o)
                              layer1/liblayer1.a(prim_fbsb.o) (rxlev2dbm)
calypso/libcalypso.a(dsp.o)   layer1/liblayer1.a(sync.o) (dsp_api_memset)
lib/libmini.a(memcmp.o)       tiffs/libtiffs.a(init.o) (memcmp)
[...]
Memory Configuration

Name             Origin             Length             Attributes
XRAM             0x0000000000800000 0x0000000000020000 rw
RAM              0x0000000000820000 0x0000000000030000 rw
*default*        0x0000000000000000 0xffffffffffffffff

Linker script and memory map

START GROUP
LOAD apps/layer1/main.o
LOAD abb/twl3025.o
LOAD rf/trf6151.o
LOAD flash/cfi_flash.o
LOAD board/common/calypso_uart.o
LOAD board/common/calypso_pwl.o
LOAD board/common/tx_calchan.o
LOAD board/compal/rffe_dualband.o
LOAD board/compal/rf_tables.o
LOAD board/compal/readcal_common.o
LOAD board/compal_e88/init.o
LOAD board/compal/readcal_small.o
LOAD board/compal_e88/tx_ramps.o
LOAD battery/compal_e88.o
LOAD fb/framebuffer.o
LOAD fb/font.o
LOAD fb/helvR08.o
LOAD fb/helvB14.o
LOAD fb/c64.o
LOAD fb/symbols.o
LOAD fb/fb_bw8.o
LOAD fb/fb_st7558.o
LOAD board/compal/start.ram.o
LOAD board/compal/exceptions_redirected.o
LOAD board/compal/handlers.o
LOAD board/compal_e88/layer1.highram.manifest.o
LOAD calypso/libcalypso.a
LOAD layer1/liblayer1.a
LOAD lib/libmini.a
LOAD comm/libcomm.a
LOAD tiffs/libtiffs.a
LOAD ../../shared/libosmocore/build-target/src/.libs/libosmocore.a
LOAD ../../shared/libosmocore/build-target/src/gsm/.libs/libosmogsm.a
END GROUP
                0x0000000000820000                . = 0x820000

.text.start     0x0000000000820000       0x6c
                0x0000000000820000                PROVIDE (_start, .)
 *(.text.start)
 .text.start    0x0000000000820000       0x6c board/compal/start.ram.o
                0x0000000000820000                _start
 *(.text.start)

.text.exceptions
                0x000000000080001c       0x1c load address 0x000000000082006c
 *(.text.exceptions)
 .text.exceptions
                0x000000000080001c       0x1c board/compal/exceptions_redirected.o
 *(.text.exceptions)
                0x0000000000800038                . = ALIGN (0x4)
                0x000000000082006c                PROVIDE (_exceptions, LOADADDR (.text.exceptions))
                0x0000000000800038                . = ALIGN (0x4)

.text           0x0000000000820088     0xba38
 *(.text*)
 .text.tspact_toggle
                0x0000000000820088       0x44 apps/layer1/main.o
 .text.key_handler
                0x00000000008200cc       0xc4 apps/layer1/main.o
 .text.main     0x0000000000820190      0x178 apps/layer1/main.o
                0x0000000000820190                main
 .text.tpu_enq_at
                0x0000000000820308       0x34 abb/twl3025.o
 .text.tpu_enq_wait
                0x000000000082033c       0x14 abb/twl3025.o
 .text.twl3025_wait_ibic_access
                0x0000000000820350        0x8 abb/twl3025.o
 .text.twl3025_reg_write
                0x0000000000820358       0x58 abb/twl3025.o
                0x0000000000820358                twl3025_reg_write
 .text.twl3025_switch_page
                0x00000000008203b0       0x2c abb/twl3025.o
 .text.twl3025_tsp_write
                0x00000000008203dc       0x10 abb/twl3025.o
                0x00000000008203dc                twl3025_tsp_write
 .text.twl3025_reg_read
                0x00000000008203ec       0x74 abb/twl3025.o
                0x00000000008203ec                twl3025_reg_read
 .text.twl3025_get_pwon
                0x0000000000820460       0x58 abb/twl3025.o
                0x0000000000820460                twl3025_get_pwon
 .text.twl3025_power_off
                0x00000000008204b8       0x30 abb/twl3025.o
                0x00000000008204b8                twl3025_power_off
 .text.twl3025_irq
                0x00000000008204e8       0x68 abb/twl3025.o
 .text.twl3025_clk13m
                0x0000000000820550       0x38 abb/twl3025.o
                0x0000000000820550                twl3025_clk13m
 .text.twl3025_downlink
                0x0000000000820588       0x98 abb/twl3025.o
                0x0000000000820588                twl3025_downlink
 .text.twl3025_uplink
                0x0000000000820620       0xac abb/twl3025.o
                0x0000000000820620                twl3025_uplink
 .text.twl3025_afc_set
                0x00000000008206cc       0x64 abb/twl3025.o
                0x00000000008206cc                twl3025_afc_set
 .text.twl3025_unit_enable
                0x0000000000820730       0x7c abb/twl3025.o
                0x0000000000820730                twl3025_unit_enable
 .text.twl3025_init
                0x00000000008207ac       0x9c abb/twl3025.o
                0x00000000008207ac                twl3025_init
 .text.twl3025_afcout_get
                0x0000000000820848       0x14 abb/twl3025.o
                0x0000000000820848                twl3025_afcout_get
 .text.tpu_enq_at
                0x000000000082085c       0x34 rf/trf6151.o
 .text.tpu_enq_wait
                0x0000000000820890       0x14 rf/trf6151.o
 .text.trf6151_reg_write
                0x00000000008208a4       0x38 rf/trf6151.o
 .text.trf6151_set_gain_reg
                0x00000000008208dc       0x64 rf/trf6151.o
                0x00000000008208dc                trf6151_set_gain_reg
 .text.trf6151_set_gain
                0x0000000000820940       0x74 rf/trf6151.o
                0x0000000000820940                trf6151_set_gain
 .text.trf6151_power
                0x00000000008209b4       0x64 rf/trf6151.o
                0x00000000008209b4                trf6151_power
 .text.trf6151_init
                0x0000000000820a18       0x5c rf/trf6151.o
                0x0000000000820a18                trf6151_init
 .text.trf6151_set_mode
                0x0000000000820a74       0x34 rf/trf6151.o
                0x0000000000820a74                trf6151_set_mode
 .text.trf6151_set_arfcn
                0x0000000000820aa8      0x220 rf/trf6151.o
                0x0000000000820aa8                trf6151_set_arfcn
 .text.trf6151_get_gain
                0x0000000000820cc8       0x28 rf/trf6151.o
                0x0000000000820cc8                trf6151_get_gain
 .text.trf6151_rx_window
                0x0000000000820cf0       0x54 rf/trf6151.o
                0x0000000000820cf0                trf6151_rx_window
 .text.trf6151_tx_window
                0x0000000000820d44       0x44 rf/trf6151.o
                0x0000000000820d44                trf6151_tx_window
 .text.trf6151_compute_gain
                0x0000000000820d88       0x28 rf/trf6151.o
                0x0000000000820d88                trf6151_compute_gain
 .text.trf6151_iq_swapped
                0x0000000000820db0       0x30 rf/trf6151.o
                0x0000000000820db0                trf6151_iq_swapped
 .text          0x0000000000820de0       0xfc board/common/calypso_uart.o
                0x0000000000820dec                phex
                0x0000000000820e20                puts_asm
                0x0000000000820e5c                putchar_asm
                0x0000000000820e6c                memdump_asm
 .text.rffe_mode
                0x0000000000820edc       0x44 board/compal/rffe_dualband.o
                0x0000000000820edc                rffe_mode
 .text.rffe_get_rx_ports
                0x0000000000820f20        0x8 board/compal/rffe_dualband.o
                0x0000000000820f20                rffe_get_rx_ports
 .text.rffe_iq_swapped
                0x0000000000820f28        0xc board/compal/rffe_dualband.o
                0x0000000000820f28                rffe_iq_swapped
 .text.rffe_init
                0x0000000000820f34       0x54 board/compal/rffe_dualband.o
                0x0000000000820f34                rffe_init
 .text.rffe_get_gain
                0x0000000000820f88        0x4 board/compal/rffe_dualband.o
                0x0000000000820f88                rffe_get_gain
 .text.rffe_set_gain
                0x0000000000820f8c        0x8 board/compal/rffe_dualband.o
                0x0000000000820f8c                rffe_set_gain
 .text.rffe_compute_gain
                0x0000000000820f94       0x14 board/compal/rffe_dualband.o
                0x0000000000820f94                rffe_compute_gain
 .text.apply_levels
                0x0000000000820fa8       0x28 board/compal/readcal_common.o
 .text.read_compal_factory_records
                0x0000000000820fd0      0x1a8 board/compal/readcal_common.o
                0x0000000000820fd0                read_compal_factory_records
 .text.board_init
                0x0000000000821178      0x1d4 board/compal_e88/init.o
                0x0000000000821178                board_init
 .text.read_factory_rf_calibration
                0x000000000082134c        0x8 board/compal/readcal_small.o
                0x000000000082134c                read_factory_rf_calibration
 .text.bat_compal_e88_goto_state
                0x0000000000821354      0x134 battery/compal_e88.o
 .text.battery_compal_e88_timer_cb
                0x0000000000821488      0x3b4 battery/compal_e88.o
 .text.battery_compal_e88_init
                0x000000000082183c       0x30 battery/compal_e88.o
                0x000000000082183c                battery_compal_e88_init
 .text.fb_font_get_char
                0x000000000082186c       0x58 fb/font.o
                0x000000000082186c                fb_font_get_char
 .text.fb_limit_fb_range
                0x00000000008218c4       0x38 fb/fb_bw8.o
 .text.fb_bw8_update_damage
                0x00000000008218fc       0xf0 fb/fb_bw8.o
 .text.set_fg_pixel
                0x00000000008219ec       0x48 fb/fb_bw8.o
 .text.fb_bw8_clear
                0x0000000000821a34       0x80 fb/fb_bw8.o
                0x0000000000821a34                fb_bw8_clear
 .text.fb_bw8_boxto
                0x0000000000821ab4      0x204 fb/fb_bw8.o
                0x0000000000821ab4                fb_bw8_boxto
 .text.fb_bw8_set_pixel
                0x0000000000821cb8       0x78 fb/fb_bw8.o
                0x0000000000821cb8                fb_bw8_set_pixel
 .text.fb_bw8_set_p
                0x0000000000821d30       0x40 fb/fb_bw8.o
                0x0000000000821d30                fb_bw8_set_p
 .text.fb_bw8_lineto
                0x0000000000821d70      0x168 fb/fb_bw8.o
                0x0000000000821d70                fb_bw8_lineto
 .text.fb_bw8_putstr
                0x0000000000821ed8      0x384 fb/fb_bw8.o
                0x0000000000821ed8                fb_bw8_putstr
 .text.fb_st7558_flush
                0x000000000082225c      0x104 fb/fb_st7558.o
 .text.fb_st7558_init
                0x0000000000822360       0x40 fb/fb_st7558.o
 .text          0x00000000008223a0       0x90 board/compal/handlers.o
                0x00000000008223a0                handle_abort
                0x00000000008223e0                irq_entry
                0x0000000000822408                fiq_entry
 .text.dump_reg16
                0x0000000000822430       0x10 calypso/libcalypso.a(clock.o)
 .text.calypso_clk_dump
                0x0000000000822440       0x6c calypso/libcalypso.a(clock.o)
                0x0000000000822440                calypso_clk_dump
 .text.calypso_pll_set
                0x00000000008224ac       0x34 calypso/libcalypso.a(clock.o)
                0x00000000008224ac                calypso_pll_set
 .text.calypso_reset_set
                0x00000000008224e0       0x28 calypso/libcalypso.a(clock.o)
                0x00000000008224e0                calypso_reset_set
 .text.calypso_clock_set
                0x0000000000822508       0x70 calypso/libcalypso.a(clock.o)
                0x0000000000822508                calypso_clock_set
 .text.calypso_mem_cfg
                0x0000000000822578       0x24 calypso/libcalypso.a(clock.o)
                0x0000000000822578                calypso_mem_cfg
 .text.calypso_bootrom
                0x000000000082259c       0x20 calypso/libcalypso.a(clock.o)
                0x000000000082259c                calypso_bootrom
 .text.calypso_rhea_cfg
                0x00000000008225bc       0x4c calypso/libcalypso.a(clock.o)
                0x00000000008225bc                calypso_rhea_cfg
 .text.dma_init
                0x0000000000822608       0x10 calypso/libcalypso.a(dma.o)
                0x0000000000822608                dma_init
 .text.i2c_write
                0x0000000000822618       0x78 calypso/libcalypso.a(i2c.o)
                0x0000000000822618                i2c_write
 .text.i2c_init
                0x0000000000822690       0x2c calypso/libcalypso.a(i2c.o)
                0x0000000000822690                i2c_init
 .text._irq_enable
                0x00000000008226bc       0x40 calypso/libcalypso.a(irq.o)
 .text.irq_enable
                0x00000000008226fc        0x8 calypso/libcalypso.a(irq.o)
                0x00000000008226fc                irq_enable
 .text.irq_disable
                0x0000000000822704        0x8 calypso/libcalypso.a(irq.o)
                0x0000000000822704                irq_disable
 .text.irq_config
                0x000000000082270c       0x48 calypso/libcalypso.a(irq.o)
                0x000000000082270c                irq_config
 .text.irq      0x0000000000822754       0x3c calypso/libcalypso.a(irq.o)
                0x0000000000822754                irq
 .text.fiq      0x0000000000822790       0x3c calypso/libcalypso.a(irq.o)
                0x0000000000822790                fiq
 .text.irq_register_handler
                0x00000000008227cc       0x14 calypso/libcalypso.a(irq.o)
                0x00000000008227cc                irq_register_handler
 .text.calypso_exceptions_install
                0x00000000008227e0       0x34 calypso/libcalypso.a(irq.o)
                0x00000000008227e0                calypso_exceptions_install
 .text.irq_init
                0x0000000000822814       0x5c calypso/libcalypso.a(irq.o)
                0x0000000000822814                irq_init
 .text.rtc_irq_tick
                0x0000000000822870       0x18 calypso/libcalypso.a(rtc.o)
 .text.rtc_init
                0x0000000000822888       0x54 calypso/libcalypso.a(rtc.o)
                0x0000000000822888                rtc_init
 .text.sim_irq_handler
                0x00000000008228dc       0xf0 calypso/libcalypso.a(sim.o)
                0x00000000008228dc                sim_irq_handler
 .text.calypso_sim_receive
                0x00000000008229cc       0x48 calypso/libcalypso.a(sim.o)
                0x00000000008229cc                calypso_sim_receive
 .text.calypso_sim_transmit
                0x0000000000822a14       0x54 calypso/libcalypso.a(sim.o)
                0x0000000000822a14                calypso_sim_transmit
 .text.sim_apdu
                0x0000000000822a68       0x48 calypso/libcalypso.a(sim.o)
                0x0000000000822a68                sim_apdu
 .text.sim_handler
                0x0000000000822ab0      0x49c calypso/libcalypso.a(sim.o)
                0x0000000000822ab0                sim_handler
 .text.calypso_sim_init
                0x0000000000822f4c       0x34 calypso/libcalypso.a(sim.o)
                0x0000000000822f4c                calypso_sim_init
 .text.calypso_sim_powerup
                0x0000000000822f80       0x70 calypso/libcalypso.a(sim.o)
                0x0000000000822f80                calypso_sim_powerup
 .text.calypso_sim_powerdown
                0x0000000000822ff0       0x60 calypso/libcalypso.a(sim.o)
                0x0000000000822ff0                calypso_sim_powerdown
 .text.spi_init
                0x0000000000823050       0x1c calypso/libcalypso.a(spi.o)
                0x0000000000823050                spi_init
 .text.spi_xfer
                0x000000000082306c      0x100 calypso/libcalypso.a(spi.o)
                0x000000000082306c                spi_xfer
 .text.tpu_wait_ctrl_bit
                0x000000000082316c       0x60 calypso/libcalypso.a(tpu.o)
 .text.tpu_reset
                0x00000000008231cc       0x2c calypso/libcalypso.a(tpu.o)
                0x00000000008231cc                tpu_reset
 .text.tpu_enable
                0x00000000008231f8       0x34 calypso/libcalypso.a(tpu.o)
                0x00000000008231f8                tpu_enable
 .text.tpu_clk_enable
                0x000000000082322c       0x2c calypso/libcalypso.a(tpu.o)
                0x000000000082322c                tpu_clk_enable
 .text.tpu_dsp_frameirq_enable
                0x0000000000823258       0x1c calypso/libcalypso.a(tpu.o)
                0x0000000000823258                tpu_dsp_frameirq_enable
 .text.tpu_rewind
                0x0000000000823274       0x18 calypso/libcalypso.a(tpu.o)
                0x0000000000823274                tpu_rewind
 .text.tpu_enqueue
                0x000000000082328c       0x28 calypso/libcalypso.a(tpu.o)
                0x000000000082328c                tpu_enqueue
 .text.tpu_init
                0x00000000008232b4       0x64 calypso/libcalypso.a(tpu.o)
                0x00000000008232b4                tpu_init
 .text.tpu_wait_idle
                0x0000000000823318       0x20 calypso/libcalypso.a(tpu.o)
                0x0000000000823318                tpu_wait_idle
 .text.tpu_frame_irq_en
                0x0000000000823338       0x30 calypso/libcalypso.a(tpu.o)
                0x0000000000823338                tpu_frame_irq_en
 .text.add_mod5000
                0x0000000000823368       0x38 calypso/libcalypso.a(tpu.o)
                0x0000000000823368                add_mod5000
 .text.tpu_enq_move
                0x00000000008233a0       0x1c calypso/libcalypso.a(tsp.o)
 .text.tsp_write
                0x00000000008233bc       0xcc calypso/libcalypso.a(tsp.o)
                0x00000000008233bc                tsp_write
 .text.tsp_setup
                0x0000000000823488       0x40 calypso/libcalypso.a(tsp.o)
                0x0000000000823488                tsp_setup
 .text.tsp_act_update
                0x00000000008234c8       0x50 calypso/libcalypso.a(tsp.o)
                0x00000000008234c8                tsp_act_update
 .text.tsp_act_enable
                0x0000000000823518       0x1c calypso/libcalypso.a(tsp.o)
                0x0000000000823518                tsp_act_enable
 .text.tsp_act_disable
                0x0000000000823534       0x14 calypso/libcalypso.a(tsp.o)
                0x0000000000823534                tsp_act_disable
 .text.tsp_act_state
                0x0000000000823548       0x10 calypso/libcalypso.a(tsp.o)
                0x0000000000823548                tsp_act_state
 .text.tsp_act_toggle
                0x0000000000823558       0x1c calypso/libcalypso.a(tsp.o)
                0x0000000000823558                tsp_act_toggle
 .text.tsp_init
                0x0000000000823574        0x8 calypso/libcalypso.a(tsp.o)
                0x0000000000823574                tsp_init
 .text.keypad_irq
                0x000000000082357c       0x18 calypso/libcalypso.a(keypad.o)
 .text.emit_key
                0x0000000000823594       0x58 calypso/libcalypso.a(keypad.o)
                0x0000000000823594                emit_key
 .text.dispatch_buttons
                0x00000000008235ec       0xc4 calypso/libcalypso.a(keypad.o)
                0x00000000008235ec                dispatch_buttons
 .text.keypad_init
                0x00000000008236b0       0x6c calypso/libcalypso.a(keypad.o)
                0x00000000008236b0                keypad_init
 .text.keypad_set_handler
                0x000000000082371c       0x10 calypso/libcalypso.a(keypad.o)
                0x000000000082371c                keypad_set_handler
 .text.keypad_poll
                0x000000000082372c      0x1f0 calypso/libcalypso.a(keypad.o)
                0x000000000082372c                keypad_poll
 .text.dump_dev_id
                0x000000000082391c       0x8c calypso/libcalypso.a(misc.o)
                0x000000000082391c                dump_dev_id
 .text.hwtimer_enable
                0x00000000008239a8       0x68 calypso/libcalypso.a(timer.o)
                0x00000000008239a8                hwtimer_enable
 .text.hwtimer_config
                0x0000000000823a10       0x34 calypso/libcalypso.a(timer.o)
                0x0000000000823a10                hwtimer_config
 .text.hwtimer_load
                0x0000000000823a44       0x28 calypso/libcalypso.a(timer.o)
                0x0000000000823a44                hwtimer_load
 .text.hwtimer_read
                0x0000000000823a6c       0x54 calypso/libcalypso.a(timer.o)
                0x0000000000823a6c                hwtimer_read
 .text.hwtimer_init
                0x0000000000823ac0       0x1c calypso/libcalypso.a(timer.o)
                0x0000000000823ac0                hwtimer_init
 .text.bl_mode_pwl
                0x0000000000823adc       0x3c calypso/libcalypso.a(backlight.o)
                0x0000000000823adc                bl_mode_pwl
 .text.bl_level
                0x0000000000823b18       0x34 calypso/libcalypso.a(backlight.o)
                0x0000000000823b18                bl_level
 .text.uart_set_lcr7bit
                0x0000000000823b4c       0x2c calypso/libcalypso.a(uart.o)
 .text.uart_set_lcr_bf
                0x0000000000823b78       0x38 calypso/libcalypso.a(uart.o)
 .text.uart_set_mcr6bit
                0x0000000000823bb0       0x2c calypso/libcalypso.a(uart.o)
 .text.uart_reg_write
                0x0000000000823bdc       0xa0 calypso/libcalypso.a(uart.o)
 .text.uart_reg_read
                0x0000000000823c7c       0xa0 calypso/libcalypso.a(uart.o)
 .text.uart_irq_handler_cons
                0x0000000000823d1c       0x5c calypso/libcalypso.a(uart.o)
 .text.uart_irq_enable
                0x0000000000823d78       0x50 calypso/libcalypso.a(uart.o)
                0x0000000000823d78                uart_irq_enable
 .text.uart_init
                0x0000000000823dc8      0x188 calypso/libcalypso.a(uart.o)
                0x0000000000823dc8                uart_init
 .text.uart_putchar_wait
                0x0000000000823f50       0x30 calypso/libcalypso.a(uart.o)
                0x0000000000823f50                uart_putchar_wait
 .text.uart_putchar_nb
                0x0000000000823f80       0x30 calypso/libcalypso.a(uart.o)
                0x0000000000823f80                uart_putchar_nb
 .text.uart_getchar_nb
                0x0000000000823fb0       0x88 calypso/libcalypso.a(uart.o)
                0x0000000000823fb0                uart_getchar_nb
 .text.uart_tx_busy
                0x0000000000824038       0x20 calypso/libcalypso.a(uart.o)
                0x0000000000824038                uart_tx_busy
 .text.uart_irq_handler_sercomm
                0x0000000000824058      0x124 calypso/libcalypso.a(uart.o)
 .text.uart_baudrate
                0x000000000082417c       0x68 calypso/libcalypso.a(uart.o)
                0x000000000082417c                uart_baudrate
 .text.arm_enable_interrupts
                0x00000000008241e4       0x10 calypso/libcalypso.a(arm.o)
                0x00000000008241e4                arm_enable_interrupts
 .text.layer1_init
                0x00000000008241f4       0x48 layer1/liblayer1.a(init.o)
                0x00000000008241f4                layer1_init
 .text.audio_set_enabled
                0x000000000082423c       0x4c layer1/liblayer1.a(l23_api.o)
 .text.msgb_put
                0x0000000000824288       0x58 layer1/liblayer1.a(l23_api.o)
 .text.l1a_l23_rx
                0x00000000008242e0       0x24 layer1/liblayer1.a(l23_api.o)
                0x00000000008242e0                l1a_l23_rx
 .text.l1_queue_for_l2
                0x0000000000824304       0x34 layer1/liblayer1.a(l23_api.o)
                0x0000000000824304                l1_queue_for_l2
 .text.l1ctl_msgb_alloc
                0x0000000000824338       0x68 layer1/liblayer1.a(l23_api.o)
                0x0000000000824338                l1ctl_msgb_alloc
 .text.l1_create_l2_msg
                0x00000000008243a0       0x78 layer1/liblayer1.a(l23_api.o)
                0x00000000008243a0                l1_create_l2_msg
 .text.l1ctl_tx_reset
                0x0000000000824418       0x2c layer1/liblayer1.a(l23_api.o)
                0x0000000000824418                l1ctl_tx_reset
 .text.l1a_l23_handler
                0x0000000000824444      0xa1c layer1/liblayer1.a(l23_api.o)
                0x0000000000824444                l1a_l23_handler
 .text.l1a_l23api_init
                0x0000000000824e60       0x10 layer1/liblayer1.a(l23_api.o)
                0x0000000000824e60                l1a_l23api_init
 .text.mframe_task2chan_nr
                0x0000000000824e70       0x28 layer1/liblayer1.a(mframe_sched.o)
                0x0000000000824e70                mframe_task2chan_nr
 .text.mframe_enable
                0x0000000000824e98       0x1c layer1/liblayer1.a(mframe_sched.o)
                0x0000000000824e98                mframe_enable
 .text.mframe_disable
                0x0000000000824eb4       0x1c layer1/liblayer1.a(mframe_sched.o)
                0x0000000000824eb4                mframe_disable
 .text.mframe_set
                0x0000000000824ed0       0x10 layer1/liblayer1.a(mframe_sched.o)
                0x0000000000824ed0                mframe_set
 .text.mframe_schedule
                0x0000000000824ee0      0x120 layer1/liblayer1.a(mframe_sched.o)
                0x0000000000824ee0                mframe_schedule
 .text.mframe_reset
                0x0000000000825000       0x20 layer1/liblayer1.a(mframe_sched.o)
                0x0000000000825000                mframe_reset
 .text.sched_gsmtime
                0x0000000000825020       0xa8 layer1/liblayer1.a(sched_gsmtime.o)
                0x0000000000825020                sched_gsmtime
 .text.sched_gsmtime_execute
                0x00000000008250c8       0x84 layer1/liblayer1.a(sched_gsmtime.o)
                0x00000000008250c8                sched_gsmtime_execute
 .text.sched_gsmtime_init
                0x000000000082514c       0x50 layer1/liblayer1.a(sched_gsmtime.o)
                0x000000000082514c                sched_gsmtime_init
 .text.sched_gsmtime_reset
                0x000000000082519c       0x54 layer1/liblayer1.a(sched_gsmtime.o)
                0x000000000082519c                sched_gsmtime_reset
 .text.l1a_txq_msgb_enq
                0x00000000008251f0       0x1c layer1/liblayer1.a(async.o)
                0x00000000008251f0                l1a_txq_msgb_enq
 .text.l1a_meas_msgb_set
                0x000000000082520c       0x38 layer1/liblayer1.a(async.o)
                0x000000000082520c                l1a_meas_msgb_set
 .text.l1a_txq_msgb_count
                0x0000000000825244       0x34 layer1/liblayer1.a(async.o)
                0x0000000000825244                l1a_txq_msgb_count
 .text.l1a_txq_msgb_flush
                0x0000000000825278       0x34 layer1/liblayer1.a(async.o)
                0x0000000000825278                l1a_txq_msgb_flush
 .text.l1a_mftask_set
                0x00000000008252ac        0x4 layer1/liblayer1.a(async.o)
                0x00000000008252ac                l1a_mftask_set
 .text.l1a_tch_mode_set
                0x00000000008252b0       0x60 layer1/liblayer1.a(async.o)
                0x00000000008252b0                l1a_tch_mode_set
 .text.l1a_audio_mode_set
                0x0000000000825310       0x14 layer1/liblayer1.a(async.o)
                0x0000000000825310                l1a_audio_mode_set
 .text.l1a_tch_flags_set
                0x0000000000825324       0x14 layer1/liblayer1.a(async.o)
                0x0000000000825324                l1a_tch_flags_set
 .text.l1a_init
                0x0000000000825338        0x4 layer1/liblayer1.a(async.o)
                0x0000000000825338                l1a_init
 .text.l1a_compl_execute
                0x000000000082533c       0x50 layer1/liblayer1.a(async.o)
                0x000000000082533c                l1a_compl_execute
 .text.l1s_neigh_pm_resp
                0x000000000082538c      0x178 layer1/liblayer1.a(prim_pm.o)
 .text.l1s_pm_cmd
                0x0000000000825504       0x50 layer1/liblayer1.a(prim_pm.o)
 .text.l1s_neigh_pm_cmd
                0x0000000000825554       0x7c layer1/liblayer1.a(prim_pm.o)
 .text.l1s_pm_test
                0x00000000008255d0       0x30 layer1/liblayer1.a(prim_pm.o)
                0x00000000008255d0                l1s_pm_test
 .text.l1s_pm_resp
                0x0000000000825600      0x20c layer1/liblayer1.a(prim_pm.o)
 .text.l1s_tx_rach_resp
                0x000000000082580c       0x44 layer1/liblayer1.a(prim_rach.o)
 .text.l1s_tx_rach_cmd
                0x0000000000825850       0x8c layer1/liblayer1.a(prim_rach.o)
 .text.l1a_rach_compl
                0x00000000008258dc       0x28 layer1/liblayer1.a(prim_rach.o)
 .text.l1a_rach_req
                0x0000000000825904      0x160 layer1/liblayer1.a(prim_rach.o)
                0x0000000000825904                l1a_rach_req
 .text.prim_rach_init
                0x0000000000825a64       0x18 layer1/liblayer1.a(prim_rach.o)
 .text.l1s_tx_resp
                0x0000000000825a7c       0x4c layer1/liblayer1.a(prim_tx_nb.o)
 .text.l1s_tx_cmd
                0x0000000000825ac8      0x168 layer1/liblayer1.a(prim_tx_nb.o)
 .text.l1a_tx_nb_compl
                0x0000000000825c30       0x28 layer1/liblayer1.a(prim_tx_nb.o)
 .text.prim_tx_nb_init
                0x0000000000825c58       0x18 layer1/liblayer1.a(prim_tx_nb.o)
 .text.l1s_nb_resp
                0x0000000000825c70      0x2f8 layer1/liblayer1.a(prim_rx_nb.o)
 .text.l1s_nb_cmd
                0x0000000000825f68      0x180 layer1/liblayer1.a(prim_rx_nb.o)
 .text.l1ctl_fbsb_resp
                0x00000000008260e8       0xc0 layer1/liblayer1.a(prim_fbsb.o)
 .text.l1s_sbdet_resp
                0x00000000008261a8      0x33c layer1/liblayer1.a(prim_fbsb.o)
 .text.l1s_sbdet_cmd
                0x00000000008264e4       0x54 layer1/liblayer1.a(prim_fbsb.o)
 .text.l1s_fbdet_cmd
                0x0000000000826538       0x6c layer1/liblayer1.a(prim_fbsb.o)
 .text.fbinfo2cellinfo.clone.0.clone.1
                0x00000000008265a4       0xec layer1/liblayer1.a(prim_fbsb.o)
 .text.l1s_fbdet_resp
                0x0000000000826690      0x328 layer1/liblayer1.a(prim_fbsb.o)
 .text.l1a_fb_compl
                0x00000000008269b8       0x2c layer1/liblayer1.a(prim_fbsb.o)
 .text.l1s_fbsb_req
                0x00000000008269e4       0xf4 layer1/liblayer1.a(prim_fbsb.o)
                0x00000000008269e4                l1s_fbsb_req
 .text.l1s_prim_fbsb_init
                0x0000000000826ad8       0x18 layer1/liblayer1.a(prim_fbsb.o)
 .text.l1s_freq_cmd
                0x0000000000826af0       0x54 layer1/liblayer1.a(prim_freq.o)
 .text.l1a_freq_req
                0x0000000000826b44       0xc0 layer1/liblayer1.a(prim_freq.o)
                0x0000000000826b44                l1a_freq_req
 .text.pu_get_idle_frame
                0x0000000000826c04        0xc layer1/liblayer1.a(prim_utils.o)
                0x0000000000826c04                pu_get_idle_frame
 .text.pu_update_rx_level
                0x0000000000826c10       0x18 layer1/liblayer1.a(prim_utils.o)
                0x0000000000826c10                pu_update_rx_level
 .text.pu_get_meas_frame
                0x0000000000826c28       0x30 layer1/liblayer1.a(prim_utils.o)
                0x0000000000826c28                pu_get_meas_frame
 .text.l1s_tch_d_resp
                0x0000000000826c58       0x18 layer1/liblayer1.a(prim_tch.o)
 .text.l1s_tch_meas_avg
                0x0000000000826c70       0x7c layer1/liblayer1.a(prim_tch.o)
 .text.__fswab32
                0x0000000000826cec       0x14 layer1/liblayer1.a(prim_tch.o)
 .text.msgb_put
                0x0000000000826d00       0x58 layer1/liblayer1.a(prim_tch.o)
 .text.dsp_task_iq_swap
                0x0000000000826d58       0x24 layer1/liblayer1.a(prim_tch.o)
 .text.l1a_tx_tch_compl
                0x0000000000826d7c       0x68 layer1/liblayer1.a(prim_tch.o)
 .text.tch_get_params.clone.0
                0x0000000000826de4      0x1b4 layer1/liblayer1.a(prim_tch.o)
 .text.l1s_tch_a_resp
                0x0000000000826f98      0x280 layer1/liblayer1.a(prim_tch.o)
 .text.l1s_tch_d_cmd
                0x0000000000827218       0xc0 layer1/liblayer1.a(prim_tch.o)
 .text.l1s_tch_resp
                0x00000000008272d8      0x4d0 layer1/liblayer1.a(prim_tch.o)
 .text.l1s_tch_a_cmd
                0x00000000008277a8      0x27c layer1/liblayer1.a(prim_tch.o)
 .text.l1s_tch_cmd
                0x0000000000827a24      0x374 layer1/liblayer1.a(prim_tch.o)
 .text.prim_tch_init
                0x0000000000827d98       0x18 layer1/liblayer1.a(prim_tch.o)
 .text.agc_inp_dbm8_by_pm
                0x0000000000827db0       0x34 layer1/liblayer1.a(agc.o)
                0x0000000000827db0                agc_inp_dbm8_by_pm
 .text.afc_correct
                0x0000000000827de4       0x80 layer1/liblayer1.a(afc.o)
                0x0000000000827de4                afc_correct
 .text.afc_ravg_output
                0x0000000000827e64       0x18 layer1/liblayer1.a(afc.o)
 .text.afc_reset
                0x0000000000827e7c       0x1c layer1/liblayer1.a(afc.o)
                0x0000000000827e7c                afc_reset
 .text.afc_input
                0x0000000000827e98       0x2c layer1/liblayer1.a(afc.o)
                0x0000000000827e98                afc_input
 .text.afc_load_dsp
                0x0000000000827ec4       0x2c layer1/liblayer1.a(afc.o)
                0x0000000000827ec4                afc_load_dsp
 .text.toa_ravg_output
                0x0000000000827ef0       0x30 layer1/liblayer1.a(toa.o)
 .text.toa_input
                0x0000000000827f20       0x48 layer1/liblayer1.a(toa.o)
                0x0000000000827f20                toa_input
 .text.toa_reset
                0x0000000000827f68       0x1c layer1/liblayer1.a(toa.o)
                0x0000000000827f68                toa_reset
 .text.l1s_abort_cmd
                0x0000000000827f84       0x58 layer1/liblayer1.a(sync.o)
 .text.l1s_time_inc
                0x0000000000827fdc       0xc8 layer1/liblayer1.a(sync.o)
                0x0000000000827fdc                l1s_time_inc
 .text.frame_irq
                0x00000000008280a4      0x178 layer1/liblayer1.a(sync.o)
 .text.l1s_time_dump
                0x000000000082821c       0x2c layer1/liblayer1.a(sync.o)
                0x000000000082821c                l1s_time_dump
 .text.l1s_snr_int
                0x0000000000828248        0xc layer1/liblayer1.a(sync.o)
                0x0000000000828248                l1s_snr_int
 .text.synchronize_tdma
                0x0000000000828254       0xa8 layer1/liblayer1.a(sync.o)
                0x0000000000828254                synchronize_tdma
 .text.l1s_reset_hw
                0x00000000008282fc       0x7c layer1/liblayer1.a(sync.o)
                0x00000000008282fc                l1s_reset_hw
 .text.l1s_compl_sched
                0x0000000000828378       0x2c layer1/liblayer1.a(sync.o)
                0x0000000000828378                l1s_compl_sched
 .text.l1s_dsp_abort
                0x00000000008283a4       0x2c layer1/liblayer1.a(sync.o)
                0x00000000008283a4                l1s_dsp_abort
 .text.l1s_tx_apc_helper
                0x00000000008283d0      0x1b8 layer1/liblayer1.a(sync.o)
                0x00000000008283d0                l1s_tx_apc_helper
 .text.l1s_reset
                0x0000000000828588       0x40 layer1/liblayer1.a(sync.o)
                0x0000000000828588                l1s_reset
 .text.l1s_init
                0x00000000008285c8       0xb0 layer1/liblayer1.a(sync.o)
                0x00000000008285c8                l1s_init
 .text.tdma_end_set
                0x0000000000828678        0x8 layer1/liblayer1.a(tdma_sched.o)
                0x0000000000828678                tdma_end_set
 .text.tdma_schedule
                0x0000000000828680       0x98 layer1/liblayer1.a(tdma_sched.o)
                0x0000000000828680                tdma_schedule
 .text.tdma_schedule_set
                0x0000000000828718       0xf0 layer1/liblayer1.a(tdma_sched.o)
                0x0000000000828718                tdma_schedule_set
 .text.tdma_sched_advance
                0x0000000000828808       0x24 layer1/liblayer1.a(tdma_sched.o)
                0x0000000000828808                tdma_sched_advance
 .text.tdma_sched_flag_scan
                0x000000000082882c       0x4c layer1/liblayer1.a(tdma_sched.o)
                0x000000000082882c                tdma_sched_flag_scan
 .text.tdma_sched_execute
                0x0000000000828878      0x170 layer1/liblayer1.a(tdma_sched.o)
                0x0000000000828878                tdma_sched_execute
 .text.tdma_sched_reset
                0x00000000008289e8       0x30 layer1/liblayer1.a(tdma_sched.o)
                0x00000000008289e8                tdma_sched_reset
 .text.tpu_enq_at
                0x0000000000828a18       0x34 layer1/liblayer1.a(tpu_window.o)
 .text._win_cleanup
                0x0000000000828a4c       0x64 layer1/liblayer1.a(tpu_window.o)
 .text._win_setup
                0x0000000000828ab0       0x98 layer1/liblayer1.a(tpu_window.o)
 .text.l1s_win_init
                0x0000000000828b48       0x54 layer1/liblayer1.a(tpu_window.o)
                0x0000000000828b48                l1s_win_init
 .text.l1s_rx_win_ctrl
                0x0000000000828b9c       0xbc layer1/liblayer1.a(tpu_window.o)
                0x0000000000828b9c                l1s_rx_win_ctrl
 .text.l1s_tx_win_ctrl
                0x0000000000828c58       0xb0 layer1/liblayer1.a(tpu_window.o)
                0x0000000000828c58                l1s_tx_win_ctrl
 .text.tpu_end_scenario
                0x0000000000828d08       0x18 layer1/liblayer1.a(tpu_window.o)
                0x0000000000828d08                tpu_end_scenario
 .text.rfch_get_params
                0x0000000000828d20      0x148 layer1/liblayer1.a(rfch.o)
                0x0000000000828d20                rfch_get_params
 .text.runavg_input
                0x0000000000828e68       0x30 layer1/liblayer1.a(avg.o)
                0x0000000000828e68                runavg_input
 .text.runavg_check_output
                0x0000000000828e98       0x64 layer1/liblayer1.a(avg.o)
                0x0000000000828e98                runavg_check_output
 .text.skip_atoi
                0x0000000000828efc       0x44 lib/libmini.a(vsprintf.o)
 .text.number   0x0000000000828f40      0x254 lib/libmini.a(vsprintf.o)
 .text.vsnprintf
                0x0000000000829194      0x518 lib/libmini.a(vsprintf.o)
                0x0000000000829194                vsnprintf
 .text.snprintf
                0x00000000008296ac       0x24 lib/libmini.a(vsprintf.o)
                0x00000000008296ac                snprintf
 .text.puts     0x00000000008296d0        0x4 lib/libmini.a(vsprintf.o)
                0x00000000008296d0                puts
 .text.strnlen  0x00000000008296d4       0x28 lib/libmini.a(string.o)
                0x00000000008296d4                strnlen
 .text.strlen   0x00000000008296fc       0x1c lib/libmini.a(string.o)
                0x00000000008296fc                strlen
 .text.printf   0x0000000000829718       0x44 lib/libmini.a(printf.o)
                0x0000000000829718                printf
 .text.cons_rb_pull
                0x000000000082975c       0x6c lib/libmini.a(console.o)
 .text.__cons_rb_append
                0x00000000008297c8       0x70 lib/libmini.a(console.o)
 .text.cons_bind_uart
                0x0000000000829838       0x18 lib/libmini.a(console.o)
                0x0000000000829838                cons_bind_uart
 .text.cons_get_uart
                0x0000000000829850       0x18 lib/libmini.a(console.o)
                0x0000000000829850                cons_get_uart
 .text.cons_init
                0x0000000000829868       0x40 lib/libmini.a(console.o)
                0x0000000000829868                cons_init
 .text.cons_rb_flush
                0x00000000008298a8       0x58 lib/libmini.a(console.o)
                0x00000000008298a8                cons_rb_flush
 .text.cons_rb_append
                0x0000000000829900       0xe0 lib/libmini.a(console.o)
                0x0000000000829900                cons_rb_append
 .text.cons_puts
                0x00000000008299e0       0x74 lib/libmini.a(console.o)
                0x00000000008299e0                cons_puts
 .text.do_global_ctors
                0x0000000000829a54       0x2c lib/libmini.a(ctors.o)
                0x0000000000829a54                do_global_ctors
 .text.delay_us
                0x0000000000829a80       0x38 lib/libmini.a(delay.o)
                0x0000000000829a80                delay_us
 .text.delay_ms
                0x0000000000829ab8       0x40 lib/libmini.a(delay.o)
                0x0000000000829ab8                delay_ms
 .text          0x0000000000829af8      0x130 lib/libmini.a(div64.o)
                0x0000000000829af8                __do_div64
 .text          0x0000000000829c28      0x3d4 lib/libmini.a(lib1funcs.o)
                0x0000000000829c28                __udivsi3
                0x0000000000829c28                __aeabi_uidiv
                0x0000000000829d10                __umodsi3
                0x0000000000829dcc                __aeabi_idiv
                0x0000000000829dcc                __divsi3
                0x0000000000829ee4                __modsi3
                0x0000000000829fb8                __aeabi_uidivmod
                0x0000000000829fd0                __aeabi_idivmod
                0x0000000000829ff8                __div0
 .text          0x0000000000829ffc      0x29c lib/libmini.a(memcpy.o)
                0x0000000000829ffc                memcpy
 *fill*         0x000000000082a298        0x8 00
 .text          0x000000000082a2a0       0xc0 lib/libmini.a(memset.o)
                0x000000000082a2c0                memset
 .text.sercomm_sendmsg
                0x000000000082a360       0x8c comm/libcomm.a(sercomm.o)
                0x000000000082a360                sercomm_sendmsg
 .text.sercomm_alloc_msgb.clone.2
                0x000000000082a3ec       0x38 comm/libcomm.a(sercomm.o)
 .text.sercomm_bind_uart
                0x000000000082a424       0x10 comm/libcomm.a(sercomm.o)
                0x000000000082a424                sercomm_bind_uart
 .text.sercomm_get_uart
                0x000000000082a434       0x10 comm/libcomm.a(sercomm.o)
                0x000000000082a434                sercomm_get_uart
 .text.sercomm_initialized
                0x000000000082a444       0x10 comm/libcomm.a(sercomm.o)
                0x000000000082a444                sercomm_initialized
 .text.sercomm_tx_queue_depth
                0x000000000082a454       0x34 comm/libcomm.a(sercomm.o)
                0x000000000082a454                sercomm_tx_queue_depth
 .text.sercomm_drv_pull
                0x000000000082a488      0x118 comm/libcomm.a(sercomm.o)
                0x000000000082a488                sercomm_drv_pull
 .text.sercomm_register_rx_cb
                0x000000000082a5a0       0x34 comm/libcomm.a(sercomm.o)
                0x000000000082a5a0                sercomm_register_rx_cb
 .text.sercomm_init
                0x000000000082a5d4       0x50 comm/libcomm.a(sercomm.o)
                0x000000000082a5d4                sercomm_init
 .text.sercomm_drv_rx_char
                0x000000000082a624      0x1a8 comm/libcomm.a(sercomm.o)
                0x000000000082a624                sercomm_drv_rx_char
 .text.raw_puts
                0x000000000082a7cc       0x38 comm/libcomm.a(sercomm_cons.o)
 .text.sercomm_puts
                0x000000000082a804      0x178 comm/libcomm.a(sercomm_cons.o)
                0x000000000082a804                sercomm_puts
 .text.sercomm_putchar
                0x000000000082a97c       0x28 comm/libcomm.a(sercomm_cons.o)
                0x000000000082a97c                sercomm_putchar
 .text.timer_irq
                0x000000000082a9a4       0x18 comm/libcomm.a(timer.o)
 .text.osmo_timer_add
                0x000000000082a9bc       0x54 comm/libcomm.a(timer.o)
                0x000000000082a9bc                osmo_timer_add
 .text.osmo_timer_schedule
                0x000000000082aa10       0x34 comm/libcomm.a(timer.o)
                0x000000000082aa10                osmo_timer_schedule
 .text.osmo_timer_del
                0x000000000082aa44       0x48 comm/libcomm.a(timer.o)
                0x000000000082aa44                osmo_timer_del
 .text.osmo_timers_update
                0x000000000082aa8c       0xdc comm/libcomm.a(timer.o)
                0x000000000082aa8c                osmo_timers_update
 .text.timer_init
                0x000000000082ab68       0x6c comm/libcomm.a(timer.o)
                0x000000000082ab68                timer_init
 .text.tiffs_init
                0x000000000082abd4      0x148 tiffs/libtiffs.a(init.o)
                0x000000000082abd4                tiffs_init
 .text.msgb_alloc
                0x000000000082ad1c       0x5c ../../shared/libosmocore/build-target/src/.libs/libosmocore.a(msgb.o)
                0x000000000082ad1c                msgb_alloc
 .text.msgb_free
                0x000000000082ad78        0x4 ../../shared/libosmocore/build-target/src/.libs/libosmocore.a(msgb.o)
                0x000000000082ad78                msgb_free
 .text.msgb_enqueue
                0x000000000082ad7c       0x18 ../../shared/libosmocore/build-target/src/.libs/libosmocore.a(msgb.o)
                0x000000000082ad7c                msgb_enqueue
 .text.msgb_dequeue
                0x000000000082ad94       0x40 ../../shared/libosmocore/build-target/src/.libs/libosmocore.a(msgb.o)
                0x000000000082ad94                msgb_dequeue
 .text._osmo_hexdump
                0x000000000082add4       0x90 ../../shared/libosmocore/build-target/src/.libs/libosmocore.a(utils.o)
 .text.osmo_hexdump
                0x000000000082ae64       0x1c ../../shared/libosmocore/build-target/src/.libs/libosmocore.a(utils.o)
                0x000000000082ae64                osmo_hexdump
 .text.osmo_panic
                0x000000000082ae80       0x4c ../../shared/libosmocore/build-target/src/.libs/libosmocore.a(panic.o)
                0x000000000082ae80                osmo_panic
 .text.rxlev2dbm
                0x000000000082aecc       0x14 ../../shared/libosmocore/build-target/src/gsm/.libs/libosmogsm.a(gsm_utils.o)
                0x000000000082aecc                rxlev2dbm
 .text.dbm2rxlev
                0x000000000082aee0       0x18 ../../shared/libosmocore/build-target/src/gsm/.libs/libosmogsm.a(gsm_utils.o)
                0x000000000082aee0                dbm2rxlev
 .text.gsm_arfcn2band
                0x000000000082aef8       0xd4 ../../shared/libosmocore/build-target/src/gsm/.libs/libosmogsm.a(gsm_utils.o)
                0x000000000082aef8                gsm_arfcn2band
 .text.gsm_arfcn2freq10
                0x000000000082afcc      0x164 ../../shared/libosmocore/build-target/src/gsm/.libs/libosmogsm.a(gsm_utils.o)
                0x000000000082afcc                gsm_arfcn2freq10
 .text.gsm_fn2gsmtime
                0x000000000082b130       0x5c ../../shared/libosmocore/build-target/src/gsm/.libs/libosmogsm.a(gsm_utils.o)
                0x000000000082b130                gsm_fn2gsmtime
 .text.gsm_gsmtime2fn
                0x000000000082b18c       0x38 ../../shared/libosmocore/build-target/src/gsm/.libs/libosmogsm.a(gsm_utils.o)
                0x000000000082b18c                gsm_gsmtime2fn
 .text.dsp_bl_wait_ready
                0x000000000082b1c4       0x18 calypso/libcalypso.a(dsp.o)
 .text.dsp_upload_sections_api
                0x000000000082b1dc       0x88 calypso/libcalypso.a(dsp.o)
 .text.dsp_pre_boot
                0x000000000082b264       0x84 calypso/libcalypso.a(dsp.o)
 .text.dsp_dump_version
                0x000000000082b2e8       0x40 calypso/libcalypso.a(dsp.o)
                0x000000000082b2e8                dsp_dump_version
 .text.dsp_api_memset
                0x000000000082b328       0x2c calypso/libcalypso.a(dsp.o)
                0x000000000082b328                dsp_api_memset
 .text.dsp_memcpy_to_api
                0x000000000082b354       0x8c calypso/libcalypso.a(dsp.o)
                0x000000000082b354                dsp_memcpy_to_api
 .text.dsp_memcpy_from_api
                0x000000000082b3e0       0x94 calypso/libcalypso.a(dsp.o)
                0x000000000082b3e0                dsp_memcpy_from_api
 .text.dsp_power_on
                0x000000000082b474      0x368 calypso/libcalypso.a(dsp.o)
                0x000000000082b474                dsp_power_on
 .text.dsp_end_scenario
                0x000000000082b7dc       0x38 calypso/libcalypso.a(dsp.o)
                0x000000000082b7dc                dsp_end_scenario
 .text.dsp_load_rx_task
                0x000000000082b814       0x2c calypso/libcalypso.a(dsp.o)
                0x000000000082b814                dsp_load_rx_task
 .text.dsp_load_tx_task
                0x000000000082b840       0x2c calypso/libcalypso.a(dsp.o)
                0x000000000082b840                dsp_load_tx_task
 .text.dsp_load_tch_param
                0x000000000082b86c       0xd0 calypso/libcalypso.a(dsp.o)
                0x000000000082b86c                dsp_load_tch_param
 .text.dsp_load_ciph_param
                0x000000000082b93c       0xa8 calypso/libcalypso.a(dsp.o)
                0x000000000082b93c                dsp_load_ciph_param
 .text          0x000000000082b9e4       0x30 lib/libmini.a(memcmp.o)
                0x000000000082b9e4                memcmp
 .text._talloc_zero
                0x000000000082ba14       0xa0 comm/libcomm.a(msgb.o)
                0x000000000082ba14                _talloc_zero
 .text.talloc_free
                0x000000000082bab4        0xc comm/libcomm.a(msgb.o)
                0x000000000082bab4                talloc_free
 *(.ramtext*)
 *(.glue_7t)
 .glue_7t       0x0000000000000000        0x0 linker stubs
 *(.glue_7)
 .glue_7        0x0000000000000000        0x0 linker stubs
 *(.vfp11_veneer)
 .vfp11_veneer  0x0000000000000000        0x0 linker stubs
 *(.v4_bx)
 .v4_bx         0x0000000000000000        0x0 linker stubs
                0x000000000082bac0                . = ALIGN (0x4)
                0x0000000000820088                PROVIDE (_text_start, LOADADDR (.text))
                0x000000000082bac0                PROVIDE (_text_end, (LOADADDR (.text) + SIZEOF (.text)))

.ctors          0x000000000082bac0       0x18
                0x000000000082bac0        0x4 LONG 0x4 ((SIZEOF (.ctors) / 0x4) - 0x2)
 *(SORT(.ctors))
 .ctors         0x000000000082bac4        0x4 layer1/liblayer1.a(prim_rach.o)
 .ctors         0x000000000082bac8        0x4 layer1/liblayer1.a(prim_tx_nb.o)
 .ctors         0x000000000082bacc        0x4 layer1/liblayer1.a(prim_fbsb.o)
 .ctors         0x000000000082bad0        0x4 layer1/liblayer1.a(prim_tch.o)
 *(SORT(.init_array))
                0x000000000082bad4        0x4 LONG 0x0
                0x000000000082bac0                PROVIDE (_ctor_start, LOADADDR (.ctors))
                0x000000000082bad8                PROVIDE (_ctor_end, (LOADADDR (.ctors) + SIZEOF (.ctors)))

.dtors          0x000000000082bad8        0x8
                0x000000000082bad8        0x4 LONG 0x0 ((SIZEOF (.dtors) / 0x4) - 0x2)
 *(SORT(.dtors))
                0x000000000082badc        0x4 LONG 0x0
                0x000000000082bad8                PROVIDE (_dtor_start, LOADADDR (.dtors))
                0x000000000082bae0                PROVIDE (_dtor_end, (LOADADDR (.dtors) + SIZEOF (.dtors)))
                0x000000000082bae0                . = ALIGN (0x4)

.rodata         0x000000000082bae0     0x33c1
 *(.rodata*)
 .rodata.str1.1
                0x000000000082bae0       0xc8 apps/layer1/main.o
 .rodata.str1.1
                0x000000000082bba8       0x58 abb/twl3025.o
 .rodata.str1.1
                0x000000000082bc00       0x19 rf/trf6151.o
 .rodata        0x000000000082bc19        0x1 board/compal/rffe_dualband.o
                0x000000000082bc19                system_inherent_gain
 .rodata.str1.1
                0x000000000082bc1a      0x1ca board/compal/readcal_common.o
 .rodata        0x000000000082bde4       0x18 board/compal_e88/init.o
 .rodata        0x000000000082bdfc       0x28 battery/compal_e88.o
 .rodata.str1.1
                0x000000000082be24      0x208 battery/compal_e88.o
 .rodata        0x000000000082c02c      0x4bc fb/helvR08.o
                0x000000000082c02c                font_helvR08
 .rodata        0x000000000082c4e8      0x70c fb/helvB14.o
                0x000000000082c4e8                font_helvB14
 .rodata        0x000000000082cbf4      0x5b0 fb/c64.o
                0x000000000082cbf4                font_c64
 .rodata        0x000000000082d1a4       0x9c fb/symbols.o
                0x000000000082d1a4                font_symbols
 .rodata        0x000000000082d240        0xc fb/fb_st7558.o
 .rodata.str1.1
                0x000000000082d24c       0x40 calypso/libcalypso.a(clock.o)
 .rodata        0x000000000082d28c       0x18 calypso/libcalypso.a(irq.o)
 .rodata.str1.1
                0x000000000082d2a4      0x124 calypso/libcalypso.a(sim.o)
 .rodata.str1.1
                0x000000000082d3c8       0x72 calypso/libcalypso.a(tpu.o)
 .rodata.str1.1
                0x000000000082d43a       0x1c calypso/libcalypso.a(keypad.o)
 .rodata.str1.1
                0x000000000082d456       0xf9 calypso/libcalypso.a(misc.o)
                                         0xfc (size before relaxing)
 .rodata.str1.1
                0x000000000082d54f       0x1f calypso/libcalypso.a(timer.o)
 *fill*         0x000000000082d56e        0x2 00
 .rodata        0x000000000082d570       0x18 calypso/libcalypso.a(uart.o)
 .rodata.str1.1
                0x000000000082d588       0x61 calypso/libcalypso.a(uart.o)
 .rodata.str1.1
                0x000000000082d5e9      0x381 layer1/liblayer1.a(l23_api.o)
                                        0x3b6 (size before relaxing)
 *fill*         0x000000000082d96a        0x2 00
 .rodata        0x000000000082d96c      0x7f4 layer1/liblayer1.a(mframe_sched.o)
 .rodata        0x000000000082e160       0x90 layer1/liblayer1.a(prim_pm.o)
                0x000000000082e1a8                neigh_pm_sched_set
 .rodata.str1.1
                0x000000000082e1f0       0x39 layer1/liblayer1.a(prim_pm.o)
                                         0x6c (size before relaxing)
 *fill*         0x000000000082e229        0x3 00
 .rodata        0x000000000082e22c       0x98 layer1/liblayer1.a(prim_rach.o)
                0x000000000082e27c                rach_sched_set_ul
 .rodata        0x000000000082e2c4       0xb4 layer1/liblayer1.a(prim_tx_nb.o)
                0x000000000082e2c4                nb_sched_set_ul
 .rodata        0x000000000082e378       0xb4 layer1/liblayer1.a(prim_rx_nb.o)
                0x000000000082e378                nb_sched_set
 .rodata.str1.1
                0x000000000082e42c       0x5a layer1/liblayer1.a(prim_rx_nb.o)
                                         0x8d (size before relaxing)
 *fill*         0x000000000082e486        0x2 00
 .rodata        0x000000000082e488      0x1c8 layer1/liblayer1.a(prim_fbsb.o)
 .rodata.str1.1
                0x000000000082e650      0x182 layer1/liblayer1.a(prim_fbsb.o)
                                        0x1c0 (size before relaxing)
 *fill*         0x000000000082e7d2        0x2 00
 .rodata        0x000000000082e7d4       0x18 layer1/liblayer1.a(prim_freq.o)
                0x000000000082e7d4                freq_sched_set
 .rodata.str1.1
                0x000000000082e7ec       0x67 layer1/liblayer1.a(prim_freq.o)
 *fill*         0x000000000082e853        0x1 00
 .rodata        0x000000000082e854       0x18 layer1/liblayer1.a(prim_utils.o)
 .rodata        0x000000000082e86c       0xd8 layer1/liblayer1.a(prim_tch.o)
                0x000000000082e86c                tch_sched_set
                0x000000000082e8b4                tch_d_sched_set
                0x000000000082e8fc                tch_a_sched_set
 .rodata.str1.1
                0x000000000082e944       0x6e layer1/liblayer1.a(prim_tch.o)
                                         0xa1 (size before relaxing)
 .rodata.str1.1
                0x000000000082e9b2       0x2f layer1/liblayer1.a(toa.o)
 .rodata.str1.1
                0x000000000082e9e1       0x72 layer1/liblayer1.a(sync.o)
 .rodata.str1.1
                0x000000000082ea53       0x5e layer1/liblayer1.a(tdma_sched.o)
 *fill*         0x000000000082eab1        0x3 00
 .rodata        0x000000000082eab4        0xc layer1/liblayer1.a(tpu_window.o)
 .rodata        0x000000000082eac0       0x74 layer1/liblayer1.a(rfch.o)
 .rodata        0x000000000082eb34       0x50 lib/libmini.a(vsprintf.o)
 .rodata.str1.1
                0x000000000082eb84        0xb comm/libcomm.a(sercomm.o)
                                         0x71 (size before relaxing)
 .rodata.str1.1
                0x0000000000000000       0x3e comm/libcomm.a(sercomm_cons.o)
 *fill*         0x000000000082eb8f        0x1 00
 .rodata        0x000000000082eb90        0x8 tiffs/libtiffs.a(init.o)
 .rodata.str1.1
                0x000000000082eb98       0xe9 tiffs/libtiffs.a(init.o)
 .rodata.str1.1
                0x000000000082ec81       0x14 ../../shared/libosmocore/build-target/src/.libs/libosmocore.a(utils.o)
                                         0x17 (size before relaxing)
 .rodata.str1.1
                0x000000000082ec95      0x1f3 calypso/libcalypso.a(dsp.o)
                                        0x1fa (size before relaxing)
 .rodata.str1.1
                0x000000000082ee88       0x19 comm/libcomm.a(msgb.o)
                0x000000000082bae0                PROVIDE (_rodata_start, LOADADDR (.rodata))
                0x000000000082eea1                PROVIDE (_rodata_end, (LOADADDR (.rodata) + SIZEOF (.rodata)))

.rel.dyn        0x000000000082eea4        0x0
 .rel.got       0x0000000000000000        0x0 ../../shared/libosmocore/build-target/src/.libs/libosmocore.a(msgb.o)
                0x000000000082eea4                . = ALIGN (0x4)

.data           0x000000000082eea4     0x1000
 *(.data)
 .data          0x000000000082eea4        0x4 apps/layer1/main.o
                0x000000000082eea4                hr
 .data          0x000000000082eea8       0x1c rf/trf6151.o
                0x000000000082eec0                rf_arfcn
 .data          0x000000000082eec4      0x200 board/common/tx_calchan.o
                0x000000000082eec4                rf_tx_chan_cal_850
                0x000000000082ef44                rf_tx_chan_cal_900
                0x000000000082efc4                rf_tx_chan_cal_1800
                0x000000000082f044                rf_tx_chan_cal_1900
 .data          0x000000000082f0c4      0x204 board/compal/rf_tables.o
                0x000000000082f0c4                afc_initial_dac_value
                0x000000000082f0c6                afc_slope
                0x000000000082f0c8                rf_tx_levels_850
                0x000000000082f148                rf_tx_levels_900
                0x000000000082f1c8                rf_tx_levels_1800
                0x000000000082f248                rf_tx_levels_1900
 .data          0x000000000082f2c8      0x804 board/compal_e88/tx_ramps.o
                0x000000000082f2c8                apc_offset
                0x000000000082f2cc                rf_tx_ramps_850
                0x000000000082f4cc                rf_tx_ramps_900
                0x000000000082f6cc                rf_tx_ramps_1800
                0x000000000082f8cc                rf_tx_ramps_1900
 .data          0x000000000082facc       0x18 battery/compal_e88.o
 .data          0x000000000082fae4       0x10 fb/font.o
                0x000000000082fae4                fb_fonts
 .data          0x000000000082faf4       0x4c fb/fb_st7558.o
                0x000000000082faf4                fb_bw8
                0x000000000082faf8                framebuffer
 .data          0x000000000082fb40        0x4 calypso/libcalypso.a(tpu.o)
 .data          0x000000000082fb44        0x8 layer1/liblayer1.a(l23_api.o)
 .data          0x000000000082fb4c       0x10 layer1/liblayer1.a(sched_gsmtime.o)
 .data          0x000000000082fb5c       0x18 layer1/liblayer1.a(prim_utils.o)
 .data          0x000000000082fb74       0x18 layer1/liblayer1.a(afc.o)
 .data          0x000000000082fb8c       0x14 layer1/liblayer1.a(toa.o)
 .data          0x000000000082fba0      0x100 lib/libmini.a(ctype.o)
                0x000000000082fba0                _ctype
 .data          0x000000000082fca0        0x8 comm/libcomm.a(timer.o)
 .data          0x000000000082fca8      0x1fc calypso/libcalypso.a(dsp.o)
                0x000000000082fca8                dsp_api
                0x000000000082eea4                PROVIDE (_data_start, LOADADDR (.data))
                0x000000000082fea4                PROVIDE (_data_end, (LOADADDR (.data) + SIZEOF (.data)))
                0x000000000082fea4                . = ALIGN (0x4)

.got            0x000000000082fea4       0x10
 *(.got)
 .got           0x000000000082fea4        0x4 ../../shared/libosmocore/build-target/src/.libs/libosmocore.a(msgb.o)
 *(.got.plt)
 .got.plt       0x000000000082fea8        0xc ../../shared/libosmocore/build-target/src/.libs/libosmocore.a(msgb.o)
                0x000000000082fea8                _GLOBAL_OFFSET_TABLE_
 *(.igot.plt)
 *(.got)
 *(.igot)
                0x000000000082fea4                PROVIDE (_got_start, LOADADDR (.got))
                0x000000000082feb4                PROVIDE (_got_end, (LOADADDR (.got) + SIZEOF (.got)))

.bss            0x000000000082feb4     0x69bc
                0x000000000082feb4                . = ALIGN (0x4)
                0x000000000082feb4                __bss_start = .
 *(.bss)
 .bss           0x000000000082feb4        0x4 apps/layer1/main.o
 .bss           0x000000000082feb8        0x8 abb/twl3025.o
 .bss           0x000000000082fec0        0x4 rf/trf6151.o
 .bss           0x000000000082fec4        0x8 battery/compal_e88.o
 .bss           0x000000000082fecc      0x360 fb/fb_st7558.o
 .bss           0x000000000083022c       0x80 calypso/libcalypso.a(irq.o)
 .bss           0x00000000008302ac        0x4 calypso/libcalypso.a(rtc.o)
 .bss           0x00000000008302b0      0x138 calypso/libcalypso.a(sim.o)
 .bss           0x00000000008303e8        0x2 calypso/libcalypso.a(tsp.o)
 *fill*         0x00000000008303ea        0x2 00
 .bss           0x00000000008303ec       0x28 calypso/libcalypso.a(keypad.o)
                0x00000000008303f8                lastbuttons
                0x00000000008303fc                power_hold
 .bss           0x0000000000830414        0x1 calypso/libcalypso.a(uart.o)
 *fill*         0x0000000000830415        0x3 00
 .bss           0x0000000000830418        0x4 layer1/liblayer1.a(l23_api.o)
                0x0000000000830418                l1a_l23_tx_cb
 .bss           0x000000000083041c      0x140 layer1/liblayer1.a(sched_gsmtime.o)
 .bss           0x000000000083055c        0x4 layer1/liblayer1.a(prim_tx_nb.o)
 .bss           0x0000000000830560       0x2c layer1/liblayer1.a(prim_rx_nb.o)
 .bss           0x000000000083058c       0x34 layer1/liblayer1.a(prim_fbsb.o)
 .bss           0x00000000008305c0       0x78 layer1/liblayer1.a(prim_tch.o)
 .bss           0x0000000000830638        0x4 layer1/liblayer1.a(sync.o)
 .bss           0x000000000083063c      0x400 lib/libmini.a(printf.o)
 .bss           0x0000000000830a3c     0x1010 lib/libmini.a(console.o)
 .bss           0x0000000000831a4c      0x62c comm/libcomm.a(sercomm.o)
 .bss           0x0000000000832078        0x4 comm/libcomm.a(sercomm_cons.o)
 .bss           0x000000000083207c     0x1100 ../../shared/libosmocore/build-target/src/.libs/libosmocore.a(utils.o)
 .bss           0x000000000083317c        0x4 ../../shared/libosmocore/build-target/src/.libs/libosmocore.a(panic.o)
 .bss           0x0000000000833180     0x2980 comm/libcomm.a(msgb.o)
 COMMON         0x0000000000835b00       0x24 battery/compal_e88.o
                0x0000000000835b00                battery_info
                0x0000000000835b14                bat_compal_e88_madc
 COMMON         0x0000000000835b24        0x8 layer1/liblayer1.a(prim_rach.o)
                0x0000000000835b24                last_rach
 COMMON         0x0000000000835b2c      0xd24 layer1/liblayer1.a(sync.o)
                0x0000000000835b2c                l1s
 COMMON         0x0000000000836850        0x4 comm/libcomm.a(timer.o)
                0x0000000000836850                jiffies
 COMMON         0x0000000000836854       0x18 tiffs/libtiffs.a(globals.o)
                0x0000000000836854                tiffs_nsectors
                0x0000000000836858                tiffs_init_done
                0x000000000083685c                tiffs_base_addr
                0x0000000000836860                tiffs_sector_size
                0x0000000000836864                tiffs_root_ino
                0x0000000000836868                tiffs_active_index
 COMMON         0x000000000083686c        0x4 ../../shared/libosmocore/build-target/src/.libs/libosmocore.a(msgb.o)
                0x000000000083686c                tall_msgb_ctx
                0x0000000000836870                . = ALIGN (0x4)
                0x0000000000836870                __bss_end = .
                0x000000000082feb4                PROVIDE (_bss_start, __bss_start)
                0x0000000000836870                PROVIDE (_bss_end, __bss_end)
                0x0000000000836870                . = ALIGN (0x4)
                0x0000000000836870                _end = .
                0x0000000000836870                PROVIDE (end, .)
OUTPUT(board/compal_e88/layer1.highram.elf elf32-littlearm)

.debug_abbrev   0x0000000000000000     0x75b9
 .debug_abbrev  0x0000000000000000      0x21a apps/layer1/main.o
 .debug_abbrev  0x000000000000021a      0x2b9 abb/twl3025.o
 .debug_abbrev  0x00000000000004d3      0x2df rf/trf6151.o
 .debug_abbrev  0x00000000000007b2      0x324 flash/cfi_flash.o
 .debug_abbrev  0x0000000000000ad6       0x78 board/common/tx_calchan.o
 .debug_abbrev  0x0000000000000b4e      0x121 board/compal/rffe_dualband.o
 .debug_abbrev  0x0000000000000c6f       0x87 board/compal/rf_tables.o
 .debug_abbrev  0x0000000000000cf6      0x110 board/compal/readcal_common.o
 .debug_abbrev  0x0000000000000e06      0x15b board/compal_e88/init.o
 .debug_abbrev  0x0000000000000f61       0x41 board/compal/readcal_small.o
 .debug_abbrev  0x0000000000000fa2       0x89 board/compal_e88/tx_ramps.o
 .debug_abbrev  0x000000000000102b      0x252 battery/compal_e88.o
 .debug_abbrev  0x000000000000127d       0xc0 fb/framebuffer.o
 .debug_abbrev  0x000000000000133d       0xd9 fb/font.o
 .debug_abbrev  0x0000000000001416       0xaf fb/helvR08.o
 .debug_abbrev  0x00000000000014c5       0xaf fb/helvB14.o
 .debug_abbrev  0x0000000000001574       0xaf fb/c64.o
 .debug_abbrev  0x0000000000001623       0x97 fb/symbols.o
 .debug_abbrev  0x00000000000016ba      0x2e5 fb/fb_bw8.o
 .debug_abbrev  0x000000000000199f      0x152 fb/fb_st7558.o
 .debug_abbrev  0x0000000000001af1       0x40 board/compal_e88/layer1.highram.manifest.o
 .debug_abbrev  0x0000000000001b31      0x154 calypso/libcalypso.a(clock.o)
 .debug_abbrev  0x0000000000001c85       0x43 calypso/libcalypso.a(dma.o)
 .debug_abbrev  0x0000000000001cc8       0xfb calypso/libcalypso.a(i2c.o)
 .debug_abbrev  0x0000000000001dc3      0x198 calypso/libcalypso.a(irq.o)
 .debug_abbrev  0x0000000000001f5b       0x8c calypso/libcalypso.a(rtc.o)
 .debug_abbrev  0x0000000000001fe7      0x2e4 calypso/libcalypso.a(sim.o)
 .debug_abbrev  0x00000000000022cb       0xd0 calypso/libcalypso.a(spi.o)
 .debug_abbrev  0x000000000000239b      0x27c calypso/libcalypso.a(tpu.o)
 .debug_abbrev  0x0000000000002617      0x127 calypso/libcalypso.a(tsp.o)
 .debug_abbrev  0x000000000000273e      0x164 calypso/libcalypso.a(keypad.o)
 .debug_abbrev  0x00000000000028a2       0xaa calypso/libcalypso.a(misc.o)
 .debug_abbrev  0x000000000000294c      0x10b calypso/libcalypso.a(timer.o)
 .debug_abbrev  0x0000000000002a57       0xaa calypso/libcalypso.a(backlight.o)
 .debug_abbrev  0x0000000000002b01      0x1f6 calypso/libcalypso.a(uart.o)
 .debug_abbrev  0x0000000000002cf7       0x78 calypso/libcalypso.a(arm.o)
 .debug_abbrev  0x0000000000002d6f       0x93 layer1/liblayer1.a(init.o)
 .debug_abbrev  0x0000000000002e02      0x477 layer1/liblayer1.a(l23_api.o)
 .debug_abbrev  0x0000000000003279      0x271 layer1/liblayer1.a(mframe_sched.o)
 .debug_abbrev  0x00000000000034ea      0x1c5 layer1/liblayer1.a(sched_gsmtime.o)
 .debug_abbrev  0x00000000000036af      0x240 layer1/liblayer1.a(async.o)
 .debug_abbrev  0x00000000000038ef      0x332 layer1/liblayer1.a(prim_pm.o)
 .debug_abbrev  0x0000000000003c21      0x2c5 layer1/liblayer1.a(prim_rach.o)
 .debug_abbrev  0x0000000000003ee6      0x2dc layer1/liblayer1.a(prim_tx_nb.o)
 .debug_abbrev  0x00000000000041c2      0x2dc layer1/liblayer1.a(prim_rx_nb.o)
 .debug_abbrev  0x000000000000449e      0x3f2 layer1/liblayer1.a(prim_fbsb.o)
 .debug_abbrev  0x0000000000004890      0x1dc layer1/liblayer1.a(prim_freq.o)
 .debug_abbrev  0x0000000000004a6c      0x195 layer1/liblayer1.a(prim_utils.o)
 .debug_abbrev  0x0000000000004c01      0x41a layer1/liblayer1.a(prim_tch.o)
 .debug_abbrev  0x000000000000501b       0xbf layer1/liblayer1.a(agc.o)
 .debug_abbrev  0x00000000000050da      0x1b3 layer1/liblayer1.a(afc.o)
 .debug_abbrev  0x000000000000528d      0x1b8 layer1/liblayer1.a(toa.o)
 .debug_abbrev  0x0000000000005445      0x3a0 layer1/liblayer1.a(sync.o)
 .debug_abbrev  0x00000000000057e5      0x2c6 layer1/liblayer1.a(tdma_sched.o)
 .debug_abbrev  0x0000000000005aab      0x262 layer1/liblayer1.a(tpu_window.o)
 .debug_abbrev  0x0000000000005d0d      0x206 layer1/liblayer1.a(rfch.o)
 .debug_abbrev  0x0000000000005f13       0xea layer1/liblayer1.a(avg.o)
 .debug_abbrev  0x0000000000005ffd      0x213 lib/libmini.a(vsprintf.o)
 .debug_abbrev  0x0000000000006210       0xae lib/libmini.a(string.o)
 .debug_abbrev  0x00000000000062be       0x53 lib/libmini.a(ctype.o)
 .debug_abbrev  0x0000000000006311       0xaf lib/libmini.a(printf.o)
 .debug_abbrev  0x00000000000063c0      0x20b lib/libmini.a(console.o)
 .debug_abbrev  0x00000000000065cb       0x7a lib/libmini.a(ctors.o)
 .debug_abbrev  0x0000000000006645       0x81 lib/libmini.a(delay.o)
 .debug_abbrev  0x00000000000066c6      0x350 comm/libcomm.a(sercomm.o)
 .debug_abbrev  0x0000000000006a16      0x24e comm/libcomm.a(sercomm_cons.o)
 .debug_abbrev  0x0000000000006c64      0x237 comm/libcomm.a(timer.o)
 .debug_abbrev  0x0000000000006e9b      0x13c tiffs/libtiffs.a(init.o)
 .debug_abbrev  0x0000000000006fd7       0x5a tiffs/libtiffs.a(globals.o)
 .debug_abbrev  0x0000000000007031      0x410 calypso/libcalypso.a(dsp.o)
 .debug_abbrev  0x0000000000007441      0x178 comm/libcomm.a(msgb.o)

.debug_info     0x0000000000000000    0x25d5b
 .debug_info    0x0000000000000000      0x68d apps/layer1/main.o
 .debug_info    0x000000000000068d      0x812 abb/twl3025.o
 .debug_info    0x0000000000000e9f      0xa18 rf/trf6151.o
 .debug_info    0x00000000000018b7      0xb79 flash/cfi_flash.o
 .debug_info    0x0000000000002430      0x109 board/common/tx_calchan.o
 .debug_info    0x0000000000002539      0x2ab board/compal/rffe_dualband.o
 .debug_info    0x00000000000027e4      0x140 board/compal/rf_tables.o
 .debug_info    0x0000000000002924      0x26f board/compal/readcal_common.o
 .debug_info    0x0000000000002b93      0x495 board/compal_e88/init.o
 .debug_info    0x0000000000003028       0x84 board/compal/readcal_small.o
 .debug_info    0x00000000000030ac      0x11b board/compal_e88/tx_ramps.o
 .debug_info    0x00000000000031c7      0x6e5 battery/compal_e88.o
 .debug_info    0x00000000000038ac      0x202 fb/framebuffer.o
 .debug_info    0x0000000000003aae      0x275 fb/font.o
 .debug_info    0x0000000000003d23      0x17f fb/helvR08.o
 .debug_info    0x0000000000003ea2      0x17f fb/helvB14.o
 .debug_info    0x0000000000004021      0x17f fb/c64.o
 .debug_info    0x00000000000041a0      0x17c fb/symbols.o
 .debug_info    0x000000000000431c      0xba6 fb/fb_bw8.o
 .debug_info    0x0000000000004ec2      0x3ad fb/fb_st7558.o
 .debug_info    0x000000000000526f       0x80 board/compal_e88/layer1.highram.manifest.o
 .debug_info    0x00000000000052ef      0x44d calypso/libcalypso.a(clock.o)
 .debug_info    0x000000000000573c       0x57 calypso/libcalypso.a(dma.o)
 .debug_info    0x0000000000005793      0x1b9 calypso/libcalypso.a(i2c.o)
 .debug_info    0x000000000000594c      0x47f calypso/libcalypso.a(irq.o)
 .debug_info    0x0000000000005dcb      0x1d1 calypso/libcalypso.a(rtc.o)
 .debug_info    0x0000000000005f9c      0xb56 calypso/libcalypso.a(sim.o)
 .debug_info    0x0000000000006af2      0x188 calypso/libcalypso.a(spi.o)
 .debug_info    0x0000000000006c7a      0x596 calypso/libcalypso.a(tpu.o)
 .debug_info    0x0000000000007210      0x35d calypso/libcalypso.a(tsp.o)
 .debug_info    0x000000000000756d      0x46e calypso/libcalypso.a(keypad.o)
 .debug_info    0x00000000000079db      0x11c calypso/libcalypso.a(misc.o)
 .debug_info    0x0000000000007af7      0x320 calypso/libcalypso.a(timer.o)
 .debug_info    0x0000000000007e17       0xf9 calypso/libcalypso.a(backlight.o)
 .debug_info    0x0000000000007f10      0x719 calypso/libcalypso.a(uart.o)
 .debug_info    0x0000000000008629       0x91 calypso/libcalypso.a(arm.o)
 .debug_info    0x00000000000086ba      0x284 layer1/liblayer1.a(init.o)
 .debug_info    0x000000000000893e     0x2259 layer1/liblayer1.a(l23_api.o)
 .debug_info    0x000000000000ab97      0xebc layer1/liblayer1.a(mframe_sched.o)
 .debug_info    0x000000000000ba53      0x75d layer1/liblayer1.a(sched_gsmtime.o)
 .debug_info    0x000000000000c1b0      0xc9e layer1/liblayer1.a(async.o)
 .debug_info    0x000000000000ce4e     0x210f layer1/liblayer1.a(prim_pm.o)
 .debug_info    0x000000000000ef5d     0x1e82 layer1/liblayer1.a(prim_rach.o)
 .debug_info    0x0000000000010ddf     0x1e05 layer1/liblayer1.a(prim_tx_nb.o)
 .debug_info    0x0000000000012be4     0x20f7 layer1/liblayer1.a(prim_rx_nb.o)
 .debug_info    0x0000000000014cdb     0x251c layer1/liblayer1.a(prim_fbsb.o)
 .debug_info    0x00000000000171f7      0x9bb layer1/liblayer1.a(prim_freq.o)
 .debug_info    0x0000000000017bb2      0x97d layer1/liblayer1.a(prim_utils.o)
 .debug_info    0x000000000001852f     0x28ec layer1/liblayer1.a(prim_tch.o)
 .debug_info    0x000000000001ae1b      0x12c layer1/liblayer1.a(agc.o)
 .debug_info    0x000000000001af47     0x14af layer1/liblayer1.a(afc.o)
 .debug_info    0x000000000001c3f6      0x90d layer1/liblayer1.a(toa.o)
 .debug_info    0x000000000001cd03     0x23ff layer1/liblayer1.a(sync.o)
 .debug_info    0x000000000001f102      0xc8f layer1/liblayer1.a(tdma_sched.o)
 .debug_info    0x000000000001fd91      0xb38 layer1/liblayer1.a(tpu_window.o)
 .debug_info    0x00000000000208c9      0x99e layer1/liblayer1.a(rfch.o)
 .debug_info    0x0000000000021267      0x198 layer1/liblayer1.a(avg.o)
 .debug_info    0x00000000000213ff      0x9fa lib/libmini.a(vsprintf.o)
 .debug_info    0x0000000000021df9      0x131 lib/libmini.a(string.o)
 .debug_info    0x0000000000021f2a       0x63 lib/libmini.a(ctype.o)
 .debug_info    0x0000000000021f8d      0x109 lib/libmini.a(printf.o)
 .debug_info    0x0000000000022096      0x3a5 lib/libmini.a(console.o)
 .debug_info    0x000000000002243b       0xab lib/libmini.a(ctors.o)
 .debug_info    0x00000000000224e6       0x9a lib/libmini.a(delay.o)
 .debug_info    0x0000000000022580      0x948 comm/libcomm.a(sercomm.o)
 .debug_info    0x0000000000022ec8      0x589 comm/libcomm.a(sercomm_cons.o)
 .debug_info    0x0000000000023451      0x5ca comm/libcomm.a(timer.o)
 .debug_info    0x0000000000023a1b      0x2f0 tiffs/libtiffs.a(init.o)
 .debug_info    0x0000000000023d0b       0xef tiffs/libtiffs.a(globals.o)
 .debug_info    0x0000000000023dfa     0x1c48 calypso/libcalypso.a(dsp.o)
 .debug_info    0x0000000000025a42      0x319 comm/libcomm.a(msgb.o)

.debug_line     0x0000000000000000     0x7a94
 .debug_line    0x0000000000000000      0x1df apps/layer1/main.o
 .debug_line    0x00000000000001df      0x2ff abb/twl3025.o
 .debug_line    0x00000000000004de      0x371 rf/trf6151.o
 .debug_line    0x000000000000084f      0x1fe flash/cfi_flash.o
 .debug_line    0x0000000000000a4d       0xa7 board/common/tx_calchan.o
 .debug_line    0x0000000000000af4      0x19e board/compal/rffe_dualband.o
 .debug_line    0x0000000000000c92       0xa6 board/compal/rf_tables.o
 .debug_line    0x0000000000000d38      0x10e board/compal/readcal_common.o
 .debug_line    0x0000000000000e46      0x17f board/compal_e88/init.o
 .debug_line    0x0000000000000fc5       0x4f board/compal/readcal_small.o
 .debug_line    0x0000000000001014       0xa9 board/compal_e88/tx_ramps.o
 .debug_line    0x00000000000010bd      0x1e3 battery/compal_e88.o
 .debug_line    0x00000000000012a0       0x9a fb/framebuffer.o
 .debug_line    0x000000000000133a       0xb6 fb/font.o
 .debug_line    0x00000000000013f0       0x99 fb/helvR08.o
 .debug_line    0x0000000000001489       0x99 fb/helvB14.o
 .debug_line    0x0000000000001522       0x95 fb/c64.o
 .debug_line    0x00000000000015b7       0x99 fb/symbols.o
 .debug_line    0x0000000000001650      0x36f fb/fb_bw8.o
 .debug_line    0x00000000000019bf      0x141 fb/fb_st7558.o
 .debug_line    0x0000000000001b00       0x31 board/compal_e88/layer1.highram.manifest.o
 .debug_line    0x0000000000001b31      0x19d calypso/libcalypso.a(clock.o)
 .debug_line    0x0000000000001cce       0x3f calypso/libcalypso.a(dma.o)
 .debug_line    0x0000000000001d0d       0xc8 calypso/libcalypso.a(i2c.o)
 .debug_line    0x0000000000001dd5      0x18b calypso/libcalypso.a(irq.o)
 .debug_line    0x0000000000001f60       0x6e calypso/libcalypso.a(rtc.o)
 .debug_line    0x0000000000001fce      0x369 calypso/libcalypso.a(sim.o)
 .debug_line    0x0000000000002337       0xe0 calypso/libcalypso.a(spi.o)
 .debug_line    0x0000000000002417      0x276 calypso/libcalypso.a(tpu.o)
 .debug_line    0x000000000000268d      0x185 calypso/libcalypso.a(tsp.o)
 .debug_line    0x0000000000002812      0x1ae calypso/libcalypso.a(keypad.o)
 .debug_line    0x00000000000029c0       0x8c calypso/libcalypso.a(misc.o)
 .debug_line    0x0000000000002a4c      0x156 calypso/libcalypso.a(timer.o)
 .debug_line    0x0000000000002ba2       0xc4 calypso/libcalypso.a(backlight.o)
 .debug_line    0x0000000000002c66      0x28c calypso/libcalypso.a(uart.o)
 .debug_line    0x0000000000002ef2       0x4f calypso/libcalypso.a(arm.o)
 .debug_line    0x0000000000002f41       0x96 layer1/liblayer1.a(init.o)
 .debug_line    0x0000000000002fd7      0x586 layer1/liblayer1.a(l23_api.o)
 .debug_line    0x000000000000355d      0x226 layer1/liblayer1.a(mframe_sched.o)
 .debug_line    0x0000000000003783      0x24b layer1/liblayer1.a(sched_gsmtime.o)
 .debug_line    0x00000000000039ce      0x2ba layer1/liblayer1.a(async.o)
 .debug_line    0x0000000000003c88      0x2dd layer1/liblayer1.a(prim_pm.o)
 .debug_line    0x0000000000003f65      0x25f layer1/liblayer1.a(prim_rach.o)
 .debug_line    0x00000000000041c4      0x266 layer1/liblayer1.a(prim_tx_nb.o)
 .debug_line    0x000000000000442a      0x2e8 layer1/liblayer1.a(prim_rx_nb.o)
 .debug_line    0x0000000000004712      0x426 layer1/liblayer1.a(prim_fbsb.o)
 .debug_line    0x0000000000004b38      0x1ae layer1/liblayer1.a(prim_freq.o)
 .debug_line    0x0000000000004ce6      0x1a6 layer1/liblayer1.a(prim_utils.o)
 .debug_line    0x0000000000004e8c      0x570 layer1/liblayer1.a(prim_tch.o)
 .debug_line    0x00000000000053fc       0xc5 layer1/liblayer1.a(agc.o)
 .debug_line    0x00000000000054c1      0x19a layer1/liblayer1.a(afc.o)
 .debug_line    0x000000000000565b      0x1a8 layer1/liblayer1.a(toa.o)
 .debug_line    0x0000000000005803      0x40c layer1/liblayer1.a(sync.o)
 .debug_line    0x0000000000005c0f      0x304 layer1/liblayer1.a(tdma_sched.o)
 .debug_line    0x0000000000005f13      0x2b7 layer1/liblayer1.a(tpu_window.o)
 .debug_line    0x00000000000061ca      0x1b5 layer1/liblayer1.a(rfch.o)
 .debug_line    0x000000000000637f       0xcf layer1/liblayer1.a(avg.o)
 .debug_line    0x000000000000644e      0x573 lib/libmini.a(vsprintf.o)
 .debug_line    0x00000000000069c1       0xb2 lib/libmini.a(string.o)
 .debug_line    0x0000000000006a73       0x3f lib/libmini.a(ctype.o)
 .debug_line    0x0000000000006ab2       0x80 lib/libmini.a(printf.o)
 .debug_line    0x0000000000006b32      0x149 lib/libmini.a(console.o)
 .debug_line    0x0000000000006c7b       0x47 lib/libmini.a(ctors.o)
 .debug_line    0x0000000000006cc2       0x66 lib/libmini.a(delay.o)
 .debug_line    0x0000000000006d28      0x2be comm/libcomm.a(sercomm.o)
 .debug_line    0x0000000000006fe6      0x199 comm/libcomm.a(sercomm_cons.o)
 .debug_line    0x000000000000717f      0x1ac comm/libcomm.a(timer.o)
 .debug_line    0x000000000000732b       0xe9 tiffs/libtiffs.a(init.o)
 .debug_line    0x0000000000007414       0x87 tiffs/libtiffs.a(globals.o)
 .debug_line    0x000000000000749b      0x4f8 calypso/libcalypso.a(dsp.o)
 .debug_line    0x0000000000007993      0x101 comm/libcomm.a(msgb.o)

.debug_loc      0x0000000000000000     0xaa9b
 .debug_loc     0x0000000000000000      0x101 apps/layer1/main.o
 .debug_loc     0x0000000000000101      0x43e abb/twl3025.o
 .debug_loc     0x000000000000053f      0x78f rf/trf6151.o
 .debug_loc     0x0000000000000cce      0x601 flash/cfi_flash.o
 .debug_loc     0x00000000000012cf      0x153 board/compal/rffe_dualband.o
 .debug_loc     0x0000000000001422      0x11c board/compal/readcal_common.o
 .debug_loc     0x000000000000153e       0x99 board/compal_e88/init.o
 .debug_loc     0x00000000000015d7      0x133 battery/compal_e88.o
 .debug_loc     0x000000000000170a       0x4f fb/font.o
 .debug_loc     0x0000000000001759      0xa91 fb/fb_bw8.o
 .debug_loc     0x00000000000021ea       0xcb fb/fb_st7558.o
 .debug_loc     0x00000000000022b5      0x297 calypso/libcalypso.a(clock.o)
 .debug_loc     0x000000000000254c       0xee calypso/libcalypso.a(i2c.o)
 .debug_loc     0x000000000000263a      0x215 calypso/libcalypso.a(irq.o)
 .debug_loc     0x000000000000284f       0x20 calypso/libcalypso.a(rtc.o)
 .debug_loc     0x000000000000286f      0x420 calypso/libcalypso.a(sim.o)
 .debug_loc     0x0000000000002c8f      0x155 calypso/libcalypso.a(spi.o)
 .debug_loc     0x0000000000002de4      0x31e calypso/libcalypso.a(tpu.o)
 .debug_loc     0x0000000000003102      0x153 calypso/libcalypso.a(tsp.o)
 .debug_loc     0x0000000000003255      0x161 calypso/libcalypso.a(keypad.o)
 .debug_loc     0x00000000000033b6       0xfa calypso/libcalypso.a(misc.o)
 .debug_loc     0x00000000000034b0      0x154 calypso/libcalypso.a(timer.o)
 .debug_loc     0x0000000000003604       0x44 calypso/libcalypso.a(backlight.o)
 .debug_loc     0x0000000000003648      0x4b2 calypso/libcalypso.a(uart.o)
 .debug_loc     0x0000000000003afa       0x20 layer1/liblayer1.a(init.o)
 .debug_loc     0x0000000000003b1a      0xc89 layer1/liblayer1.a(l23_api.o)
 .debug_loc     0x00000000000047a3      0x10d layer1/liblayer1.a(mframe_sched.o)
 .debug_loc     0x00000000000048b0      0x6d7 layer1/liblayer1.a(sched_gsmtime.o)
 .debug_loc     0x0000000000004f87      0x1df layer1/liblayer1.a(async.o)
 .debug_loc     0x0000000000005166      0x347 layer1/liblayer1.a(prim_pm.o)
 .debug_loc     0x00000000000054ad      0x21d layer1/liblayer1.a(prim_rach.o)
 .debug_loc     0x00000000000056ca      0x22c layer1/liblayer1.a(prim_tx_nb.o)
 .debug_loc     0x00000000000058f6      0x35d layer1/liblayer1.a(prim_rx_nb.o)
 .debug_loc     0x0000000000005c53      0x586 layer1/liblayer1.a(prim_fbsb.o)
 .debug_loc     0x00000000000061d9       0xdb layer1/liblayer1.a(prim_freq.o)
 .debug_loc     0x00000000000062b4       0x13 layer1/liblayer1.a(prim_utils.o)
 .debug_loc     0x00000000000062c7      0xc7f layer1/liblayer1.a(prim_tch.o)
 .debug_loc     0x0000000000006f46       0x82 layer1/liblayer1.a(agc.o)
 .debug_loc     0x0000000000006fc8       0xf2 layer1/liblayer1.a(afc.o)
 .debug_loc     0x00000000000070ba       0xce layer1/liblayer1.a(toa.o)
 .debug_loc     0x0000000000007188      0x425 layer1/liblayer1.a(sync.o)
 .debug_loc     0x00000000000075ad      0x4e0 layer1/liblayer1.a(tdma_sched.o)
 .debug_loc     0x0000000000007a8d      0x292 layer1/liblayer1.a(tpu_window.o)
 .debug_loc     0x0000000000007d1f      0x1a0 layer1/liblayer1.a(rfch.o)
 .debug_loc     0x0000000000007ebf       0x6e layer1/liblayer1.a(avg.o)
 .debug_loc     0x0000000000007f2d     0x1603 lib/libmini.a(vsprintf.o)
 .debug_loc     0x0000000000009530       0x8b lib/libmini.a(string.o)
 .debug_loc     0x00000000000095bb       0x4a lib/libmini.a(printf.o)
 .debug_loc     0x0000000000009605      0x23b lib/libmini.a(console.o)
 .debug_loc     0x0000000000009840       0x7b lib/libmini.a(ctors.o)
 .debug_loc     0x00000000000098bb       0xa9 lib/libmini.a(delay.o)
 .debug_loc     0x0000000000009964      0x2fc comm/libcomm.a(sercomm.o)
 .debug_loc     0x0000000000009c60      0x2ea comm/libcomm.a(sercomm_cons.o)
 .debug_loc     0x0000000000009f4a      0x291 comm/libcomm.a(timer.o)
 .debug_loc     0x000000000000a1db      0x145 tiffs/libtiffs.a(init.o)
 .debug_loc     0x000000000000a320      0x704 calypso/libcalypso.a(dsp.o)
 .debug_loc     0x000000000000aa24       0x77 comm/libcomm.a(msgb.o)

.debug_pubnames
                0x0000000000000000     0x1d5f
 .debug_pubnames
                0x0000000000000000       0x22 apps/layer1/main.o
 .debug_pubnames
                0x0000000000000022      0x16b abb/twl3025.o
 .debug_pubnames
                0x000000000000018d      0x164 rf/trf6151.o
 .debug_pubnames
                0x00000000000002f1       0xb7 flash/cfi_flash.o
 .debug_pubnames
                0x00000000000003a8       0x70 board/common/tx_calchan.o
 .debug_pubnames
                0x0000000000000418       0xd6 board/compal/rffe_dualband.o
 .debug_pubnames
                0x00000000000004ee       0x90 board/compal/rf_tables.o
 .debug_pubnames
                0x000000000000057e       0x32 board/compal/readcal_common.o
 .debug_pubnames
                0x00000000000005b0       0x21 board/compal_e88/init.o
 .debug_pubnames
                0x00000000000005d1       0x32 board/compal/readcal_small.o
 .debug_pubnames
                0x0000000000000603       0x73 board/compal_e88/tx_ramps.o
 .debug_pubnames
                0x0000000000000676       0x57 battery/compal_e88.o
 .debug_pubnames
                0x00000000000006cd       0x34 fb/font.o
 .debug_pubnames
                0x0000000000000701       0x23 fb/helvR08.o
 .debug_pubnames
                0x0000000000000724       0x23 fb/helvB14.o
 .debug_pubnames
                0x0000000000000747       0x1f fb/c64.o
 .debug_pubnames
                0x0000000000000766       0x23 fb/symbols.o
 .debug_pubnames
                0x0000000000000789       0x91 fb/fb_bw8.o
 .debug_pubnames
                0x000000000000081a       0x2d fb/fb_st7558.o
 .debug_pubnames
                0x0000000000000847       0x6d board/compal_e88/layer1.highram.manifest.o
 .debug_pubnames
                0x00000000000008b4       0xd0 calypso/libcalypso.a(clock.o)
 .debug_pubnames
                0x0000000000000984       0x1f calypso/libcalypso.a(dma.o)
 .debug_pubnames
                0x00000000000009a3       0x2d calypso/libcalypso.a(i2c.o)
 .debug_pubnames
                0x00000000000009d0       0x95 calypso/libcalypso.a(irq.o)
 .debug_pubnames
                0x0000000000000a65       0x1f calypso/libcalypso.a(rtc.o)
 .debug_pubnames
                0x0000000000000a84       0xe9 calypso/libcalypso.a(sim.o)
 .debug_pubnames
                0x0000000000000b6d       0x2c calypso/libcalypso.a(spi.o)
 .debug_pubnames
                0x0000000000000b99      0x12d calypso/libcalypso.a(tpu.o)
 .debug_pubnames
                0x0000000000000cc6       0x9a calypso/libcalypso.a(tsp.o)
 .debug_pubnames
                0x0000000000000d60       0x8a calypso/libcalypso.a(keypad.o)
 .debug_pubnames
                0x0000000000000dea       0x41 calypso/libcalypso.a(misc.o)
 .debug_pubnames
                0x0000000000000e2b       0x8a calypso/libcalypso.a(timer.o)
 .debug_pubnames
                0x0000000000000eb5       0x2f calypso/libcalypso.a(backlight.o)
 .debug_pubnames
                0x0000000000000ee4       0xa3 calypso/libcalypso.a(uart.o)
 .debug_pubnames
                0x0000000000000f87       0x47 calypso/libcalypso.a(arm.o)
 .debug_pubnames
                0x0000000000000fce       0x22 layer1/liblayer1.a(init.o)
 .debug_pubnames
                0x0000000000000ff0       0xac layer1/liblayer1.a(l23_api.o)
 .debug_pubnames
                0x000000000000109c       0x83 layer1/liblayer1.a(mframe_sched.o)
 .debug_pubnames
                0x000000000000111f       0x6d layer1/liblayer1.a(sched_gsmtime.o)
 .debug_pubnames
                0x000000000000118c      0x110 layer1/liblayer1.a(async.o)
 .debug_pubnames
                0x000000000000129c       0x39 layer1/liblayer1.a(prim_pm.o)
 .debug_pubnames
                0x00000000000012d5       0x47 layer1/liblayer1.a(prim_rach.o)
 .debug_pubnames
                0x000000000000131c       0x36 layer1/liblayer1.a(prim_tx_nb.o)
 .debug_pubnames
                0x0000000000001352       0x23 layer1/liblayer1.a(prim_rx_nb.o)
 .debug_pubnames
                0x0000000000001375       0x33 layer1/liblayer1.a(prim_fbsb.o)
 .debug_pubnames
                0x00000000000013a8       0x36 layer1/liblayer1.a(prim_freq.o)
 .debug_pubnames
                0x00000000000013de       0x55 layer1/liblayer1.a(prim_utils.o)
 .debug_pubnames
                0x0000000000001433       0x4c layer1/liblayer1.a(prim_tch.o)
 .debug_pubnames
                0x000000000000147f       0x3c layer1/liblayer1.a(agc.o)
 .debug_pubnames
                0x00000000000014bb       0x4f layer1/liblayer1.a(afc.o)
 .debug_pubnames
                0x000000000000150a       0x2e layer1/liblayer1.a(toa.o)
 .debug_pubnames
                0x0000000000001538       0xeb layer1/liblayer1.a(sync.o)
 .debug_pubnames
                0x0000000000001623       0xbb layer1/liblayer1.a(tdma_sched.o)
 .debug_pubnames
                0x00000000000016de       0x60 layer1/liblayer1.a(tpu_window.o)
 .debug_pubnames
                0x000000000000173e       0x26 layer1/liblayer1.a(rfch.o)
 .debug_pubnames
                0x0000000000001764       0x3b layer1/liblayer1.a(avg.o)
 .debug_pubnames
                0x000000000000179f       0xb3 lib/libmini.a(vsprintf.o)
 .debug_pubnames
                0x0000000000001852       0x29 lib/libmini.a(string.o)
 .debug_pubnames
                0x000000000000187b       0x1d lib/libmini.a(ctype.o)
 .debug_pubnames
                0x0000000000001898       0x1d lib/libmini.a(printf.o)
 .debug_pubnames
                0x00000000000018b5       0x89 lib/libmini.a(console.o)
 .debug_pubnames
                0x000000000000193e       0x26 lib/libmini.a(ctors.o)
 .debug_pubnames
                0x0000000000001964       0x2c lib/libmini.a(delay.o)
 .debug_pubnames
                0x0000000000001990       0xdd comm/libcomm.a(sercomm.o)
 .debug_pubnames
                0x0000000000001a6d       0x37 comm/libcomm.a(sercomm_cons.o)
 .debug_pubnames
                0x0000000000001aa4       0xaf comm/libcomm.a(timer.o)
 .debug_pubnames
                0x0000000000001b53       0x21 tiffs/libtiffs.a(init.o)
 .debug_pubnames
                0x0000000000001b74       0x8d tiffs/libtiffs.a(globals.o)
 .debug_pubnames
                0x0000000000001c01      0x12b calypso/libcalypso.a(dsp.o)
 .debug_pubnames
                0x0000000000001d2c       0x33 comm/libcomm.a(msgb.o)

.debug_pubtypes
                0x0000000000000000     0x3158
 .debug_pubtypes
                0x0000000000000000       0x8f apps/layer1/main.o
 .debug_pubtypes
                0x000000000000008f       0xc2 abb/twl3025.o
 .debug_pubtypes
                0x0000000000000151       0xa3 rf/trf6151.o
 .debug_pubtypes
                0x00000000000001f4      0x109 flash/cfi_flash.o
 .debug_pubtypes
                0x00000000000002fd       0x3e board/common/tx_calchan.o
 .debug_pubtypes
                0x000000000000033b       0x5f board/compal/rffe_dualband.o
 .debug_pubtypes
                0x000000000000039a       0x4a board/compal/rf_tables.o
 .debug_pubtypes
                0x00000000000003e4       0x5a board/compal/readcal_common.o
 .debug_pubtypes
                0x000000000000043e       0xce board/compal_e88/init.o
 .debug_pubtypes
                0x000000000000050c       0x12 board/compal/readcal_small.o
 .debug_pubtypes
                0x000000000000051e       0x31 board/compal_e88/tx_ramps.o
 .debug_pubtypes
                0x000000000000054f      0x139 battery/compal_e88.o
 .debug_pubtypes
                0x0000000000000688       0x4b fb/framebuffer.o
 .debug_pubtypes
                0x00000000000006d3       0x4e fb/font.o
 .debug_pubtypes
                0x0000000000000721       0x42 fb/helvR08.o
 .debug_pubtypes
                0x0000000000000763       0x42 fb/helvB14.o
 .debug_pubtypes
                0x00000000000007a5       0x42 fb/c64.o
 .debug_pubtypes
                0x00000000000007e7       0x42 fb/symbols.o
 .debug_pubtypes
                0x0000000000000829       0x91 fb/fb_bw8.o
 .debug_pubtypes
                0x00000000000008ba       0x72 fb/fb_st7558.o
 .debug_pubtypes
                0x000000000000092c       0x97 calypso/libcalypso.a(clock.o)
 .debug_pubtypes
                0x00000000000009c3       0x1e calypso/libcalypso.a(dma.o)
 .debug_pubtypes
                0x00000000000009e1       0x37 calypso/libcalypso.a(i2c.o)
 .debug_pubtypes
                0x0000000000000a18       0x6a calypso/libcalypso.a(irq.o)
 .debug_pubtypes
                0x0000000000000a82       0x29 calypso/libcalypso.a(rtc.o)
 .debug_pubtypes
                0x0000000000000aab       0x6c calypso/libcalypso.a(sim.o)
 .debug_pubtypes
                0x0000000000000b17       0x45 calypso/libcalypso.a(spi.o)
 .debug_pubtypes
                0x0000000000000b5c       0x89 calypso/libcalypso.a(tpu.o)
 .debug_pubtypes
                0x0000000000000be5       0x6a calypso/libcalypso.a(tsp.o)
 .debug_pubtypes
                0x0000000000000c4f       0x72 calypso/libcalypso.a(keypad.o)
 .debug_pubtypes
                0x0000000000000cc1       0x12 calypso/libcalypso.a(misc.o)
 .debug_pubtypes
                0x0000000000000cd3       0x6d calypso/libcalypso.a(timer.o)
 .debug_pubtypes
                0x0000000000000d40       0x37 calypso/libcalypso.a(backlight.o)
 .debug_pubtypes
                0x0000000000000d77       0x7c calypso/libcalypso.a(uart.o)
 .debug_pubtypes
                0x0000000000000df3       0x40 layer1/liblayer1.a(init.o)
 .debug_pubtypes
                0x0000000000000e33      0x372 layer1/liblayer1.a(l23_api.o)
 .debug_pubtypes
                0x00000000000011a5      0x18f layer1/liblayer1.a(mframe_sched.o)
 .debug_pubtypes
                0x0000000000001334       0x91 layer1/liblayer1.a(sched_gsmtime.o)
 .debug_pubtypes
                0x00000000000013c5      0x172 layer1/liblayer1.a(async.o)
 .debug_pubtypes