Archive member included because of file (symbol)

calypso/libcalypso.a(clock.o)
                              apps/layer1/main.o (calypso_clk_dump)
calypso/libcalypso.a(dma.o)   board/compal_e88/init.o (dma_init)
calypso/libcalypso.a(i2c.o)   fb/fb_st7558.o (i2c_write)
calypso/libcalypso.a(irq.o)   abb/twl3025.o (irq_enable)
calypso/libcalypso.a(rtc.o)   board/compal_e88/init.o (rtc_init)
calypso/libcalypso.a(sim.o)   apps/layer1/main.o (sim_handler)
calypso/libcalypso.a(spi.o)   abb/twl3025.o (spi_init)
calypso/libcalypso.a(tpu.o)   apps/layer1/main.o (tpu_enable)
calypso/libcalypso.a(tsp.o)   abb/twl3025.o (tsp_write)
calypso/libcalypso.a(keypad.o)
                              board/compal_e88/init.o (keypad_init)
calypso/libcalypso.a(misc.o)  apps/layer1/main.o (dump_dev_id)
calypso/libcalypso.a(timer.o)
                              board/compal_e88/init.o (hwtimer_init)
calypso/libcalypso.a(backlight.o)
                              board/compal_e88/init.o (bl_mode_pwl)
calypso/libcalypso.a(uart.o)  board/compal_e88/init.o (uart_init)
calypso/libcalypso.a(arm.o)   calypso/libcalypso.a(irq.o) (arm_enable_interrupts)
layer1/liblayer1.a(init.o)    apps/layer1/main.o (layer1_init)
layer1/liblayer1.a(l23_api.o)
                              calypso/libcalypso.a(sim.o) (l1_queue_for_l2)
layer1/liblayer1.a(mframe_sched.o)
                              layer1/liblayer1.a(l23_api.o) (mframe_enable)
layer1/liblayer1.a(sched_gsmtime.o)
                              layer1/liblayer1.a(l23_api.o) (sched_gsmtime_reset)
layer1/liblayer1.a(async.o)   layer1/liblayer1.a(l23_api.o) (l1a_txq_msgb_enq)
layer1/liblayer1.a(prim_pm.o)
                              layer1/liblayer1.a(l23_api.o) (l1s_pm_test)
layer1/liblayer1.a(prim_rach.o)
                              layer1/liblayer1.a(l23_api.o) (l1a_rach_req)
layer1/liblayer1.a(prim_tx_nb.o)
                              layer1/liblayer1.a(mframe_sched.o) (nb_sched_set_ul)
layer1/liblayer1.a(prim_rx_nb.o)
                              layer1/liblayer1.a(mframe_sched.o) (nb_sched_set)
layer1/liblayer1.a(prim_fbsb.o)
                              layer1/liblayer1.a(l23_api.o) (l1s_fbsb_req)
layer1/liblayer1.a(prim_freq.o)
                              layer1/liblayer1.a(l23_api.o) (l1a_freq_req)
layer1/liblayer1.a(prim_utils.o)
                              layer1/liblayer1.a(prim_tx_nb.o) (pu_get_idle_frame)
layer1/liblayer1.a(prim_tch.o)
                              layer1/liblayer1.a(mframe_sched.o) (tch_sched_set)
layer1/liblayer1.a(agc.o)     layer1/liblayer1.a(prim_pm.o) (agc_inp_dbm8_by_pm)
layer1/liblayer1.a(afc.o)     layer1/liblayer1.a(prim_fbsb.o) (afc_correct)
layer1/liblayer1.a(toa.o)     layer1/liblayer1.a(prim_rx_nb.o) (toa_input)
layer1/liblayer1.a(sync.o)    layer1/liblayer1.a(prim_fbsb.o) (l1s_time_inc)
layer1/liblayer1.a(tdma_sched.o)
                              layer1/liblayer1.a(prim_pm.o) (tdma_end_set)
layer1/liblayer1.a(tpu_window.o)
                              layer1/liblayer1.a(sync.o) (l1s_win_init)
layer1/liblayer1.a(rfch.o)    layer1/liblayer1.a(prim_tx_nb.o) (rfch_get_params)
layer1/liblayer1.a(avg.o)     layer1/liblayer1.a(afc.o) (runavg_input)
lib/libmini.a(vsprintf.o)     apps/layer1/main.o (puts)
lib/libmini.a(string.o)       lib/libmini.a(vsprintf.o) (strnlen)
lib/libmini.a(ctype.o)        lib/libmini.a(vsprintf.o) (_ctype)
lib/libmini.a(printf.o)       apps/layer1/main.o (printf)
lib/libmini.a(console.o)      board/compal_e88/init.o (cons_bind_uart)
lib/libmini.a(ctors.o)        board/compal/start.ram.o (do_global_ctors)
lib/libmini.a(delay.o)        calypso/libcalypso.a(tpu.o) (delay_us)
lib/libmini.a(div64.o)        lib/libmini.a(vsprintf.o) (__do_div64)
lib/libmini.a(lib1funcs.o)    rf/trf6151.o (__udivsi3)
lib/libmini.a(memcpy.o)       calypso/libcalypso.a(sim.o) (memcpy)
lib/libmini.a(memset.o)       apps/layer1/main.o (memset)
comm/libcomm.a(sercomm.o)     layer1/liblayer1.a(l23_api.o) (sercomm_sendmsg)
comm/libcomm.a(sercomm_cons.o)
                              lib/libmini.a(vsprintf.o) (sercomm_puts)
comm/libcomm.a(timer.o)       calypso/libcalypso.a(keypad.o) (jiffies)
tiffs/libtiffs.a(init.o)      board/compal_e88/init.o (tiffs_init)
tiffs/libtiffs.a(globals.o)   tiffs/libtiffs.a(init.o) (tiffs_base_addr)
../../shared/libosmocore/build-target/src/.libs/libosmocore.a(msgb.o)
                              calypso/libcalypso.a(sim.o) (msgb_alloc)
../../shared/libosmocore/build-target/src/.libs/libosmocore.a(utils.o)
                              calypso/libcalypso.a(sim.o) (osmo_hexdump)
../../shared/libosmocore/build-target/src/.libs/libosmocore.a(panic.o)
                              calypso/libcalypso.a(sim.o) (osmo_panic)
../../shared/libosmocore/build-target/src/gsm/.libs/libosmogsm.a(gsm_utils.o)
                              layer1/liblayer1.a(prim_fbsb.o) (rxlev2dbm)
calypso/libcalypso.a(dsp.o)   layer1/liblayer1.a(sync.o) (dsp_api_memset)
lib/libmini.a(memcmp.o)       tiffs/libtiffs.a(init.o) (memcmp)
[...]
Memory Configuration

Name             Origin             Length             Attributes
LRAM             0x0000000000800000 0x0000000000010000 rw
IRAM             0x0000000000810000 0x0000000000030000 rw
*default*        0x0000000000000000 0xffffffffffffffff

Linker script and memory map

START GROUP
LOAD apps/layer1/main.o
LOAD abb/twl3025.o
LOAD rf/trf6151.o
LOAD flash/cfi_flash.o
LOAD board/common/calypso_uart.o
LOAD board/common/calypso_pwl.o
LOAD board/common/tx_calchan.o
LOAD board/compal/rffe_dualband.o
LOAD board/compal/rf_tables.o
LOAD board/compal/readcal_common.o
LOAD board/compal_e88/init.o
LOAD board/compal/readcal_small.o
LOAD board/compal_e88/tx_ramps.o
LOAD battery/compal_e88.o
LOAD fb/framebuffer.o
LOAD fb/font.o
LOAD fb/helvR08.o
LOAD fb/helvB14.o
LOAD fb/c64.o
LOAD fb/symbols.o
LOAD fb/fb_bw8.o
LOAD fb/fb_st7558.o
LOAD board/compal/start.ram.o
LOAD board/compal/exceptions_redirected.o
LOAD board/compal/handlers.o
LOAD board/compal_e88/layer1.compalram.manifest.o
LOAD calypso/libcalypso.a
LOAD layer1/liblayer1.a
LOAD lib/libmini.a
LOAD comm/libcomm.a
LOAD tiffs/libtiffs.a
LOAD ../../shared/libosmocore/build-target/src/.libs/libosmocore.a
LOAD ../../shared/libosmocore/build-target/src/gsm/.libs/libosmogsm.a
END GROUP
                0x0000000000800000                . = 0x800000

.compal.loader  0x0000000000800000       0x1c
                0x000000000000001c                . = 0x1c
 *fill*         0x0000000000800000       0x1c 00

.compal.header  0x0000000000800100        0x4
                0x0000000000000004                . = 0x4
 *fill*         0x0000000000800100        0x4 00
                0x0000000000800104                . = ALIGN (0x4)

.text.start     0x0000000000800104       0x6c
                0x0000000000800104                PROVIDE (_start, .)
 *(.text.start)
 .text.start    0x0000000000800104       0x6c board/compal/start.ram.o
                0x0000000000800104                _start
 *(.text.start)

.text.exceptions
                0x000000000080001c       0x1c load address 0x0000000000800170
 *(.text.exceptions)
 .text.exceptions
                0x000000000080001c       0x1c board/compal/exceptions_redirected.o
 *(.text.exceptions)
                0x0000000000800038                . = ALIGN (0x4)
                0x0000000000800170                PROVIDE (_exceptions, LOADADDR (.text.exceptions))
                0x0000000000800038                . = ALIGN (0x4)

.text           0x000000000080018c     0xba34
 *(.text*)
 .text.tspact_toggle
                0x000000000080018c       0x44 apps/layer1/main.o
 .text.key_handler
                0x00000000008001d0       0xc4 apps/layer1/main.o
 .text.main     0x0000000000800294      0x178 apps/layer1/main.o
                0x0000000000800294                main
 .text.tpu_enq_at
                0x000000000080040c       0x34 abb/twl3025.o
 .text.tpu_enq_wait
                0x0000000000800440       0x14 abb/twl3025.o
 .text.twl3025_wait_ibic_access
                0x0000000000800454        0x8 abb/twl3025.o
 .text.twl3025_reg_write
                0x000000000080045c       0x58 abb/twl3025.o
                0x000000000080045c                twl3025_reg_write
 .text.twl3025_switch_page
                0x00000000008004b4       0x2c abb/twl3025.o
 .text.twl3025_tsp_write
                0x00000000008004e0       0x10 abb/twl3025.o
                0x00000000008004e0                twl3025_tsp_write
 .text.twl3025_reg_read
                0x00000000008004f0       0x74 abb/twl3025.o
                0x00000000008004f0                twl3025_reg_read
 .text.twl3025_get_pwon
                0x0000000000800564       0x58 abb/twl3025.o
                0x0000000000800564                twl3025_get_pwon
 .text.twl3025_power_off
                0x00000000008005bc       0x30 abb/twl3025.o
                0x00000000008005bc                twl3025_power_off
 .text.twl3025_irq
                0x00000000008005ec       0x68 abb/twl3025.o
 .text.twl3025_clk13m
                0x0000000000800654       0x38 abb/twl3025.o
                0x0000000000800654                twl3025_clk13m
 .text.twl3025_downlink
                0x000000000080068c       0x98 abb/twl3025.o
                0x000000000080068c                twl3025_downlink
 .text.twl3025_uplink
                0x0000000000800724       0xac abb/twl3025.o
                0x0000000000800724                twl3025_uplink
 .text.twl3025_afc_set
                0x00000000008007d0       0x64 abb/twl3025.o
                0x00000000008007d0                twl3025_afc_set
 .text.twl3025_unit_enable
                0x0000000000800834       0x7c abb/twl3025.o
                0x0000000000800834                twl3025_unit_enable
 .text.twl3025_init
                0x00000000008008b0       0x9c abb/twl3025.o
                0x00000000008008b0                twl3025_init
 .text.twl3025_afcout_get
                0x000000000080094c       0x14 abb/twl3025.o
                0x000000000080094c                twl3025_afcout_get
 .text.tpu_enq_at
                0x0000000000800960       0x34 rf/trf6151.o
 .text.tpu_enq_wait
                0x0000000000800994       0x14 rf/trf6151.o
 .text.trf6151_reg_write
                0x00000000008009a8       0x38 rf/trf6151.o
 .text.trf6151_set_gain_reg
                0x00000000008009e0       0x64 rf/trf6151.o
                0x00000000008009e0                trf6151_set_gain_reg
 .text.trf6151_set_gain
                0x0000000000800a44       0x74 rf/trf6151.o
                0x0000000000800a44                trf6151_set_gain
 .text.trf6151_power
                0x0000000000800ab8       0x64 rf/trf6151.o
                0x0000000000800ab8                trf6151_power
 .text.trf6151_init
                0x0000000000800b1c       0x5c rf/trf6151.o
                0x0000000000800b1c                trf6151_init
 .text.trf6151_set_mode
                0x0000000000800b78       0x34 rf/trf6151.o
                0x0000000000800b78                trf6151_set_mode
 .text.trf6151_set_arfcn
                0x0000000000800bac      0x220 rf/trf6151.o
                0x0000000000800bac                trf6151_set_arfcn
 .text.trf6151_get_gain
                0x0000000000800dcc       0x28 rf/trf6151.o
                0x0000000000800dcc                trf6151_get_gain
 .text.trf6151_rx_window
                0x0000000000800df4       0x54 rf/trf6151.o
                0x0000000000800df4                trf6151_rx_window
 .text.trf6151_tx_window
                0x0000000000800e48       0x44 rf/trf6151.o
                0x0000000000800e48                trf6151_tx_window
 .text.trf6151_compute_gain
                0x0000000000800e8c       0x28 rf/trf6151.o
                0x0000000000800e8c                trf6151_compute_gain
 .text.trf6151_iq_swapped
                0x0000000000800eb4       0x30 rf/trf6151.o
                0x0000000000800eb4                trf6151_iq_swapped
 .text          0x0000000000800ee4       0xfc board/common/calypso_uart.o
                0x0000000000800ef0                phex
                0x0000000000800f24                puts_asm
                0x0000000000800f60                putchar_asm
                0x0000000000800f70                memdump_asm
 .text.rffe_mode
                0x0000000000800fe0       0x44 board/compal/rffe_dualband.o
                0x0000000000800fe0                rffe_mode
 .text.rffe_get_rx_ports
                0x0000000000801024        0x8 board/compal/rffe_dualband.o
                0x0000000000801024                rffe_get_rx_ports
 .text.rffe_iq_swapped
                0x000000000080102c        0xc board/compal/rffe_dualband.o
                0x000000000080102c                rffe_iq_swapped
 .text.rffe_init
                0x0000000000801038       0x54 board/compal/rffe_dualband.o
                0x0000000000801038                rffe_init
 .text.rffe_get_gain
                0x000000000080108c        0x4 board/compal/rffe_dualband.o
                0x000000000080108c                rffe_get_gain
 .text.rffe_set_gain
                0x0000000000801090        0x8 board/compal/rffe_dualband.o
                0x0000000000801090                rffe_set_gain
 .text.rffe_compute_gain
                0x0000000000801098       0x14 board/compal/rffe_dualband.o
                0x0000000000801098                rffe_compute_gain
 .text.apply_levels
                0x00000000008010ac       0x28 board/compal/readcal_common.o
 .text.read_compal_factory_records
                0x00000000008010d4      0x1a8 board/compal/readcal_common.o
                0x00000000008010d4                read_compal_factory_records
 .text.board_init
                0x000000000080127c      0x1d4 board/compal_e88/init.o
                0x000000000080127c                board_init
 .text.read_factory_rf_calibration
                0x0000000000801450        0x8 board/compal/readcal_small.o
                0x0000000000801450                read_factory_rf_calibration
 .text.bat_compal_e88_goto_state
                0x0000000000801458      0x134 battery/compal_e88.o
 .text.battery_compal_e88_timer_cb
                0x000000000080158c      0x3b4 battery/compal_e88.o
 .text.battery_compal_e88_init
                0x0000000000801940       0x30 battery/compal_e88.o
                0x0000000000801940                battery_compal_e88_init
 .text.fb_font_get_char
                0x0000000000801970       0x58 fb/font.o
                0x0000000000801970                fb_font_get_char
 .text.fb_limit_fb_range
                0x00000000008019c8       0x38 fb/fb_bw8.o
 .text.fb_bw8_update_damage
                0x0000000000801a00       0xf0 fb/fb_bw8.o
 .text.set_fg_pixel
                0x0000000000801af0       0x48 fb/fb_bw8.o
 .text.fb_bw8_clear
                0x0000000000801b38       0x80 fb/fb_bw8.o
                0x0000000000801b38                fb_bw8_clear
 .text.fb_bw8_boxto
                0x0000000000801bb8      0x204 fb/fb_bw8.o
                0x0000000000801bb8                fb_bw8_boxto
 .text.fb_bw8_set_pixel
                0x0000000000801dbc       0x78 fb/fb_bw8.o
                0x0000000000801dbc                fb_bw8_set_pixel
 .text.fb_bw8_set_p
                0x0000000000801e34       0x40 fb/fb_bw8.o
                0x0000000000801e34                fb_bw8_set_p
 .text.fb_bw8_lineto
                0x0000000000801e74      0x168 fb/fb_bw8.o
                0x0000000000801e74                fb_bw8_lineto
 .text.fb_bw8_putstr
                0x0000000000801fdc      0x384 fb/fb_bw8.o
                0x0000000000801fdc                fb_bw8_putstr
 .text.fb_st7558_flush
                0x0000000000802360      0x104 fb/fb_st7558.o
 .text.fb_st7558_init
                0x0000000000802464       0x40 fb/fb_st7558.o
 .text          0x00000000008024a4       0x90 board/compal/handlers.o
                0x00000000008024a4                handle_abort
                0x00000000008024e4                irq_entry
                0x000000000080250c                fiq_entry
 .text.dump_reg16
                0x0000000000802534       0x10 calypso/libcalypso.a(clock.o)
 .text.calypso_clk_dump
                0x0000000000802544       0x6c calypso/libcalypso.a(clock.o)
                0x0000000000802544                calypso_clk_dump
 .text.calypso_pll_set
                0x00000000008025b0       0x34 calypso/libcalypso.a(clock.o)
                0x00000000008025b0                calypso_pll_set
 .text.calypso_reset_set
                0x00000000008025e4       0x28 calypso/libcalypso.a(clock.o)
                0x00000000008025e4                calypso_reset_set
 .text.calypso_clock_set
                0x000000000080260c       0x70 calypso/libcalypso.a(clock.o)
                0x000000000080260c                calypso_clock_set
 .text.calypso_mem_cfg
                0x000000000080267c       0x24 calypso/libcalypso.a(clock.o)
                0x000000000080267c                calypso_mem_cfg
 .text.calypso_bootrom
                0x00000000008026a0       0x20 calypso/libcalypso.a(clock.o)
                0x00000000008026a0                calypso_bootrom
 .text.calypso_rhea_cfg
                0x00000000008026c0       0x4c calypso/libcalypso.a(clock.o)
                0x00000000008026c0                calypso_rhea_cfg
 .text.dma_init
                0x000000000080270c       0x10 calypso/libcalypso.a(dma.o)
                0x000000000080270c                dma_init
 .text.i2c_write
                0x000000000080271c       0x78 calypso/libcalypso.a(i2c.o)
                0x000000000080271c                i2c_write
 .text.i2c_init
                0x0000000000802794       0x2c calypso/libcalypso.a(i2c.o)
                0x0000000000802794                i2c_init
 .text._irq_enable
                0x00000000008027c0       0x40 calypso/libcalypso.a(irq.o)
 .text.irq_enable
                0x0000000000802800        0x8 calypso/libcalypso.a(irq.o)
                0x0000000000802800                irq_enable
 .text.irq_disable
                0x0000000000802808        0x8 calypso/libcalypso.a(irq.o)
                0x0000000000802808                irq_disable
 .text.irq_config
                0x0000000000802810       0x48 calypso/libcalypso.a(irq.o)
                0x0000000000802810                irq_config
 .text.irq      0x0000000000802858       0x3c calypso/libcalypso.a(irq.o)
                0x0000000000802858                irq
 .text.fiq      0x0000000000802894       0x3c calypso/libcalypso.a(irq.o)
                0x0000000000802894                fiq
 .text.irq_register_handler
                0x00000000008028d0       0x14 calypso/libcalypso.a(irq.o)
                0x00000000008028d0                irq_register_handler
 .text.calypso_exceptions_install
                0x00000000008028e4       0x34 calypso/libcalypso.a(irq.o)
                0x00000000008028e4                calypso_exceptions_install
 .text.irq_init
                0x0000000000802918       0x5c calypso/libcalypso.a(irq.o)
                0x0000000000802918                irq_init
 .text.rtc_irq_tick
                0x0000000000802974       0x18 calypso/libcalypso.a(rtc.o)
 .text.rtc_init
                0x000000000080298c       0x54 calypso/libcalypso.a(rtc.o)
                0x000000000080298c                rtc_init
 .text.sim_irq_handler
                0x00000000008029e0       0xf0 calypso/libcalypso.a(sim.o)
                0x00000000008029e0                sim_irq_handler
 .text.calypso_sim_receive
                0x0000000000802ad0       0x48 calypso/libcalypso.a(sim.o)
                0x0000000000802ad0                calypso_sim_receive
 .text.calypso_sim_transmit
                0x0000000000802b18       0x54 calypso/libcalypso.a(sim.o)
                0x0000000000802b18                calypso_sim_transmit
 .text.sim_apdu
                0x0000000000802b6c       0x48 calypso/libcalypso.a(sim.o)
                0x0000000000802b6c                sim_apdu
 .text.sim_handler
                0x0000000000802bb4      0x49c calypso/libcalypso.a(sim.o)
                0x0000000000802bb4                sim_handler
 .text.calypso_sim_init
                0x0000000000803050       0x34 calypso/libcalypso.a(sim.o)
                0x0000000000803050                calypso_sim_init
 .text.calypso_sim_powerup
                0x0000000000803084       0x70 calypso/libcalypso.a(sim.o)
                0x0000000000803084                calypso_sim_powerup
 .text.calypso_sim_powerdown
                0x00000000008030f4       0x60 calypso/libcalypso.a(sim.o)
                0x00000000008030f4                calypso_sim_powerdown
 .text.spi_init
                0x0000000000803154       0x1c calypso/libcalypso.a(spi.o)
                0x0000000000803154                spi_init
 .text.spi_xfer
                0x0000000000803170      0x100 calypso/libcalypso.a(spi.o)
                0x0000000000803170                spi_xfer
 .text.tpu_wait_ctrl_bit
                0x0000000000803270       0x60 calypso/libcalypso.a(tpu.o)
 .text.tpu_reset
                0x00000000008032d0       0x2c calypso/libcalypso.a(tpu.o)
                0x00000000008032d0                tpu_reset
 .text.tpu_enable
                0x00000000008032fc       0x34 calypso/libcalypso.a(tpu.o)
                0x00000000008032fc                tpu_enable
 .text.tpu_clk_enable
                0x0000000000803330       0x2c calypso/libcalypso.a(tpu.o)
                0x0000000000803330                tpu_clk_enable
 .text.tpu_dsp_frameirq_enable
                0x000000000080335c       0x1c calypso/libcalypso.a(tpu.o)
                0x000000000080335c                tpu_dsp_frameirq_enable
 .text.tpu_rewind
                0x0000000000803378       0x18 calypso/libcalypso.a(tpu.o)
                0x0000000000803378                tpu_rewind
 .text.tpu_enqueue
                0x0000000000803390       0x28 calypso/libcalypso.a(tpu.o)
                0x0000000000803390                tpu_enqueue
 .text.tpu_init
                0x00000000008033b8       0x64 calypso/libcalypso.a(tpu.o)
                0x00000000008033b8                tpu_init
 .text.tpu_wait_idle
                0x000000000080341c       0x20 calypso/libcalypso.a(tpu.o)
                0x000000000080341c                tpu_wait_idle
 .text.tpu_frame_irq_en
                0x000000000080343c       0x30 calypso/libcalypso.a(tpu.o)
                0x000000000080343c                tpu_frame_irq_en
 .text.add_mod5000
                0x000000000080346c       0x38 calypso/libcalypso.a(tpu.o)
                0x000000000080346c                add_mod5000
 .text.tpu_enq_move
                0x00000000008034a4       0x1c calypso/libcalypso.a(tsp.o)
 .text.tsp_write
                0x00000000008034c0       0xcc calypso/libcalypso.a(tsp.o)
                0x00000000008034c0                tsp_write
 .text.tsp_setup
                0x000000000080358c       0x40 calypso/libcalypso.a(tsp.o)
                0x000000000080358c                tsp_setup
 .text.tsp_act_update
                0x00000000008035cc       0x50 calypso/libcalypso.a(tsp.o)
                0x00000000008035cc                tsp_act_update
 .text.tsp_act_enable
                0x000000000080361c       0x1c calypso/libcalypso.a(tsp.o)
                0x000000000080361c                tsp_act_enable
 .text.tsp_act_disable
                0x0000000000803638       0x14 calypso/libcalypso.a(tsp.o)
                0x0000000000803638                tsp_act_disable
 .text.tsp_act_state
                0x000000000080364c       0x10 calypso/libcalypso.a(tsp.o)
                0x000000000080364c                tsp_act_state
 .text.tsp_act_toggle
                0x000000000080365c       0x1c calypso/libcalypso.a(tsp.o)
                0x000000000080365c                tsp_act_toggle
 .text.tsp_init
                0x0000000000803678        0x8 calypso/libcalypso.a(tsp.o)
                0x0000000000803678                tsp_init
 .text.keypad_irq
                0x0000000000803680       0x18 calypso/libcalypso.a(keypad.o)
 .text.emit_key
                0x0000000000803698       0x58 calypso/libcalypso.a(keypad.o)
                0x0000000000803698                emit_key
 .text.dispatch_buttons
                0x00000000008036f0       0xc4 calypso/libcalypso.a(keypad.o)
                0x00000000008036f0                dispatch_buttons
 .text.keypad_init
                0x00000000008037b4       0x6c calypso/libcalypso.a(keypad.o)
                0x00000000008037b4                keypad_init
 .text.keypad_set_handler
                0x0000000000803820       0x10 calypso/libcalypso.a(keypad.o)
                0x0000000000803820                keypad_set_handler
 .text.keypad_poll
                0x0000000000803830      0x1f0 calypso/libcalypso.a(keypad.o)
                0x0000000000803830                keypad_poll
 .text.dump_dev_id
                0x0000000000803a20       0x8c calypso/libcalypso.a(misc.o)
                0x0000000000803a20                dump_dev_id
 .text.hwtimer_enable
                0x0000000000803aac       0x68 calypso/libcalypso.a(timer.o)
                0x0000000000803aac                hwtimer_enable
 .text.hwtimer_config
                0x0000000000803b14       0x34 calypso/libcalypso.a(timer.o)
                0x0000000000803b14                hwtimer_config
 .text.hwtimer_load
                0x0000000000803b48       0x28 calypso/libcalypso.a(timer.o)
                0x0000000000803b48                hwtimer_load
 .text.hwtimer_read
                0x0000000000803b70       0x54 calypso/libcalypso.a(timer.o)
                0x0000000000803b70                hwtimer_read
 .text.hwtimer_init
                0x0000000000803bc4       0x1c calypso/libcalypso.a(timer.o)
                0x0000000000803bc4                hwtimer_init
 .text.bl_mode_pwl
                0x0000000000803be0       0x3c calypso/libcalypso.a(backlight.o)
                0x0000000000803be0                bl_mode_pwl
 .text.bl_level
                0x0000000000803c1c       0x34 calypso/libcalypso.a(backlight.o)
                0x0000000000803c1c                bl_level
 .text.uart_set_lcr7bit
                0x0000000000803c50       0x2c calypso/libcalypso.a(uart.o)
 .text.uart_set_lcr_bf
                0x0000000000803c7c       0x38 calypso/libcalypso.a(uart.o)
 .text.uart_set_mcr6bit
                0x0000000000803cb4       0x2c calypso/libcalypso.a(uart.o)
 .text.uart_reg_write
                0x0000000000803ce0       0xa0 calypso/libcalypso.a(uart.o)
 .text.uart_reg_read
                0x0000000000803d80       0xa0 calypso/libcalypso.a(uart.o)
 .text.uart_irq_handler_cons
                0x0000000000803e20       0x5c calypso/libcalypso.a(uart.o)
 .text.uart_irq_enable
                0x0000000000803e7c       0x50 calypso/libcalypso.a(uart.o)
                0x0000000000803e7c                uart_irq_enable
 .text.uart_init
                0x0000000000803ecc      0x188 calypso/libcalypso.a(uart.o)
                0x0000000000803ecc                uart_init
 .text.uart_putchar_wait
                0x0000000000804054       0x30 calypso/libcalypso.a(uart.o)
                0x0000000000804054                uart_putchar_wait
 .text.uart_putchar_nb
                0x0000000000804084       0x30 calypso/libcalypso.a(uart.o)
                0x0000000000804084                uart_putchar_nb
 .text.uart_getchar_nb
                0x00000000008040b4       0x88 calypso/libcalypso.a(uart.o)
                0x00000000008040b4                uart_getchar_nb
 .text.uart_tx_busy
                0x000000000080413c       0x20 calypso/libcalypso.a(uart.o)
                0x000000000080413c                uart_tx_busy
 .text.uart_irq_handler_sercomm
                0x000000000080415c      0x124 calypso/libcalypso.a(uart.o)
 .text.uart_baudrate
                0x0000000000804280       0x68 calypso/libcalypso.a(uart.o)
                0x0000000000804280                uart_baudrate
 .text.arm_enable_interrupts
                0x00000000008042e8       0x10 calypso/libcalypso.a(arm.o)
                0x00000000008042e8                arm_enable_interrupts
 .text.layer1_init
                0x00000000008042f8       0x48 layer1/liblayer1.a(init.o)
                0x00000000008042f8                layer1_init
 .text.audio_set_enabled
                0x0000000000804340       0x4c layer1/liblayer1.a(l23_api.o)
 .text.msgb_put
                0x000000000080438c       0x58 layer1/liblayer1.a(l23_api.o)
 .text.l1a_l23_rx
                0x00000000008043e4       0x24 layer1/liblayer1.a(l23_api.o)
                0x00000000008043e4                l1a_l23_rx
 .text.l1_queue_for_l2
                0x0000000000804408       0x34 layer1/liblayer1.a(l23_api.o)
                0x0000000000804408                l1_queue_for_l2
 .text.l1ctl_msgb_alloc
                0x000000000080443c       0x68 layer1/liblayer1.a(l23_api.o)
                0x000000000080443c                l1ctl_msgb_alloc
 .text.l1_create_l2_msg
                0x00000000008044a4       0x78 layer1/liblayer1.a(l23_api.o)
                0x00000000008044a4                l1_create_l2_msg
 .text.l1ctl_tx_reset
                0x000000000080451c       0x2c layer1/liblayer1.a(l23_api.o)
                0x000000000080451c                l1ctl_tx_reset
 .text.l1a_l23_handler
                0x0000000000804548      0xa1c layer1/liblayer1.a(l23_api.o)
                0x0000000000804548                l1a_l23_handler
 .text.l1a_l23api_init
                0x0000000000804f64       0x10 layer1/liblayer1.a(l23_api.o)
                0x0000000000804f64                l1a_l23api_init
 .text.mframe_task2chan_nr
                0x0000000000804f74       0x28 layer1/liblayer1.a(mframe_sched.o)
                0x0000000000804f74                mframe_task2chan_nr
 .text.mframe_enable
                0x0000000000804f9c       0x1c layer1/liblayer1.a(mframe_sched.o)
                0x0000000000804f9c                mframe_enable
 .text.mframe_disable
                0x0000000000804fb8       0x1c layer1/liblayer1.a(mframe_sched.o)
                0x0000000000804fb8                mframe_disable
 .text.mframe_set
                0x0000000000804fd4       0x10 layer1/liblayer1.a(mframe_sched.o)
                0x0000000000804fd4                mframe_set
 .text.mframe_schedule
                0x0000000000804fe4      0x120 layer1/liblayer1.a(mframe_sched.o)
                0x0000000000804fe4                mframe_schedule
 .text.mframe_reset
                0x0000000000805104       0x20 layer1/liblayer1.a(mframe_sched.o)
                0x0000000000805104                mframe_reset
 .text.sched_gsmtime
                0x0000000000805124       0xa8 layer1/liblayer1.a(sched_gsmtime.o)
                0x0000000000805124                sched_gsmtime
 .text.sched_gsmtime_execute
                0x00000000008051cc       0x84 layer1/liblayer1.a(sched_gsmtime.o)
                0x00000000008051cc                sched_gsmtime_execute
 .text.sched_gsmtime_init
                0x0000000000805250       0x50 layer1/liblayer1.a(sched_gsmtime.o)
                0x0000000000805250                sched_gsmtime_init
 .text.sched_gsmtime_reset
                0x00000000008052a0       0x54 layer1/liblayer1.a(sched_gsmtime.o)
                0x00000000008052a0                sched_gsmtime_reset
 .text.l1a_txq_msgb_enq
                0x00000000008052f4       0x1c layer1/liblayer1.a(async.o)
                0x00000000008052f4                l1a_txq_msgb_enq
 .text.l1a_meas_msgb_set
                0x0000000000805310       0x38 layer1/liblayer1.a(async.o)
                0x0000000000805310                l1a_meas_msgb_set
 .text.l1a_txq_msgb_count
                0x0000000000805348       0x34 layer1/liblayer1.a(async.o)
                0x0000000000805348                l1a_txq_msgb_count
 .text.l1a_txq_msgb_flush
                0x000000000080537c       0x34 layer1/liblayer1.a(async.o)
                0x000000000080537c                l1a_txq_msgb_flush
 .text.l1a_mftask_set
                0x00000000008053b0        0x4 layer1/liblayer1.a(async.o)
                0x00000000008053b0                l1a_mftask_set
 .text.l1a_tch_mode_set
                0x00000000008053b4       0x60 layer1/liblayer1.a(async.o)
                0x00000000008053b4                l1a_tch_mode_set
 .text.l1a_audio_mode_set
                0x0000000000805414       0x14 layer1/liblayer1.a(async.o)
                0x0000000000805414                l1a_audio_mode_set
 .text.l1a_tch_flags_set
                0x0000000000805428       0x14 layer1/liblayer1.a(async.o)
                0x0000000000805428                l1a_tch_flags_set
 .text.l1a_init
                0x000000000080543c        0x4 layer1/liblayer1.a(async.o)
                0x000000000080543c                l1a_init
 .text.l1a_compl_execute
                0x0000000000805440       0x50 layer1/liblayer1.a(async.o)
                0x0000000000805440                l1a_compl_execute
 .text.l1s_neigh_pm_resp
                0x0000000000805490      0x178 layer1/liblayer1.a(prim_pm.o)
 .text.l1s_pm_cmd
                0x0000000000805608       0x50 layer1/liblayer1.a(prim_pm.o)
 .text.l1s_neigh_pm_cmd
                0x0000000000805658       0x7c layer1/liblayer1.a(prim_pm.o)
 .text.l1s_pm_test
                0x00000000008056d4       0x30 layer1/liblayer1.a(prim_pm.o)
                0x00000000008056d4                l1s_pm_test
 .text.l1s_pm_resp
                0x0000000000805704      0x20c layer1/liblayer1.a(prim_pm.o)
 .text.l1s_tx_rach_resp
                0x0000000000805910       0x44 layer1/liblayer1.a(prim_rach.o)
 .text.l1s_tx_rach_cmd
                0x0000000000805954       0x8c layer1/liblayer1.a(prim_rach.o)
 .text.l1a_rach_compl
                0x00000000008059e0       0x28 layer1/liblayer1.a(prim_rach.o)
 .text.l1a_rach_req
                0x0000000000805a08      0x160 layer1/liblayer1.a(prim_rach.o)
                0x0000000000805a08                l1a_rach_req
 .text.prim_rach_init
                0x0000000000805b68       0x18 layer1/liblayer1.a(prim_rach.o)
 .text.l1s_tx_resp
                0x0000000000805b80       0x4c layer1/liblayer1.a(prim_tx_nb.o)
 .text.l1s_tx_cmd
                0x0000000000805bcc      0x168 layer1/liblayer1.a(prim_tx_nb.o)
 .text.l1a_tx_nb_compl
                0x0000000000805d34       0x28 layer1/liblayer1.a(prim_tx_nb.o)
 .text.prim_tx_nb_init
                0x0000000000805d5c       0x18 layer1/liblayer1.a(prim_tx_nb.o)
 .text.l1s_nb_resp
                0x0000000000805d74      0x2f8 layer1/liblayer1.a(prim_rx_nb.o)
 .text.l1s_nb_cmd
                0x000000000080606c      0x180 layer1/liblayer1.a(prim_rx_nb.o)
 .text.l1ctl_fbsb_resp
                0x00000000008061ec       0xc0 layer1/liblayer1.a(prim_fbsb.o)
 .text.l1s_sbdet_resp
                0x00000000008062ac      0x33c layer1/liblayer1.a(prim_fbsb.o)
 .text.l1s_sbdet_cmd
                0x00000000008065e8       0x54 layer1/liblayer1.a(prim_fbsb.o)
 .text.l1s_fbdet_cmd
                0x000000000080663c       0x6c layer1/liblayer1.a(prim_fbsb.o)
 .text.fbinfo2cellinfo.clone.0.clone.1
                0x00000000008066a8       0xec layer1/liblayer1.a(prim_fbsb.o)
 .text.l1s_fbdet_resp
                0x0000000000806794      0x328 layer1/liblayer1.a(prim_fbsb.o)
 .text.l1a_fb_compl
                0x0000000000806abc       0x2c layer1/liblayer1.a(prim_fbsb.o)
 .text.l1s_fbsb_req
                0x0000000000806ae8       0xf4 layer1/liblayer1.a(prim_fbsb.o)
                0x0000000000806ae8                l1s_fbsb_req
 .text.l1s_prim_fbsb_init
                0x0000000000806bdc       0x18 layer1/liblayer1.a(prim_fbsb.o)
 .text.l1s_freq_cmd
                0x0000000000806bf4       0x54 layer1/liblayer1.a(prim_freq.o)
 .text.l1a_freq_req
                0x0000000000806c48       0xc0 layer1/liblayer1.a(prim_freq.o)
                0x0000000000806c48                l1a_freq_req
 .text.pu_get_idle_frame
                0x0000000000806d08        0xc layer1/liblayer1.a(prim_utils.o)
                0x0000000000806d08                pu_get_idle_frame
 .text.pu_update_rx_level
                0x0000000000806d14       0x18 layer1/liblayer1.a(prim_utils.o)
                0x0000000000806d14                pu_update_rx_level
 .text.pu_get_meas_frame
                0x0000000000806d2c       0x30 layer1/liblayer1.a(prim_utils.o)
                0x0000000000806d2c                pu_get_meas_frame
 .text.l1s_tch_d_resp
                0x0000000000806d5c       0x18 layer1/liblayer1.a(prim_tch.o)
 .text.l1s_tch_meas_avg
                0x0000000000806d74       0x7c layer1/liblayer1.a(prim_tch.o)
 .text.__fswab32
                0x0000000000806df0       0x14 layer1/liblayer1.a(prim_tch.o)
 .text.msgb_put
                0x0000000000806e04       0x58 layer1/liblayer1.a(prim_tch.o)
 .text.dsp_task_iq_swap
                0x0000000000806e5c       0x24 layer1/liblayer1.a(prim_tch.o)
 .text.l1a_tx_tch_compl
                0x0000000000806e80       0x68 layer1/liblayer1.a(prim_tch.o)
 .text.tch_get_params.clone.0
                0x0000000000806ee8      0x1b4 layer1/liblayer1.a(prim_tch.o)
 .text.l1s_tch_a_resp
                0x000000000080709c      0x280 layer1/liblayer1.a(prim_tch.o)
 .text.l1s_tch_d_cmd
                0x000000000080731c       0xc0 layer1/liblayer1.a(prim_tch.o)
 .text.l1s_tch_resp
                0x00000000008073dc      0x4d0 layer1/liblayer1.a(prim_tch.o)
 .text.l1s_tch_a_cmd
                0x00000000008078ac      0x27c layer1/liblayer1.a(prim_tch.o)
 .text.l1s_tch_cmd
                0x0000000000807b28      0x374 layer1/liblayer1.a(prim_tch.o)
 .text.prim_tch_init
                0x0000000000807e9c       0x18 layer1/liblayer1.a(prim_tch.o)
 .text.agc_inp_dbm8_by_pm
                0x0000000000807eb4       0x34 layer1/liblayer1.a(agc.o)
                0x0000000000807eb4                agc_inp_dbm8_by_pm
 .text.afc_correct
                0x0000000000807ee8       0x80 layer1/liblayer1.a(afc.o)
                0x0000000000807ee8                afc_correct
 .text.afc_ravg_output
                0x0000000000807f68       0x18 layer1/liblayer1.a(afc.o)
 .text.afc_reset
                0x0000000000807f80       0x1c layer1/liblayer1.a(afc.o)
                0x0000000000807f80                afc_reset
 .text.afc_input
                0x0000000000807f9c       0x2c layer1/liblayer1.a(afc.o)
                0x0000000000807f9c                afc_input
 .text.afc_load_dsp
                0x0000000000807fc8       0x2c layer1/liblayer1.a(afc.o)
                0x0000000000807fc8                afc_load_dsp
 .text.toa_ravg_output
                0x0000000000807ff4       0x30 layer1/liblayer1.a(toa.o)
 .text.toa_input
                0x0000000000808024       0x48 layer1/liblayer1.a(toa.o)
                0x0000000000808024                toa_input
 .text.toa_reset
                0x000000000080806c       0x1c layer1/liblayer1.a(toa.o)
                0x000000000080806c                toa_reset
 .text.l1s_abort_cmd
                0x0000000000808088       0x58 layer1/liblayer1.a(sync.o)
 .text.l1s_time_inc
                0x00000000008080e0       0xc8 layer1/liblayer1.a(sync.o)
                0x00000000008080e0                l1s_time_inc
 .text.frame_irq
                0x00000000008081a8      0x178 layer1/liblayer1.a(sync.o)
 .text.l1s_time_dump
                0x0000000000808320       0x2c layer1/liblayer1.a(sync.o)
                0x0000000000808320                l1s_time_dump
 .text.l1s_snr_int
                0x000000000080834c        0xc layer1/liblayer1.a(sync.o)
                0x000000000080834c                l1s_snr_int
 .text.synchronize_tdma
                0x0000000000808358       0xa8 layer1/liblayer1.a(sync.o)
                0x0000000000808358                synchronize_tdma
 .text.l1s_reset_hw
                0x0000000000808400       0x7c layer1/liblayer1.a(sync.o)
                0x0000000000808400                l1s_reset_hw
 .text.l1s_compl_sched
                0x000000000080847c       0x2c layer1/liblayer1.a(sync.o)
                0x000000000080847c                l1s_compl_sched
 .text.l1s_dsp_abort
                0x00000000008084a8       0x2c layer1/liblayer1.a(sync.o)
                0x00000000008084a8                l1s_dsp_abort
 .text.l1s_tx_apc_helper
                0x00000000008084d4      0x1b8 layer1/liblayer1.a(sync.o)
                0x00000000008084d4                l1s_tx_apc_helper
 .text.l1s_reset
                0x000000000080868c       0x40 layer1/liblayer1.a(sync.o)
                0x000000000080868c                l1s_reset
 .text.l1s_init
                0x00000000008086cc       0xb0 layer1/liblayer1.a(sync.o)
                0x00000000008086cc                l1s_init
 .text.tdma_end_set
                0x000000000080877c        0x8 layer1/liblayer1.a(tdma_sched.o)
                0x000000000080877c                tdma_end_set
 .text.tdma_schedule
                0x0000000000808784       0x98 layer1/liblayer1.a(tdma_sched.o)
                0x0000000000808784                tdma_schedule
 .text.tdma_schedule_set
                0x000000000080881c       0xf0 layer1/liblayer1.a(tdma_sched.o)
                0x000000000080881c                tdma_schedule_set
 .text.tdma_sched_advance
                0x000000000080890c       0x24 layer1/liblayer1.a(tdma_sched.o)
                0x000000000080890c                tdma_sched_advance
 .text.tdma_sched_flag_scan
                0x0000000000808930       0x4c layer1/liblayer1.a(tdma_sched.o)
                0x0000000000808930                tdma_sched_flag_scan
 .text.tdma_sched_execute
                0x000000000080897c      0x170 layer1/liblayer1.a(tdma_sched.o)
                0x000000000080897c                tdma_sched_execute
 .text.tdma_sched_reset
                0x0000000000808aec       0x30 layer1/liblayer1.a(tdma_sched.o)
                0x0000000000808aec                tdma_sched_reset
 .text.tpu_enq_at
                0x0000000000808b1c       0x34 layer1/liblayer1.a(tpu_window.o)
 .text._win_cleanup
                0x0000000000808b50       0x64 layer1/liblayer1.a(tpu_window.o)
 .text._win_setup
                0x0000000000808bb4       0x98 layer1/liblayer1.a(tpu_window.o)
 .text.l1s_win_init
                0x0000000000808c4c       0x54 layer1/liblayer1.a(tpu_window.o)
                0x0000000000808c4c                l1s_win_init
 .text.l1s_rx_win_ctrl
                0x0000000000808ca0       0xbc layer1/liblayer1.a(tpu_window.o)
                0x0000000000808ca0                l1s_rx_win_ctrl
 .text.l1s_tx_win_ctrl
                0x0000000000808d5c       0xb0 layer1/liblayer1.a(tpu_window.o)
                0x0000000000808d5c                l1s_tx_win_ctrl
 .text.tpu_end_scenario
                0x0000000000808e0c       0x18 layer1/liblayer1.a(tpu_window.o)
                0x0000000000808e0c                tpu_end_scenario
 .text.rfch_get_params
                0x0000000000808e24      0x148 layer1/liblayer1.a(rfch.o)
                0x0000000000808e24                rfch_get_params
 .text.runavg_input
                0x0000000000808f6c       0x30 layer1/liblayer1.a(avg.o)
                0x0000000000808f6c                runavg_input
 .text.runavg_check_output
                0x0000000000808f9c       0x64 layer1/liblayer1.a(avg.o)
                0x0000000000808f9c                runavg_check_output
 .text.skip_atoi
                0x0000000000809000       0x44 lib/libmini.a(vsprintf.o)
 .text.number   0x0000000000809044      0x254 lib/libmini.a(vsprintf.o)
 .text.vsnprintf
                0x0000000000809298      0x518 lib/libmini.a(vsprintf.o)
                0x0000000000809298                vsnprintf
 .text.snprintf
                0x00000000008097b0       0x24 lib/libmini.a(vsprintf.o)
                0x00000000008097b0                snprintf
 .text.puts     0x00000000008097d4        0x4 lib/libmini.a(vsprintf.o)
                0x00000000008097d4                puts
 .text.strnlen  0x00000000008097d8       0x28 lib/libmini.a(string.o)
                0x00000000008097d8                strnlen
 .text.strlen   0x0000000000809800       0x1c lib/libmini.a(string.o)
                0x0000000000809800                strlen
 .text.printf   0x000000000080981c       0x44 lib/libmini.a(printf.o)
                0x000000000080981c                printf
 .text.cons_rb_pull
                0x0000000000809860       0x6c lib/libmini.a(console.o)
 .text.__cons_rb_append
                0x00000000008098cc       0x70 lib/libmini.a(console.o)
 .text.cons_bind_uart
                0x000000000080993c       0x18 lib/libmini.a(console.o)
                0x000000000080993c                cons_bind_uart
 .text.cons_get_uart
                0x0000000000809954       0x18 lib/libmini.a(console.o)
                0x0000000000809954                cons_get_uart
 .text.cons_init
                0x000000000080996c       0x40 lib/libmini.a(console.o)
                0x000000000080996c                cons_init
 .text.cons_rb_flush
                0x00000000008099ac       0x58 lib/libmini.a(console.o)
                0x00000000008099ac                cons_rb_flush
 .text.cons_rb_append
                0x0000000000809a04       0xe0 lib/libmini.a(console.o)
                0x0000000000809a04                cons_rb_append
 .text.cons_puts
                0x0000000000809ae4       0x74 lib/libmini.a(console.o)
                0x0000000000809ae4                cons_puts
 .text.do_global_ctors
                0x0000000000809b58       0x2c lib/libmini.a(ctors.o)
                0x0000000000809b58                do_global_ctors
 .text.delay_us
                0x0000000000809b84       0x38 lib/libmini.a(delay.o)
                0x0000000000809b84                delay_us
 .text.delay_ms
                0x0000000000809bbc       0x40 lib/libmini.a(delay.o)
                0x0000000000809bbc                delay_ms
 .text          0x0000000000809bfc      0x130 lib/libmini.a(div64.o)
                0x0000000000809bfc                __do_div64
 .text          0x0000000000809d2c      0x3d4 lib/libmini.a(lib1funcs.o)
                0x0000000000809d2c                __udivsi3
                0x0000000000809d2c                __aeabi_uidiv
                0x0000000000809e14                __umodsi3
                0x0000000000809ed0                __aeabi_idiv
                0x0000000000809ed0                __divsi3
                0x0000000000809fe8                __modsi3
                0x000000000080a0bc                __aeabi_uidivmod
                0x000000000080a0d4                __aeabi_idivmod
                0x000000000080a0fc                __div0
 .text          0x000000000080a100      0x29c lib/libmini.a(memcpy.o)
                0x000000000080a100                memcpy
 *fill*         0x000000000080a39c        0x4 00
 .text          0x000000000080a3a0       0xc0 lib/libmini.a(memset.o)
                0x000000000080a3c0                memset
 .text.sercomm_sendmsg
                0x000000000080a460       0x8c comm/libcomm.a(sercomm.o)
                0x000000000080a460                sercomm_sendmsg
 .text.sercomm_alloc_msgb.clone.2
                0x000000000080a4ec       0x38 comm/libcomm.a(sercomm.o)
 .text.sercomm_bind_uart
                0x000000000080a524       0x10 comm/libcomm.a(sercomm.o)
                0x000000000080a524                sercomm_bind_uart
 .text.sercomm_get_uart
                0x000000000080a534       0x10 comm/libcomm.a(sercomm.o)
                0x000000000080a534                sercomm_get_uart
 .text.sercomm_initialized
                0x000000000080a544       0x10 comm/libcomm.a(sercomm.o)
                0x000000000080a544                sercomm_initialized
 .text.sercomm_tx_queue_depth
                0x000000000080a554       0x34 comm/libcomm.a(sercomm.o)
                0x000000000080a554                sercomm_tx_queue_depth
 .text.sercomm_drv_pull
                0x000000000080a588      0x118 comm/libcomm.a(sercomm.o)
                0x000000000080a588                sercomm_drv_pull
 .text.sercomm_register_rx_cb
                0x000000000080a6a0       0x34 comm/libcomm.a(sercomm.o)
                0x000000000080a6a0                sercomm_register_rx_cb
 .text.sercomm_init
                0x000000000080a6d4       0x50 comm/libcomm.a(sercomm.o)
                0x000000000080a6d4                sercomm_init
 .text.sercomm_drv_rx_char
                0x000000000080a724      0x1a8 comm/libcomm.a(sercomm.o)
                0x000000000080a724                sercomm_drv_rx_char
 .text.raw_puts
                0x000000000080a8cc       0x38 comm/libcomm.a(sercomm_cons.o)
 .text.sercomm_puts
                0x000000000080a904      0x178 comm/libcomm.a(sercomm_cons.o)
                0x000000000080a904                sercomm_puts
 .text.sercomm_putchar
                0x000000000080aa7c       0x28 comm/libcomm.a(sercomm_cons.o)
                0x000000000080aa7c                sercomm_putchar
 .text.timer_irq
                0x000000000080aaa4       0x18 comm/libcomm.a(timer.o)
 .text.osmo_timer_add
                0x000000000080aabc       0x54 comm/libcomm.a(timer.o)
                0x000000000080aabc                osmo_timer_add
 .text.osmo_timer_schedule
                0x000000000080ab10       0x34 comm/libcomm.a(timer.o)
                0x000000000080ab10                osmo_timer_schedule
 .text.osmo_timer_del
                0x000000000080ab44       0x48 comm/libcomm.a(timer.o)
                0x000000000080ab44                osmo_timer_del
 .text.osmo_timers_update
                0x000000000080ab8c       0xdc comm/libcomm.a(timer.o)
                0x000000000080ab8c                osmo_timers_update
 .text.timer_init
                0x000000000080ac68       0x6c comm/libcomm.a(timer.o)
                0x000000000080ac68                timer_init
 .text.tiffs_init
                0x000000000080acd4      0x148 tiffs/libtiffs.a(init.o)
                0x000000000080acd4                tiffs_init
 .text.msgb_alloc
                0x000000000080ae1c       0x5c ../../shared/libosmocore/build-target/src/.libs/libosmocore.a(msgb.o)
                0x000000000080ae1c                msgb_alloc
 .text.msgb_free
                0x000000000080ae78        0x4 ../../shared/libosmocore/build-target/src/.libs/libosmocore.a(msgb.o)
                0x000000000080ae78                msgb_free
 .text.msgb_enqueue
                0x000000000080ae7c       0x18 ../../shared/libosmocore/build-target/src/.libs/libosmocore.a(msgb.o)
                0x000000000080ae7c                msgb_enqueue
 .text.msgb_dequeue
                0x000000000080ae94       0x40 ../../shared/libosmocore/build-target/src/.libs/libosmocore.a(msgb.o)
                0x000000000080ae94                msgb_dequeue
 .text._osmo_hexdump
                0x000000000080aed4       0x90 ../../shared/libosmocore/build-target/src/.libs/libosmocore.a(utils.o)
 .text.osmo_hexdump
                0x000000000080af64       0x1c ../../shared/libosmocore/build-target/src/.libs/libosmocore.a(utils.o)
                0x000000000080af64                osmo_hexdump
 .text.osmo_panic
                0x000000000080af80       0x4c ../../shared/libosmocore/build-target/src/.libs/libosmocore.a(panic.o)
                0x000000000080af80                osmo_panic
 .text.rxlev2dbm
                0x000000000080afcc       0x14 ../../shared/libosmocore/build-target/src/gsm/.libs/libosmogsm.a(gsm_utils.o)
                0x000000000080afcc                rxlev2dbm
 .text.dbm2rxlev
                0x000000000080afe0       0x18 ../../shared/libosmocore/build-target/src/gsm/.libs/libosmogsm.a(gsm_utils.o)
                0x000000000080afe0                dbm2rxlev
 .text.gsm_arfcn2band
                0x000000000080aff8       0xd4 ../../shared/libosmocore/build-target/src/gsm/.libs/libosmogsm.a(gsm_utils.o)
                0x000000000080aff8                gsm_arfcn2band
 .text.gsm_arfcn2freq10
                0x000000000080b0cc      0x164 ../../shared/libosmocore/build-target/src/gsm/.libs/libosmogsm.a(gsm_utils.o)
                0x000000000080b0cc                gsm_arfcn2freq10
 .text.gsm_fn2gsmtime
                0x000000000080b230       0x5c ../../shared/libosmocore/build-target/src/gsm/.libs/libosmogsm.a(gsm_utils.o)
                0x000000000080b230                gsm_fn2gsmtime
 .text.gsm_gsmtime2fn
                0x000000000080b28c       0x38 ../../shared/libosmocore/build-target/src/gsm/.libs/libosmogsm.a(gsm_utils.o)
                0x000000000080b28c                gsm_gsmtime2fn
 .text.dsp_bl_wait_ready
                0x000000000080b2c4       0x18 calypso/libcalypso.a(dsp.o)
 .text.dsp_upload_sections_api
                0x000000000080b2dc       0x88 calypso/libcalypso.a(dsp.o)
 .text.dsp_pre_boot
                0x000000000080b364       0x84 calypso/libcalypso.a(dsp.o)
 .text.dsp_dump_version
                0x000000000080b3e8       0x40 calypso/libcalypso.a(dsp.o)
                0x000000000080b3e8                dsp_dump_version
 .text.dsp_api_memset
                0x000000000080b428       0x2c calypso/libcalypso.a(dsp.o)
                0x000000000080b428                dsp_api_memset
 .text.dsp_memcpy_to_api
                0x000000000080b454       0x8c calypso/libcalypso.a(dsp.o)
                0x000000000080b454                dsp_memcpy_to_api
 .text.dsp_memcpy_from_api
                0x000000000080b4e0       0x94 calypso/libcalypso.a(dsp.o)
                0x000000000080b4e0                dsp_memcpy_from_api
 .text.dsp_power_on
                0x000000000080b574      0x368 calypso/libcalypso.a(dsp.o)
                0x000000000080b574                dsp_power_on
 .text.dsp_end_scenario
                0x000000000080b8dc       0x38 calypso/libcalypso.a(dsp.o)
                0x000000000080b8dc                dsp_end_scenario
 .text.dsp_load_rx_task
                0x000000000080b914       0x2c calypso/libcalypso.a(dsp.o)
                0x000000000080b914                dsp_load_rx_task
 .text.dsp_load_tx_task
                0x000000000080b940       0x2c calypso/libcalypso.a(dsp.o)
                0x000000000080b940                dsp_load_tx_task
 .text.dsp_load_tch_param
                0x000000000080b96c       0xd0 calypso/libcalypso.a(dsp.o)
                0x000000000080b96c                dsp_load_tch_param
 .text.dsp_load_ciph_param
                0x000000000080ba3c       0xa8 calypso/libcalypso.a(dsp.o)
                0x000000000080ba3c                dsp_load_ciph_param
 .text          0x000000000080bae4       0x30 lib/libmini.a(memcmp.o)
                0x000000000080bae4                memcmp
 .text._talloc_zero
                0x000000000080bb14       0xa0 comm/libcomm.a(msgb.o)
                0x000000000080bb14                _talloc_zero
 .text.talloc_free
                0x000000000080bbb4        0xc comm/libcomm.a(msgb.o)
                0x000000000080bbb4                talloc_free
 *(.ramtext*)
 *(.glue_7t)
 .glue_7t       0x0000000000000000        0x0 linker stubs
 *(.glue_7)
 .glue_7        0x0000000000000000        0x0 linker stubs
 *(.vfp11_veneer)
 .vfp11_veneer  0x0000000000000000        0x0 linker stubs
 *(.v4_bx)
 .v4_bx         0x0000000000000000        0x0 linker stubs
                0x000000000080bbc0                . = ALIGN (0x4)
                0x000000000080018c                PROVIDE (_text_start, LOADADDR (.text))
                0x000000000080bbc0                PROVIDE (_text_end, (LOADADDR (.text) + SIZEOF (.text)))

.ctors          0x000000000080bbc0       0x18
                0x000000000080bbc0        0x4 LONG 0x4 ((SIZEOF (.ctors) / 0x4) - 0x2)
 *(SORT(.ctors))
 .ctors         0x000000000080bbc4        0x4 layer1/liblayer1.a(prim_rach.o)
 .ctors         0x000000000080bbc8        0x4 layer1/liblayer1.a(prim_tx_nb.o)
 .ctors         0x000000000080bbcc        0x4 layer1/liblayer1.a(prim_fbsb.o)
 .ctors         0x000000000080bbd0        0x4 layer1/liblayer1.a(prim_tch.o)
 *(SORT(.init_array))
                0x000000000080bbd4        0x4 LONG 0x0
                0x000000000080bbc0                PROVIDE (_ctor_start, LOADADDR (.ctors))
                0x000000000080bbd8                PROVIDE (_ctor_end, (LOADADDR (.ctors) + SIZEOF (.ctors)))

.dtors          0x000000000080bbd8        0x8
                0x000000000080bbd8        0x4 LONG 0x0 ((SIZEOF (.dtors) / 0x4) - 0x2)
 *(SORT(.dtors))
                0x000000000080bbdc        0x4 LONG 0x0
                0x000000000080bbd8                PROVIDE (_dtor_start, LOADADDR (.dtors))
                0x000000000080bbe0                PROVIDE (_dtor_end, (LOADADDR (.dtors) + SIZEOF (.dtors)))
                0x000000000080bbe0                . = ALIGN (0x4)

.rodata         0x000000000080bbe0     0x33c1
 *(.rodata*)
 .rodata.str1.1
                0x000000000080bbe0       0xc8 apps/layer1/main.o
 .rodata.str1.1
                0x000000000080bca8       0x58 abb/twl3025.o
 .rodata.str1.1
                0x000000000080bd00       0x19 rf/trf6151.o
 .rodata        0x000000000080bd19        0x1 board/compal/rffe_dualband.o
                0x000000000080bd19                system_inherent_gain
 .rodata.str1.1
                0x000000000080bd1a      0x1ca board/compal/readcal_common.o
 .rodata        0x000000000080bee4       0x18 board/compal_e88/init.o
 .rodata        0x000000000080befc       0x28 battery/compal_e88.o
 .rodata.str1.1
                0x000000000080bf24      0x208 battery/compal_e88.o
 .rodata        0x000000000080c12c      0x4bc fb/helvR08.o
                0x000000000080c12c                font_helvR08
 .rodata        0x000000000080c5e8      0x70c fb/helvB14.o
                0x000000000080c5e8                font_helvB14
 .rodata        0x000000000080ccf4      0x5b0 fb/c64.o
                0x000000000080ccf4                font_c64
 .rodata        0x000000000080d2a4       0x9c fb/symbols.o
                0x000000000080d2a4                font_symbols
 .rodata        0x000000000080d340        0xc fb/fb_st7558.o
 .rodata.str1.1
                0x000000000080d34c       0x40 calypso/libcalypso.a(clock.o)
 .rodata        0x000000000080d38c       0x18 calypso/libcalypso.a(irq.o)
 .rodata.str1.1
                0x000000000080d3a4      0x124 calypso/libcalypso.a(sim.o)
 .rodata.str1.1
                0x000000000080d4c8       0x72 calypso/libcalypso.a(tpu.o)
 .rodata.str1.1
                0x000000000080d53a       0x1c calypso/libcalypso.a(keypad.o)
 .rodata.str1.1
                0x000000000080d556       0xf9 calypso/libcalypso.a(misc.o)
                                         0xfc (size before relaxing)
 .rodata.str1.1
                0x000000000080d64f       0x1f calypso/libcalypso.a(timer.o)
 *fill*         0x000000000080d66e        0x2 00
 .rodata        0x000000000080d670       0x18 calypso/libcalypso.a(uart.o)
 .rodata.str1.1
                0x000000000080d688       0x61 calypso/libcalypso.a(uart.o)
 .rodata.str1.1
                0x000000000080d6e9      0x381 layer1/liblayer1.a(l23_api.o)
                                        0x3b6 (size before relaxing)
 *fill*         0x000000000080da6a        0x2 00
 .rodata        0x000000000080da6c      0x7f4 layer1/liblayer1.a(mframe_sched.o)
 .rodata        0x000000000080e260       0x90 layer1/liblayer1.a(prim_pm.o)
                0x000000000080e2a8                neigh_pm_sched_set
 .rodata.str1.1
                0x000000000080e2f0       0x39 layer1/liblayer1.a(prim_pm.o)
                                         0x6c (size before relaxing)
 *fill*         0x000000000080e329        0x3 00
 .rodata        0x000000000080e32c       0x98 layer1/liblayer1.a(prim_rach.o)
                0x000000000080e37c                rach_sched_set_ul
 .rodata        0x000000000080e3c4       0xb4 layer1/liblayer1.a(prim_tx_nb.o)
                0x000000000080e3c4                nb_sched_set_ul
 .rodata        0x000000000080e478       0xb4 layer1/liblayer1.a(prim_rx_nb.o)
                0x000000000080e478                nb_sched_set
 .rodata.str1.1
                0x000000000080e52c       0x5a layer1/liblayer1.a(prim_rx_nb.o)
                                         0x8d (size before relaxing)
 *fill*         0x000000000080e586        0x2 00
 .rodata        0x000000000080e588      0x1c8 layer1/liblayer1.a(prim_fbsb.o)
 .rodata.str1.1
                0x000000000080e750      0x182 layer1/liblayer1.a(prim_fbsb.o)
                                        0x1c0 (size before relaxing)
 *fill*         0x000000000080e8d2        0x2 00
 .rodata        0x000000000080e8d4       0x18 layer1/liblayer1.a(prim_freq.o)
                0x000000000080e8d4                freq_sched_set
 .rodata.str1.1
                0x000000000080e8ec       0x67 layer1/liblayer1.a(prim_freq.o)
 *fill*         0x000000000080e953        0x1 00
 .rodata        0x000000000080e954       0x18 layer1/liblayer1.a(prim_utils.o)
 .rodata        0x000000000080e96c       0xd8 layer1/liblayer1.a(prim_tch.o)
                0x000000000080e96c                tch_sched_set
                0x000000000080e9b4                tch_d_sched_set
                0x000000000080e9fc                tch_a_sched_set
 .rodata.str1.1
                0x000000000080ea44       0x6e layer1/liblayer1.a(prim_tch.o)
                                         0xa1 (size before relaxing)
 .rodata.str1.1
                0x000000000080eab2       0x2f layer1/liblayer1.a(toa.o)
 .rodata.str1.1
                0x000000000080eae1       0x72 layer1/liblayer1.a(sync.o)
 .rodata.str1.1
                0x000000000080eb53       0x5e layer1/liblayer1.a(tdma_sched.o)
 *fill*         0x000000000080ebb1        0x3 00
 .rodata        0x000000000080ebb4        0xc layer1/liblayer1.a(tpu_window.o)
 .rodata        0x000000000080ebc0       0x74 layer1/liblayer1.a(rfch.o)
 .rodata        0x000000000080ec34       0x50 lib/libmini.a(vsprintf.o)
 .rodata.str1.1
                0x000000000080ec84        0xb comm/libcomm.a(sercomm.o)
                                         0x71 (size before relaxing)
 .rodata.str1.1
                0x0000000000000000       0x3e comm/libcomm.a(sercomm_cons.o)
 *fill*         0x000000000080ec8f        0x1 00
 .rodata        0x000000000080ec90        0x8 tiffs/libtiffs.a(init.o)
 .rodata.str1.1
                0x000000000080ec98       0xe9 tiffs/libtiffs.a(init.o)
 .rodata.str1.1
                0x000000000080ed81       0x14 ../../shared/libosmocore/build-target/src/.libs/libosmocore.a(utils.o)
                                         0x17 (size before relaxing)
 .rodata.str1.1
                0x000000000080ed95      0x1f3 calypso/libcalypso.a(dsp.o)
                                        0x1fa (size before relaxing)
 .rodata.str1.1
                0x000000000080ef88       0x19 comm/libcomm.a(msgb.o)
                0x000000000080bbe0                PROVIDE (_rodata_start, LOADADDR (.rodata))
                0x000000000080efa1                PROVIDE (_rodata_end, (LOADADDR (.rodata) + SIZEOF (.rodata)))

.rel.dyn        0x000000000080efa4        0x0
 .rel.got       0x0000000000000000        0x0 ../../shared/libosmocore/build-target/src/.libs/libosmocore.a(msgb.o)
                0x000000000080efa4                . = ALIGN (0x4)

.data           0x000000000080efa4     0x1000
 *(.data)
 .data          0x000000000080efa4        0x4 apps/layer1/main.o
                0x000000000080efa4                hr
 .data          0x000000000080efa8       0x1c rf/trf6151.o
                0x000000000080efc0                rf_arfcn
 .data          0x000000000080efc4      0x200 board/common/tx_calchan.o
                0x000000000080efc4                rf_tx_chan_cal_850
                0x000000000080f044                rf_tx_chan_cal_900
                0x000000000080f0c4                rf_tx_chan_cal_1800
                0x000000000080f144                rf_tx_chan_cal_1900
 .data          0x000000000080f1c4      0x204 board/compal/rf_tables.o
                0x000000000080f1c4                afc_initial_dac_value
                0x000000000080f1c6                afc_slope
                0x000000000080f1c8                rf_tx_levels_850
                0x000000000080f248                rf_tx_levels_900
                0x000000000080f2c8                rf_tx_levels_1800
                0x000000000080f348                rf_tx_levels_1900
 .data          0x000000000080f3c8      0x804 board/compal_e88/tx_ramps.o
                0x000000000080f3c8                apc_offset
                0x000000000080f3cc                rf_tx_ramps_850
                0x000000000080f5cc                rf_tx_ramps_900
                0x000000000080f7cc                rf_tx_ramps_1800
                0x000000000080f9cc                rf_tx_ramps_1900
 .data          0x000000000080fbcc       0x18 battery/compal_e88.o
 .data          0x000000000080fbe4       0x10 fb/font.o
                0x000000000080fbe4                fb_fonts
 .data          0x000000000080fbf4       0x4c fb/fb_st7558.o
                0x000000000080fbf4                fb_bw8
                0x000000000080fbf8                framebuffer
 .data          0x000000000080fc40        0x4 calypso/libcalypso.a(tpu.o)
 .data          0x000000000080fc44        0x8 layer1/liblayer1.a(l23_api.o)
 .data          0x000000000080fc4c       0x10 layer1/liblayer1.a(sched_gsmtime.o)
 .data          0x000000000080fc5c       0x18 layer1/liblayer1.a(prim_utils.o)
 .data          0x000000000080fc74       0x18 layer1/liblayer1.a(afc.o)
 .data          0x000000000080fc8c       0x14 layer1/liblayer1.a(toa.o)
 .data          0x000000000080fca0      0x100 lib/libmini.a(ctype.o)
                0x000000000080fca0                _ctype
 .data          0x000000000080fda0        0x8 comm/libcomm.a(timer.o)
 .data          0x000000000080fda8      0x1fc calypso/libcalypso.a(dsp.o)
                0x000000000080fda8                dsp_api
                0x000000000080efa4                PROVIDE (_data_start, LOADADDR (.data))
                0x000000000080ffa4                PROVIDE (_data_end, (LOADADDR (.data) + SIZEOF (.data)))
                0x000000000080ffa4                . = ALIGN (0x4)

.got            0x000000000080ffa4       0x10
 *(.got)
 .got           0x000000000080ffa4        0x4 ../../shared/libosmocore/build-target/src/.libs/libosmocore.a(msgb.o)
 *(.got.plt)
 .got.plt       0x000000000080ffa8        0xc ../../shared/libosmocore/build-target/src/.libs/libosmocore.a(msgb.o)
                0x000000000080ffa8                _GLOBAL_OFFSET_TABLE_
 *(.igot.plt)
 *(.got)
 *(.igot)
                0x000000000080ffa4                PROVIDE (_got_start, LOADADDR (.got))
                0x000000000080ffb4                PROVIDE (_got_end, (LOADADDR (.got) + SIZEOF (.got)))

.bss            0x0000000000810000     0x69bc
                0x0000000000810000                . = ALIGN (0x4)
                0x0000000000810000                __bss_start = .
 *(.bss)
 .bss           0x0000000000810000        0x4 apps/layer1/main.o
 .bss           0x0000000000810004        0x8 abb/twl3025.o
 .bss           0x000000000081000c        0x4 rf/trf6151.o
 .bss           0x0000000000810010        0x8 battery/compal_e88.o
 .bss           0x0000000000810018      0x360 fb/fb_st7558.o
 .bss           0x0000000000810378       0x80 calypso/libcalypso.a(irq.o)
 .bss           0x00000000008103f8        0x4 calypso/libcalypso.a(rtc.o)
 .bss           0x00000000008103fc      0x138 calypso/libcalypso.a(sim.o)
 .bss           0x0000000000810534        0x2 calypso/libcalypso.a(tsp.o)
 *fill*         0x0000000000810536        0x2 00
 .bss           0x0000000000810538       0x28 calypso/libcalypso.a(keypad.o)
                0x0000000000810544                lastbuttons
                0x0000000000810548                power_hold
 .bss           0x0000000000810560        0x1 calypso/libcalypso.a(uart.o)
 *fill*         0x0000000000810561        0x3 00
 .bss           0x0000000000810564        0x4 layer1/liblayer1.a(l23_api.o)
                0x0000000000810564                l1a_l23_tx_cb
 .bss           0x0000000000810568      0x140 layer1/liblayer1.a(sched_gsmtime.o)
 .bss           0x00000000008106a8        0x4 layer1/liblayer1.a(prim_tx_nb.o)
 .bss           0x00000000008106ac       0x2c layer1/liblayer1.a(prim_rx_nb.o)
 .bss           0x00000000008106d8       0x34 layer1/liblayer1.a(prim_fbsb.o)
 .bss           0x000000000081070c       0x78 layer1/liblayer1.a(prim_tch.o)
 .bss           0x0000000000810784        0x4 layer1/liblayer1.a(sync.o)
 .bss           0x0000000000810788      0x400 lib/libmini.a(printf.o)
 .bss           0x0000000000810b88     0x1010 lib/libmini.a(console.o)
 .bss           0x0000000000811b98      0x62c comm/libcomm.a(sercomm.o)
 .bss           0x00000000008121c4        0x4 comm/libcomm.a(sercomm_cons.o)
 .bss           0x00000000008121c8     0x1100 ../../shared/libosmocore/build-target/src/.libs/libosmocore.a(utils.o)
 .bss           0x00000000008132c8        0x4 ../../shared/libosmocore/build-target/src/.libs/libosmocore.a(panic.o)
 .bss           0x00000000008132cc     0x2980 comm/libcomm.a(msgb.o)
 COMMON         0x0000000000815c4c       0x24 battery/compal_e88.o
                0x0000000000815c4c                battery_info
                0x0000000000815c60                bat_compal_e88_madc
 COMMON         0x0000000000815c70        0x8 layer1/liblayer1.a(prim_rach.o)
                0x0000000000815c70                last_rach
 COMMON         0x0000000000815c78      0xd24 layer1/liblayer1.a(sync.o)
                0x0000000000815c78                l1s
 COMMON         0x000000000081699c        0x4 comm/libcomm.a(timer.o)
                0x000000000081699c                jiffies
 COMMON         0x00000000008169a0       0x18 tiffs/libtiffs.a(globals.o)
                0x00000000008169a0                tiffs_nsectors
                0x00000000008169a4                tiffs_init_done
                0x00000000008169a8                tiffs_base_addr
                0x00000000008169ac                tiffs_sector_size
                0x00000000008169b0                tiffs_root_ino
                0x00000000008169b4                tiffs_active_index
 COMMON         0x00000000008169b8        0x4 ../../shared/libosmocore/build-target/src/.libs/libosmocore.a(msgb.o)
                0x00000000008169b8                tall_msgb_ctx
                0x00000000008169bc                . = ALIGN (0x4)
                0x00000000008169bc                __bss_end = .
                0x0000000000810000                PROVIDE (_bss_start, __bss_start)
                0x00000000008169bc                PROVIDE (_bss_end, __bss_end)
                0x00000000008169bc                . = ALIGN (0x4)
                0x00000000008169bc                _end = .
                0x00000000008169bc                PROVIDE (end, .)
OUTPUT(board/compal_e88/layer1.compalram.elf elf32-littlearm)

.debug_abbrev   0x0000000000000000     0x75b9
 .debug_abbrev  0x0000000000000000      0x21a apps/layer1/main.o
 .debug_abbrev  0x000000000000021a      0x2b9 abb/twl3025.o
 .debug_abbrev  0x00000000000004d3      0x2df rf/trf6151.o
 .debug_abbrev  0x00000000000007b2      0x324 flash/cfi_flash.o
 .debug_abbrev  0x0000000000000ad6       0x78 board/common/tx_calchan.o
 .debug_abbrev  0x0000000000000b4e      0x121 board/compal/rffe_dualband.o
 .debug_abbrev  0x0000000000000c6f       0x87 board/compal/rf_tables.o
 .debug_abbrev  0x0000000000000cf6      0x110 board/compal/readcal_common.o
 .debug_abbrev  0x0000000000000e06      0x15b board/compal_e88/init.o
 .debug_abbrev  0x0000000000000f61       0x41 board/compal/readcal_small.o
 .debug_abbrev  0x0000000000000fa2       0x89 board/compal_e88/tx_ramps.o
 .debug_abbrev  0x000000000000102b      0x252 battery/compal_e88.o
 .debug_abbrev  0x000000000000127d       0xc0 fb/framebuffer.o
 .debug_abbrev  0x000000000000133d       0xd9 fb/font.o
 .debug_abbrev  0x0000000000001416       0xaf fb/helvR08.o
 .debug_abbrev  0x00000000000014c5       0xaf fb/helvB14.o
 .debug_abbrev  0x0000000000001574       0xaf fb/c64.o
 .debug_abbrev  0x0000000000001623       0x97 fb/symbols.o
 .debug_abbrev  0x00000000000016ba      0x2e5 fb/fb_bw8.o
 .debug_abbrev  0x000000000000199f      0x152 fb/fb_st7558.o
 .debug_abbrev  0x0000000000001af1       0x40 board/compal_e88/layer1.compalram.manifest.o
 .debug_abbrev  0x0000000000001b31      0x154 calypso/libcalypso.a(clock.o)
 .debug_abbrev  0x0000000000001c85       0x43 calypso/libcalypso.a(dma.o)
 .debug_abbrev  0x0000000000001cc8       0xfb calypso/libcalypso.a(i2c.o)
 .debug_abbrev  0x0000000000001dc3      0x198 calypso/libcalypso.a(irq.o)
 .debug_abbrev  0x0000000000001f5b       0x8c calypso/libcalypso.a(rtc.o)
 .debug_abbrev  0x0000000000001fe7      0x2e4 calypso/libcalypso.a(sim.o)
 .debug_abbrev  0x00000000000022cb       0xd0 calypso/libcalypso.a(spi.o)
 .debug_abbrev  0x000000000000239b      0x27c calypso/libcalypso.a(tpu.o)
 .debug_abbrev  0x0000000000002617      0x127 calypso/libcalypso.a(tsp.o)
 .debug_abbrev  0x000000000000273e      0x164 calypso/libcalypso.a(keypad.o)
 .debug_abbrev  0x00000000000028a2       0xaa calypso/libcalypso.a(misc.o)
 .debug_abbrev  0x000000000000294c      0x10b calypso/libcalypso.a(timer.o)
 .debug_abbrev  0x0000000000002a57       0xaa calypso/libcalypso.a(backlight.o)
 .debug_abbrev  0x0000000000002b01      0x1f6 calypso/libcalypso.a(uart.o)
 .debug_abbrev  0x0000000000002cf7       0x78 calypso/libcalypso.a(arm.o)
 .debug_abbrev  0x0000000000002d6f       0x93 layer1/liblayer1.a(init.o)
 .debug_abbrev  0x0000000000002e02      0x477 layer1/liblayer1.a(l23_api.o)
 .debug_abbrev  0x0000000000003279      0x271 layer1/liblayer1.a(mframe_sched.o)
 .debug_abbrev  0x00000000000034ea      0x1c5 layer1/liblayer1.a(sched_gsmtime.o)
 .debug_abbrev  0x00000000000036af      0x240 layer1/liblayer1.a(async.o)
 .debug_abbrev  0x00000000000038ef      0x332 layer1/liblayer1.a(prim_pm.o)
 .debug_abbrev  0x0000000000003c21      0x2c5 layer1/liblayer1.a(prim_rach.o)
 .debug_abbrev  0x0000000000003ee6      0x2dc layer1/liblayer1.a(prim_tx_nb.o)
 .debug_abbrev  0x00000000000041c2      0x2dc layer1/liblayer1.a(prim_rx_nb.o)
 .debug_abbrev  0x000000000000449e      0x3f2 layer1/liblayer1.a(prim_fbsb.o)
 .debug_abbrev  0x0000000000004890      0x1dc layer1/liblayer1.a(prim_freq.o)
 .debug_abbrev  0x0000000000004a6c      0x195 layer1/liblayer1.a(prim_utils.o)
 .debug_abbrev  0x0000000000004c01      0x41a layer1/liblayer1.a(prim_tch.o)
 .debug_abbrev  0x000000000000501b       0xbf layer1/liblayer1.a(agc.o)
 .debug_abbrev  0x00000000000050da      0x1b3 layer1/liblayer1.a(afc.o)
 .debug_abbrev  0x000000000000528d      0x1b8 layer1/liblayer1.a(toa.o)
 .debug_abbrev  0x0000000000005445      0x3a0 layer1/liblayer1.a(sync.o)
 .debug_abbrev  0x00000000000057e5      0x2c6 layer1/liblayer1.a(tdma_sched.o)
 .debug_abbrev  0x0000000000005aab      0x262 layer1/liblayer1.a(tpu_window.o)
 .debug_abbrev  0x0000000000005d0d      0x206 layer1/liblayer1.a(rfch.o)
 .debug_abbrev  0x0000000000005f13       0xea layer1/liblayer1.a(avg.o)
 .debug_abbrev  0x0000000000005ffd      0x213 lib/libmini.a(vsprintf.o)
 .debug_abbrev  0x0000000000006210       0xae lib/libmini.a(string.o)
 .debug_abbrev  0x00000000000062be       0x53 lib/libmini.a(ctype.o)
 .debug_abbrev  0x0000000000006311       0xaf lib/libmini.a(printf.o)
 .debug_abbrev  0x00000000000063c0      0x20b lib/libmini.a(console.o)
 .debug_abbrev  0x00000000000065cb       0x7a lib/libmini.a(ctors.o)
 .debug_abbrev  0x0000000000006645       0x81 lib/libmini.a(delay.o)
 .debug_abbrev  0x00000000000066c6      0x350 comm/libcomm.a(sercomm.o)
 .debug_abbrev  0x0000000000006a16      0x24e comm/libcomm.a(sercomm_cons.o)
 .debug_abbrev  0x0000000000006c64      0x237 comm/libcomm.a(timer.o)
 .debug_abbrev  0x0000000000006e9b      0x13c tiffs/libtiffs.a(init.o)
 .debug_abbrev  0x0000000000006fd7       0x5a tiffs/libtiffs.a(globals.o)
 .debug_abbrev  0x0000000000007031      0x410 calypso/libcalypso.a(dsp.o)
 .debug_abbrev  0x0000000000007441      0x178 comm/libcomm.a(msgb.o)

.debug_info     0x0000000000000000    0x25d5b
 .debug_info    0x0000000000000000      0x68d apps/layer1/main.o
 .debug_info    0x000000000000068d      0x812 abb/twl3025.o
 .debug_info    0x0000000000000e9f      0xa18 rf/trf6151.o
 .debug_info    0x00000000000018b7      0xb79 flash/cfi_flash.o
 .debug_info    0x0000000000002430      0x109 board/common/tx_calchan.o
 .debug_info    0x0000000000002539      0x2ab board/compal/rffe_dualband.o
 .debug_info    0x00000000000027e4      0x140 board/compal/rf_tables.o
 .debug_info    0x0000000000002924      0x26f board/compal/readcal_common.o
 .debug_info    0x0000000000002b93      0x495 board/compal_e88/init.o
 .debug_info    0x0000000000003028       0x84 board/compal/readcal_small.o
 .debug_info    0x00000000000030ac      0x11b board/compal_e88/tx_ramps.o
 .debug_info    0x00000000000031c7      0x6e5 battery/compal_e88.o
 .debug_info    0x00000000000038ac      0x202 fb/framebuffer.o
 .debug_info    0x0000000000003aae      0x275 fb/font.o
 .debug_info    0x0000000000003d23      0x17f fb/helvR08.o
 .debug_info    0x0000000000003ea2      0x17f fb/helvB14.o
 .debug_info    0x0000000000004021      0x17f fb/c64.o
 .debug_info    0x00000000000041a0      0x17c fb/symbols.o
 .debug_info    0x000000000000431c      0xba6 fb/fb_bw8.o
 .debug_info    0x0000000000004ec2      0x3ad fb/fb_st7558.o
 .debug_info    0x000000000000526f       0x80 board/compal_e88/layer1.compalram.manifest.o
 .debug_info    0x00000000000052ef      0x44d calypso/libcalypso.a(clock.o)
 .debug_info    0x000000000000573c       0x57 calypso/libcalypso.a(dma.o)
 .debug_info    0x0000000000005793      0x1b9 calypso/libcalypso.a(i2c.o)
 .debug_info    0x000000000000594c      0x47f calypso/libcalypso.a(irq.o)
 .debug_info    0x0000000000005dcb      0x1d1 calypso/libcalypso.a(rtc.o)
 .debug_info    0x0000000000005f9c      0xb56 calypso/libcalypso.a(sim.o)
 .debug_info    0x0000000000006af2      0x188 calypso/libcalypso.a(spi.o)
 .debug_info    0x0000000000006c7a      0x596 calypso/libcalypso.a(tpu.o)
 .debug_info    0x0000000000007210      0x35d calypso/libcalypso.a(tsp.o)
 .debug_info    0x000000000000756d      0x46e calypso/libcalypso.a(keypad.o)
 .debug_info    0x00000000000079db      0x11c calypso/libcalypso.a(misc.o)
 .debug_info    0x0000000000007af7      0x320 calypso/libcalypso.a(timer.o)
 .debug_info    0x0000000000007e17       0xf9 calypso/libcalypso.a(backlight.o)
 .debug_info    0x0000000000007f10      0x719 calypso/libcalypso.a(uart.o)
 .debug_info    0x0000000000008629       0x91 calypso/libcalypso.a(arm.o)
 .debug_info    0x00000000000086ba      0x284 layer1/liblayer1.a(init.o)
 .debug_info    0x000000000000893e     0x2259 layer1/liblayer1.a(l23_api.o)
 .debug_info    0x000000000000ab97      0xebc layer1/liblayer1.a(mframe_sched.o)
 .debug_info    0x000000000000ba53      0x75d layer1/liblayer1.a(sched_gsmtime.o)
 .debug_info    0x000000000000c1b0      0xc9e layer1/liblayer1.a(async.o)
 .debug_info    0x000000000000ce4e     0x210f layer1/liblayer1.a(prim_pm.o)
 .debug_info    0x000000000000ef5d     0x1e82 layer1/liblayer1.a(prim_rach.o)
 .debug_info    0x0000000000010ddf     0x1e05 layer1/liblayer1.a(prim_tx_nb.o)
 .debug_info    0x0000000000012be4     0x20f7 layer1/liblayer1.a(prim_rx_nb.o)
 .debug_info    0x0000000000014cdb     0x251c layer1/liblayer1.a(prim_fbsb.o)
 .debug_info    0x00000000000171f7      0x9bb layer1/liblayer1.a(prim_freq.o)
 .debug_info    0x0000000000017bb2      0x97d layer1/liblayer1.a(prim_utils.o)
 .debug_info    0x000000000001852f     0x28ec layer1/liblayer1.a(prim_tch.o)
 .debug_info    0x000000000001ae1b      0x12c layer1/liblayer1.a(agc.o)
 .debug_info    0x000000000001af47     0x14af layer1/liblayer1.a(afc.o)
 .debug_info    0x000000000001c3f6      0x90d layer1/liblayer1.a(toa.o)
 .debug_info    0x000000000001cd03     0x23ff layer1/liblayer1.a(sync.o)
 .debug_info    0x000000000001f102      0xc8f layer1/liblayer1.a(tdma_sched.o)
 .debug_info    0x000000000001fd91      0xb38 layer1/liblayer1.a(tpu_window.o)
 .debug_info    0x00000000000208c9      0x99e layer1/liblayer1.a(rfch.o)
 .debug_info    0x0000000000021267      0x198 layer1/liblayer1.a(avg.o)
 .debug_info    0x00000000000213ff      0x9fa lib/libmini.a(vsprintf.o)
 .debug_info    0x0000000000021df9      0x131 lib/libmini.a(string.o)
 .debug_info    0x0000000000021f2a       0x63 lib/libmini.a(ctype.o)
 .debug_info    0x0000000000021f8d      0x109 lib/libmini.a(printf.o)
 .debug_info    0x0000000000022096      0x3a5 lib/libmini.a(console.o)
 .debug_info    0x000000000002243b       0xab lib/libmini.a(ctors.o)
 .debug_info    0x00000000000224e6       0x9a lib/libmini.a(delay.o)
 .debug_info    0x0000000000022580      0x948 comm/libcomm.a(sercomm.o)
 .debug_info    0x0000000000022ec8      0x589 comm/libcomm.a(sercomm_cons.o)
 .debug_info    0x0000000000023451      0x5ca comm/libcomm.a(timer.o)
 .debug_info    0x0000000000023a1b      0x2f0 tiffs/libtiffs.a(init.o)
 .debug_info    0x0000000000023d0b       0xef tiffs/libtiffs.a(globals.o)
 .debug_info    0x0000000000023dfa     0x1c48 calypso/libcalypso.a(dsp.o)
 .debug_info    0x0000000000025a42      0x319 comm/libcomm.a(msgb.o)

.debug_line     0x0000000000000000     0x7a94
 .debug_line    0x0000000000000000      0x1df apps/layer1/main.o
 .debug_line    0x00000000000001df      0x2ff abb/twl3025.o
 .debug_line    0x00000000000004de      0x371 rf/trf6151.o
 .debug_line    0x000000000000084f      0x1fe flash/cfi_flash.o
 .debug_line    0x0000000000000a4d       0xa7 board/common/tx_calchan.o
 .debug_line    0x0000000000000af4      0x19e board/compal/rffe_dualband.o
 .debug_line    0x0000000000000c92       0xa6 board/compal/rf_tables.o
 .debug_line    0x0000000000000d38      0x10e board/compal/readcal_common.o
 .debug_line    0x0000000000000e46      0x17f board/compal_e88/init.o
 .debug_line    0x0000000000000fc5       0x4f board/compal/readcal_small.o
 .debug_line    0x0000000000001014       0xa9 board/compal_e88/tx_ramps.o
 .debug_line    0x00000000000010bd      0x1e3 battery/compal_e88.o
 .debug_line    0x00000000000012a0       0x9a fb/framebuffer.o
 .debug_line    0x000000000000133a       0xb6 fb/font.o
 .debug_line    0x00000000000013f0       0x99 fb/helvR08.o
 .debug_line    0x0000000000001489       0x99 fb/helvB14.o
 .debug_line    0x0000000000001522       0x95 fb/c64.o
 .debug_line    0x00000000000015b7       0x99 fb/symbols.o
 .debug_line    0x0000000000001650      0x36f fb/fb_bw8.o
 .debug_line    0x00000000000019bf      0x141 fb/fb_st7558.o
 .debug_line    0x0000000000001b00       0x31 board/compal_e88/layer1.compalram.manifest.o
 .debug_line    0x0000000000001b31      0x19d calypso/libcalypso.a(clock.o)
 .debug_line    0x0000000000001cce       0x3f calypso/libcalypso.a(dma.o)
 .debug_line    0x0000000000001d0d       0xc8 calypso/libcalypso.a(i2c.o)
 .debug_line    0x0000000000001dd5      0x18b calypso/libcalypso.a(irq.o)
 .debug_line    0x0000000000001f60       0x6e calypso/libcalypso.a(rtc.o)
 .debug_line    0x0000000000001fce      0x369 calypso/libcalypso.a(sim.o)
 .debug_line    0x0000000000002337       0xe0 calypso/libcalypso.a(spi.o)
 .debug_line    0x0000000000002417      0x276 calypso/libcalypso.a(tpu.o)
 .debug_line    0x000000000000268d      0x185 calypso/libcalypso.a(tsp.o)
 .debug_line    0x0000000000002812      0x1ae calypso/libcalypso.a(keypad.o)
 .debug_line    0x00000000000029c0       0x8c calypso/libcalypso.a(misc.o)
 .debug_line    0x0000000000002a4c      0x156 calypso/libcalypso.a(timer.o)
 .debug_line    0x0000000000002ba2       0xc4 calypso/libcalypso.a(backlight.o)
 .debug_line    0x0000000000002c66      0x28c calypso/libcalypso.a(uart.o)
 .debug_line    0x0000000000002ef2       0x4f calypso/libcalypso.a(arm.o)
 .debug_line    0x0000000000002f41       0x96 layer1/liblayer1.a(init.o)
 .debug_line    0x0000000000002fd7      0x586 layer1/liblayer1.a(l23_api.o)
 .debug_line    0x000000000000355d      0x226 layer1/liblayer1.a(mframe_sched.o)
 .debug_line    0x0000000000003783      0x24b layer1/liblayer1.a(sched_gsmtime.o)
 .debug_line    0x00000000000039ce      0x2ba layer1/liblayer1.a(async.o)
 .debug_line    0x0000000000003c88      0x2dd layer1/liblayer1.a(prim_pm.o)
 .debug_line    0x0000000000003f65      0x25f layer1/liblayer1.a(prim_rach.o)
 .debug_line    0x00000000000041c4      0x266 layer1/liblayer1.a(prim_tx_nb.o)
 .debug_line    0x000000000000442a      0x2e8 layer1/liblayer1.a(prim_rx_nb.o)
 .debug_line    0x0000000000004712      0x426 layer1/liblayer1.a(prim_fbsb.o)
 .debug_line    0x0000000000004b38      0x1ae layer1/liblayer1.a(prim_freq.o)
 .debug_line    0x0000000000004ce6      0x1a6 layer1/liblayer1.a(prim_utils.o)
 .debug_line    0x0000000000004e8c      0x570 layer1/liblayer1.a(prim_tch.o)
 .debug_line    0x00000000000053fc       0xc5 layer1/liblayer1.a(agc.o)
 .debug_line    0x00000000000054c1      0x19a layer1/liblayer1.a(afc.o)
 .debug_line    0x000000000000565b      0x1a8 layer1/liblayer1.a(toa.o)
 .debug_line    0x0000000000005803      0x40c layer1/liblayer1.a(sync.o)
 .debug_line    0x0000000000005c0f      0x304 layer1/liblayer1.a(tdma_sched.o)
 .debug_line    0x0000000000005f13      0x2b7 layer1/liblayer1.a(tpu_window.o)
 .debug_line    0x00000000000061ca      0x1b5 layer1/liblayer1.a(rfch.o)
 .debug_line    0x000000000000637f       0xcf layer1/liblayer1.a(avg.o)
 .debug_line    0x000000000000644e      0x573 lib/libmini.a(vsprintf.o)
 .debug_line    0x00000000000069c1       0xb2 lib/libmini.a(string.o)
 .debug_line    0x0000000000006a73       0x3f lib/libmini.a(ctype.o)
 .debug_line    0x0000000000006ab2       0x80 lib/libmini.a(printf.o)
 .debug_line    0x0000000000006b32      0x149 lib/libmini.a(console.o)
 .debug_line    0x0000000000006c7b       0x47 lib/libmini.a(ctors.o)
 .debug_line    0x0000000000006cc2       0x66 lib/libmini.a(delay.o)
 .debug_line    0x0000000000006d28      0x2be comm/libcomm.a(sercomm.o)
 .debug_line    0x0000000000006fe6      0x199 comm/libcomm.a(sercomm_cons.o)
 .debug_line    0x000000000000717f      0x1ac comm/libcomm.a(timer.o)
 .debug_line    0x000000000000732b       0xe9 tiffs/libtiffs.a(init.o)
 .debug_line    0x0000000000007414       0x87 tiffs/libtiffs.a(globals.o)
 .debug_line    0x000000000000749b      0x4f8 calypso/libcalypso.a(dsp.o)
 .debug_line    0x0000000000007993      0x101 comm/libcomm.a(msgb.o)

.debug_loc      0x0000000000000000     0xaa9b
 .debug_loc     0x0000000000000000      0x101 apps/layer1/main.o
 .debug_loc     0x0000000000000101      0x43e abb/twl3025.o
 .debug_loc     0x000000000000053f      0x78f rf/trf6151.o
 .debug_loc     0x0000000000000cce      0x601 flash/cfi_flash.o
 .debug_loc     0x00000000000012cf      0x153 board/compal/rffe_dualband.o
 .debug_loc     0x0000000000001422      0x11c board/compal/readcal_common.o
 .debug_loc     0x000000000000153e       0x99 board/compal_e88/init.o
 .debug_loc     0x00000000000015d7      0x133 battery/compal_e88.o
 .debug_loc     0x000000000000170a       0x4f fb/font.o
 .debug_loc     0x0000000000001759      0xa91 fb/fb_bw8.o
 .debug_loc     0x00000000000021ea       0xcb fb/fb_st7558.o
 .debug_loc     0x00000000000022b5      0x297 calypso/libcalypso.a(clock.o)
 .debug_loc     0x000000000000254c       0xee calypso/libcalypso.a(i2c.o)
 .debug_loc     0x000000000000263a      0x215 calypso/libcalypso.a(irq.o)
 .debug_loc     0x000000000000284f       0x20 calypso/libcalypso.a(rtc.o)
 .debug_loc     0x000000000000286f      0x420 calypso/libcalypso.a(sim.o)
 .debug_loc     0x0000000000002c8f      0x155 calypso/libcalypso.a(spi.o)
 .debug_loc     0x0000000000002de4      0x31e calypso/libcalypso.a(tpu.o)
 .debug_loc     0x0000000000003102      0x153 calypso/libcalypso.a(tsp.o)
 .debug_loc     0x0000000000003255      0x161 calypso/libcalypso.a(keypad.o)
 .debug_loc     0x00000000000033b6       0xfa calypso/libcalypso.a(misc.o)
 .debug_loc     0x00000000000034b0      0x154 calypso/libcalypso.a(timer.o)
 .debug_loc     0x0000000000003604       0x44 calypso/libcalypso.a(backlight.o)
 .debug_loc     0x0000000000003648      0x4b2 calypso/libcalypso.a(uart.o)
 .debug_loc     0x0000000000003afa       0x20 layer1/liblayer1.a(init.o)
 .debug_loc     0x0000000000003b1a      0xc89 layer1/liblayer1.a(l23_api.o)
 .debug_loc     0x00000000000047a3      0x10d layer1/liblayer1.a(mframe_sched.o)
 .debug_loc     0x00000000000048b0      0x6d7 layer1/liblayer1.a(sched_gsmtime.o)
 .debug_loc     0x0000000000004f87      0x1df layer1/liblayer1.a(async.o)
 .debug_loc     0x0000000000005166      0x347 layer1/liblayer1.a(prim_pm.o)
 .debug_loc     0x00000000000054ad      0x21d layer1/liblayer1.a(prim_rach.o)
 .debug_loc     0x00000000000056ca      0x22c layer1/liblayer1.a(prim_tx_nb.o)
 .debug_loc     0x00000000000058f6      0x35d layer1/liblayer1.a(prim_rx_nb.o)
 .debug_loc     0x0000000000005c53      0x586 layer1/liblayer1.a(prim_fbsb.o)
 .debug_loc     0x00000000000061d9       0xdb layer1/liblayer1.a(prim_freq.o)
 .debug_loc     0x00000000000062b4       0x13 layer1/liblayer1.a(prim_utils.o)
 .debug_loc     0x00000000000062c7      0xc7f layer1/liblayer1.a(prim_tch.o)
 .debug_loc     0x0000000000006f46       0x82 layer1/liblayer1.a(agc.o)
 .debug_loc     0x0000000000006fc8       0xf2 layer1/liblayer1.a(afc.o)
 .debug_loc     0x00000000000070ba       0xce layer1/liblayer1.a(toa.o)
 .debug_loc     0x0000000000007188      0x425 layer1/liblayer1.a(sync.o)
 .debug_loc     0x00000000000075ad      0x4e0 layer1/liblayer1.a(tdma_sched.o)
 .debug_loc     0x0000000000007a8d      0x292 layer1/liblayer1.a(tpu_window.o)
 .debug_loc     0x0000000000007d1f      0x1a0 layer1/liblayer1.a(rfch.o)
 .debug_loc     0x0000000000007ebf       0x6e layer1/liblayer1.a(avg.o)
 .debug_loc     0x0000000000007f2d     0x1603 lib/libmini.a(vsprintf.o)
 .debug_loc     0x0000000000009530       0x8b lib/libmini.a(string.o)
 .debug_loc     0x00000000000095bb       0x4a lib/libmini.a(printf.o)
 .debug_loc     0x0000000000009605      0x23b lib/libmini.a(console.o)
 .debug_loc     0x0000000000009840       0x7b lib/libmini.a(ctors.o)
 .debug_loc     0x00000000000098bb       0xa9 lib/libmini.a(delay.o)
 .debug_loc     0x0000000000009964      0x2fc comm/libcomm.a(sercomm.o)
 .debug_loc     0x0000000000009c60      0x2ea comm/libcomm.a(sercomm_cons.o)
 .debug_loc     0x0000000000009f4a      0x291 comm/libcomm.a(timer.o)
 .debug_loc     0x000000000000a1db      0x145 tiffs/libtiffs.a(init.o)
 .debug_loc     0x000000000000a320      0x704 calypso/libcalypso.a(dsp.o)
 .debug_loc     0x000000000000aa24       0x77 comm/libcomm.a(msgb.o)

.debug_pubnames
                0x0000000000000000     0x1d5f
 .debug_pubnames
                0x0000000000000000       0x22 apps/layer1/main.o
 .debug_pubnames
                0x0000000000000022      0x16b abb/twl3025.o
 .debug_pubnames
                0x000000000000018d      0x164 rf/trf6151.o
 .debug_pubnames
                0x00000000000002f1       0xb7 flash/cfi_flash.o
 .debug_pubnames
                0x00000000000003a8       0x70 board/common/tx_calchan.o
 .debug_pubnames
                0x0000000000000418       0xd6 board/compal/rffe_dualband.o
 .debug_pubnames
                0x00000000000004ee       0x90 board/compal/rf_tables.o
 .debug_pubnames
                0x000000000000057e       0x32 board/compal/readcal_common.o
 .debug_pubnames
                0x00000000000005b0       0x21 board/compal_e88/init.o
 .debug_pubnames
                0x00000000000005d1       0x32 board/compal/readcal_small.o
 .debug_pubnames
                0x0000000000000603       0x73 board/compal_e88/tx_ramps.o
 .debug_pubnames
                0x0000000000000676       0x57 battery/compal_e88.o
 .debug_pubnames
                0x00000000000006cd       0x34 fb/font.o
 .debug_pubnames
                0x0000000000000701       0x23 fb/helvR08.o
 .debug_pubnames
                0x0000000000000724       0x23 fb/helvB14.o
 .debug_pubnames
                0x0000000000000747       0x1f fb/c64.o
 .debug_pubnames
                0x0000000000000766       0x23 fb/symbols.o
 .debug_pubnames
                0x0000000000000789       0x91 fb/fb_bw8.o
 .debug_pubnames
                0x000000000000081a       0x2d fb/fb_st7558.o
 .debug_pubnames
                0x0000000000000847       0x6d board/compal_e88/layer1.compalram.manifest.o
 .debug_pubnames
                0x00000000000008b4       0xd0 calypso/libcalypso.a(clock.o)
 .debug_pubnames
                0x0000000000000984       0x1f calypso/libcalypso.a(dma.o)
 .debug_pubnames
                0x00000000000009a3       0x2d calypso/libcalypso.a(i2c.o)
 .debug_pubnames
                0x00000000000009d0       0x95 calypso/libcalypso.a(irq.o)
 .debug_pubnames
                0x0000000000000a65       0x1f calypso/libcalypso.a(rtc.o)
 .debug_pubnames
                0x0000000000000a84       0xe9 calypso/libcalypso.a(sim.o)
 .debug_pubnames
                0x0000000000000b6d       0x2c calypso/libcalypso.a(spi.o)
 .debug_pubnames
                0x0000000000000b99      0x12d calypso/libcalypso.a(tpu.o)
 .debug_pubnames
                0x0000000000000cc6       0x9a calypso/libcalypso.a(tsp.o)
 .debug_pubnames
                0x0000000000000d60       0x8a calypso/libcalypso.a(keypad.o)
 .debug_pubnames
                0x0000000000000dea       0x41 calypso/libcalypso.a(misc.o)
 .debug_pubnames
                0x0000000000000e2b       0x8a calypso/libcalypso.a(timer.o)
 .debug_pubnames
                0x0000000000000eb5       0x2f calypso/libcalypso.a(backlight.o)
 .debug_pubnames
                0x0000000000000ee4       0xa3 calypso/libcalypso.a(uart.o)
 .debug_pubnames
                0x0000000000000f87       0x47 calypso/libcalypso.a(arm.o)
 .debug_pubnames
                0x0000000000000fce       0x22 layer1/liblayer1.a(init.o)
 .debug_pubnames
                0x0000000000000ff0       0xac layer1/liblayer1.a(l23_api.o)
 .debug_pubnames
                0x000000000000109c       0x83 layer1/liblayer1.a(mframe_sched.o)
 .debug_pubnames
                0x000000000000111f       0x6d layer1/liblayer1.a(sched_gsmtime.o)
 .debug_pubnames
                0x000000000000118c      0x110 layer1/liblayer1.a(async.o)
 .debug_pubnames
                0x000000000000129c       0x39 layer1/liblayer1.a(prim_pm.o)
 .debug_pubnames
                0x00000000000012d5       0x47 layer1/liblayer1.a(prim_rach.o)
 .debug_pubnames
                0x000000000000131c       0x36 layer1/liblayer1.a(prim_tx_nb.o)
 .debug_pubnames
                0x0000000000001352       0x23 layer1/liblayer1.a(prim_rx_nb.o)
 .debug_pubnames
                0x0000000000001375       0x33 layer1/liblayer1.a(prim_fbsb.o)
 .debug_pubnames
                0x00000000000013a8       0x36 layer1/liblayer1.a(prim_freq.o)
 .debug_pubnames
                0x00000000000013de       0x55 layer1/liblayer1.a(prim_utils.o)
 .debug_pubnames
                0x0000000000001433       0x4c layer1/liblayer1.a(prim_tch.o)
 .debug_pubnames
                0x000000000000147f       0x3c layer1/liblayer1.a(agc.o)
 .debug_pubnames
                0x00000000000014bb       0x4f layer1/liblayer1.a(afc.o)
 .debug_pubnames
                0x000000000000150a       0x2e layer1/liblayer1.a(toa.o)
 .debug_pubnames
                0x0000000000001538       0xeb layer1/liblayer1.a(sync.o)
 .debug_pubnames
                0x0000000000001623       0xbb layer1/liblayer1.a(tdma_sched.o)
 .debug_pubnames
                0x00000000000016de       0x60 layer1/liblayer1.a(tpu_window.o)
 .debug_pubnames
                0x000000000000173e       0x26 layer1/liblayer1.a(rfch.o)
 .debug_pubnames
                0x0000000000001764       0x3b layer1/liblayer1.a(avg.o)
 .debug_pubnames
                0x000000000000179f       0xb3 lib/libmini.a(vsprintf.o)
 .debug_pubnames
                0x0000000000001852       0x29 lib/libmini.a(string.o)
 .debug_pubnames
                0x000000000000187b       0x1d lib/libmini.a(ctype.o)
 .debug_pubnames
                0x0000000000001898       0x1d lib/libmini.a(printf.o)
 .debug_pubnames
                0x00000000000018b5       0x89 lib/libmini.a(console.o)
 .debug_pubnames
                0x000000000000193e       0x26 lib/libmini.a(ctors.o)
 .debug_pubnames
                0x0000000000001964       0x2c lib/libmini.a(delay.o)
 .debug_pubnames
                0x0000000000001990       0xdd comm/libcomm.a(sercomm.o)
 .debug_pubnames
                0x0000000000001a6d       0x37 comm/libcomm.a(sercomm_cons.o)
 .debug_pubnames
                0x0000000000001aa4       0xaf comm/libcomm.a(timer.o)
 .debug_pubnames
                0x0000000000001b53       0x21 tiffs/libtiffs.a(init.o)
 .debug_pubnames
                0x0000000000001b74       0x8d tiffs/libtiffs.a(globals.o)
 .debug_pubnames
                0x0000000000001c01      0x12b calypso/libcalypso.a(dsp.o)
 .debug_pubnames
                0x0000000000001d2c       0x33 comm/libcomm.a(msgb.o)

.debug_pubtypes
                0x0000000000000000     0x3158
 .debug_pubtypes
                0x0000000000000000       0x8f apps/layer1/main.o
 .debug_pubtypes
                0x000000000000008f       0xc2 abb/twl3025.o
 .debug_pubtypes
                0x0000000000000151       0xa3 rf/trf6151.o
 .debug_pubtypes
                0x00000000000001f4      0x109 flash/cfi_flash.o
 .debug_pubtypes
                0x00000000000002fd       0x3e board/common/tx_calchan.o
 .debug_pubtypes
                0x000000000000033b       0x5f board/compal/rffe_dualband.o
 .debug_pubtypes
                0x000000000000039a       0x4a board/compal/rf_tables.o
 .debug_pubtypes
                0x00000000000003e4       0x5a board/compal/readcal_common.o
 .debug_pubtypes
                0x000000000000043e       0xce board/compal_e88/init.o
 .debug_pubtypes
                0x000000000000050c       0x12 board/compal/readcal_small.o
 .debug_pubtypes
                0x000000000000051e       0x31 board/compal_e88/tx_ramps.o
 .debug_pubtypes
                0x000000000000054f      0x139 battery/compal_e88.o
 .debug_pubtypes
                0x0000000000000688       0x4b fb/framebuffer.o
 .debug_pubtypes
                0x00000000000006d3       0x4e fb/font.o
 .debug_pubtypes
                0x0000000000000721       0x42 fb/helvR08.o
 .debug_pubtypes
                0x0000000000000763       0x42 fb/helvB14.o
 .debug_pubtypes
                0x00000000000007a5       0x42 fb/c64.o
 .debug_pubtypes
                0x00000000000007e7       0x42 fb/symbols.o
 .debug_pubtypes
                0x0000000000000829       0x91 fb/fb_bw8.o
 .debug_pubtypes
                0x00000000000008ba       0x72 fb/fb_st7558.o
 .debug_pubtypes
                0x000000000000092c       0x97 calypso/libcalypso.a(clock.o)
 .debug_pubtypes
                0x00000000000009c3       0x1e calypso/libcalypso.a(dma.o)
 .debug_pubtypes
                0x00000000000009e1       0x37 calypso/libcalypso.a(i2c.o)
 .debug_pubtypes
                0x0000000000000a18       0x6a calypso/libcalypso.a(irq.o)
 .debug_pubtypes
                0x0000000000000a82       0x29 calypso/libcalypso.a(rtc.o)
 .debug_pubtypes
                0x0000000000000aab       0x6c calypso/libcalypso.a(sim.o)
 .debug_pubtypes
                0x0000000000000b17       0x45 calypso/libcalypso.a(spi.o)
 .debug_pubtypes
                0x0000000000000b5c       0x89 calypso/libcalypso.a(tpu.o)
 .debug_pubtypes
                0x0000000000000be5       0x6a calypso/libcalypso.a(tsp.o)
 .debug_pubtypes
                0x0000000000000c4f       0x72 calypso/libcalypso.a(keypad.o)
 .debug_pubtypes
                0x0000000000000cc1       0x12 calypso/libcalypso.a(misc.o)
 .debug_pubtypes
                0x0000000000000cd3       0x6d calypso/libcalypso.a(timer.o)
 .debug_pubtypes
                0x0000000000000d40       0x37 calypso/libcalypso.a(backlight.o)
 .debug_pubtypes
                0x0000000000000d77       0x7c calypso/libcalypso.a(uart.o)
 .debug_pubtypes
                0x0000000000000df3       0x40 layer1/liblayer1.a(init.o)
 .debug_pubtypes